*** Warning: The configured compiler version '5.06 update 7 (build 960)' does not support the selected User Based Licensing technology.
*** Using Compiler 'V5.06 update 7 (build 960)', folder: 'E:\Keil_v5\ARM\ARMCC\Bin'
Build target 'Target_1'
compiling mcs_pwm_foc.c...
compiling manage.c...
compiling app_height.c...
compiling app_uart_comm.c...
compiling mcs_init.c...
compiling mcs_motor.c...
compiling user_app.c...
src\user\user_app.c(9): warning:  #177-D: variable "i"  was declared but never referenced
      uint16_t i;
src\user\user_app.c(14): warning:  #177-D: function "User_App_DispatchUartCommand"  was declared but never referenced
  static void User_App_DispatchUartCommand(void)
src\user\user_app.c: 2 warnings, 0 errors
compiling mcs_foc_hw.c...
compiling mcs_hall.c...
compiling mcs_error_handling.c...
compiling mcs_control.c...
src\mcs\mcs_control.c(9): warning:  #177-D: function "Motor_LimitS32"  was declared but never referenced
  static s32 Motor_LimitS32(s32 value, s32 min, s32 max)
src\mcs\mcs_control.c: 1 warning, 0 errors
compiling mcs_task.c...
src\mcs\mcs_task.c(8): warning:  #177-D: variable "i"  was declared but never referenced
      uint16_t i;
src\mcs\mcs_task.c: 1 warning, 0 errors
compiling main.c...
src\user\main.c(24): warning:  #177-D: variable "tick"  was declared but never referenced
      TASK_TICK tick;
src\user\main.c: 1 warning, 0 errors
compiling app_control.c...
compiling hardware_init.c...
compiling mcs_math.c...
compiling interrupt.c...
compiling sensorless_ctrl.c...
linking...
Program Size: Code=7730 RO-data=766 RW-data=144 ZI-data=1240  
FromELF: creating hex file...
".\Objects\mc_my.axf" - 0 Error(s), 5 Warning(s).
Build Time Elapsed:  00:00:04
