<!doctype html public "-//w3c//dtd html 4.0 transitional//en">
<html><head>
<title>Static Call Graph - [.\Objects\mc_my.axf]</title></head>
<body><HR>
<H1>Static Call Graph for image .\Objects\mc_my.axf</H1><HR>
<BR><P>#&#060CALLGRAPH&#062# ARM Linker, 5060960: Last Updated: Thu Jul 16 17:34:44 2026
<BR><P>
<H3>Maximum Stack Usage =        288 bytes + Unknown(Cycles, Untraceable Function Pointers)</H3><H3>
Call chain for Maximum Stack Depth:</H3>
ADC_IRQHandler &rArr; AdcEocHandler &rArr; AdcSampleCal &rArr; Motor_CurrentLoopRun &rArr; control_current &rArr; __aeabi_lmul &rArr; __aeabi_llsl
<P>
<H3>
Mutually Recursive functions
</H3> <LI><a href="#[1]">NMI_Handler</a>&nbsp;&nbsp;&nbsp;&rArr;&nbsp;&nbsp;&nbsp;<a href="#[1]">NMI_Handler</a><BR>
 <LI><a href="#[3]">SVC_Handler</a>&nbsp;&nbsp;&nbsp;&rArr;&nbsp;&nbsp;&nbsp;<a href="#[3]">SVC_Handler</a><BR>
 <LI><a href="#[4]">PendSV_Handler</a>&nbsp;&nbsp;&nbsp;&rArr;&nbsp;&nbsp;&nbsp;<a href="#[4]">PendSV_Handler</a><BR>
 <LI><a href="#[5]">SysTick_Handler</a>&nbsp;&nbsp;&nbsp;&rArr;&nbsp;&nbsp;&nbsp;<a href="#[5]">SysTick_Handler</a><BR>
 <LI><a href="#[11]">DMA_IRQHandler</a>&nbsp;&nbsp;&nbsp;&rArr;&nbsp;&nbsp;&nbsp;<a href="#[11]">DMA_IRQHandler</a><BR>
</UL>
<P>
<H3>
Function Pointers
</H3><UL>
 <LI><a href="#[10]">ADC_IRQHandler</a> from interrupt.o(i.ADC_IRQHandler) referenced from startup_lks32mc03x.o(RESET)
 <LI><a href="#[f]">CMP_IRQHandler</a> from interrupt.o(i.CMP_IRQHandler) referenced from startup_lks32mc03x.o(RESET)
 <LI><a href="#[11]">DMA_IRQHandler</a> from startup_lks32mc03x.o(.text) referenced from startup_lks32mc03x.o(RESET)
 <LI><a href="#[c]">GPIO_IRQHandler</a> from startup_lks32mc03x.o(.text) referenced from startup_lks32mc03x.o(RESET)
 <LI><a href="#[d]">HALL_IRQHandler</a> from startup_lks32mc03x.o(.text) referenced from startup_lks32mc03x.o(RESET)
 <LI><a href="#[2]">HardFault_Handler</a> from interrupt.o(i.HardFault_Handler) referenced from startup_lks32mc03x.o(RESET)
 <LI><a href="#[a]">I2C_IRQHandler</a> from startup_lks32mc03x.o(.text) referenced from startup_lks32mc03x.o(RESET)
 <LI><a href="#[8]">MCPWM0_IRQHandler</a> from interrupt.o(i.MCPWM0_IRQHandler) referenced from startup_lks32mc03x.o(RESET)
 <LI><a href="#[9]">MCPWM1_IRQHandler</a> from startup_lks32mc03x.o(.text) referenced from startup_lks32mc03x.o(RESET)
 <LI><a href="#[1]">NMI_Handler</a> from startup_lks32mc03x.o(.text) referenced from startup_lks32mc03x.o(RESET)
 <LI><a href="#[4]">PendSV_Handler</a> from startup_lks32mc03x.o(.text) referenced from startup_lks32mc03x.o(RESET)
 <LI><a href="#[0]">Reset_Handler</a> from startup_lks32mc03x.o(.text) referenced from startup_lks32mc03x.o(RESET)
 <LI><a href="#[b]">SPI_IRQHandler</a> from startup_lks32mc03x.o(.text) referenced from startup_lks32mc03x.o(RESET)
 <LI><a href="#[3]">SVC_Handler</a> from startup_lks32mc03x.o(.text) referenced from startup_lks32mc03x.o(RESET)
 <LI><a href="#[13]">SW_IRQHandler</a> from startup_lks32mc03x.o(.text) referenced from startup_lks32mc03x.o(RESET)
 <LI><a href="#[5]">SysTick_Handler</a> from startup_lks32mc03x.o(.text) referenced from startup_lks32mc03x.o(RESET)
 <LI><a href="#[15]">SystemInit</a> from hardware_init.o(i.SystemInit) referenced from startup_lks32mc03x.o(.text)
 <LI><a href="#[6]">TIMER0_IRQHandler</a> from startup_lks32mc03x.o(.text) referenced from startup_lks32mc03x.o(RESET)
 <LI><a href="#[7]">TIMER1_IRQHandler</a> from startup_lks32mc03x.o(.text) referenced from startup_lks32mc03x.o(RESET)
 <LI><a href="#[e]">UART_IRQHandler</a> from interrupt.o(i.UART_IRQHandler) referenced from startup_lks32mc03x.o(RESET)
 <LI><a href="#[12]">WAKE_IRQHandler</a> from startup_lks32mc03x.o(.text) referenced from startup_lks32mc03x.o(RESET)
 <LI><a href="#[16]">__main</a> from entry.o(.ARM.Collect$$$$00000000) referenced from startup_lks32mc03x.o(.text)
 <LI><a href="#[14]">main</a> from main.o(i.main) referenced from entry9a.o(.ARM.Collect$$$$0000000B)
</UL>
<P>
<H3>
Global Symbols
</H3>
<P><STRONG><a name="[16]"></a>__main</STRONG> (Thumb, 0 bytes, Stack size unknown bytes, entry.o(.ARM.Collect$$$$00000000))
<BR>[Address Reference Count : 1]<UL><LI> startup_lks32mc03x.o(.text)
</UL>
<P><STRONG><a name="[85]"></a>_main_stk</STRONG> (Thumb, 0 bytes, Stack size unknown bytes, entry2.o(.ARM.Collect$$$$00000001))

<P><STRONG><a name="[17]"></a>_main_scatterload</STRONG> (Thumb, 0 bytes, Stack size unknown bytes, entry5.o(.ARM.Collect$$$$00000004))
<BR><BR>[Calls]<UL><LI><a href="#[18]">&gt;&gt;</a>&nbsp;&nbsp;&nbsp;__scatterload
</UL>

<P><STRONG><a name="[25]"></a>__main_after_scatterload</STRONG> (Thumb, 0 bytes, Stack size unknown bytes, entry5.o(.ARM.Collect$$$$00000004))
<BR><BR>[Called By]<UL><LI><a href="#[18]">&gt;&gt;</a>&nbsp;&nbsp;&nbsp;__scatterload
</UL>

<P><STRONG><a name="[86]"></a>_main_clock</STRONG> (Thumb, 0 bytes, Stack size unknown bytes, entry7b.o(.ARM.Collect$$$$00000008))

<P><STRONG><a name="[87]"></a>_main_cpp_init</STRONG> (Thumb, 0 bytes, Stack size unknown bytes, entry8b.o(.ARM.Collect$$$$0000000A))

<P><STRONG><a name="[88]"></a>_main_init</STRONG> (Thumb, 0 bytes, Stack size unknown bytes, entry9a.o(.ARM.Collect$$$$0000000B))

<P><STRONG><a name="[19]"></a>__rt_lib_shutdown_fini</STRONG> (Thumb, 0 bytes, Stack size unknown bytes, entry12b.o(.ARM.Collect$$$$0000000E))
<BR><BR>[Calls]<UL><LI><a href="#[1a]">&gt;&gt;</a>&nbsp;&nbsp;&nbsp;__arm_fini_ (Weak Reference)
</UL>

<P><STRONG><a name="[89]"></a>__rt_final_cpp</STRONG> (Thumb, 0 bytes, Stack size unknown bytes, entry10a.o(.ARM.Collect$$$$0000000F))

<P><STRONG><a name="[8a]"></a>__rt_final_exit</STRONG> (Thumb, 0 bytes, Stack size unknown bytes, entry11a.o(.ARM.Collect$$$$00000011))

<P><STRONG><a name="[0]"></a>Reset_Handler</STRONG> (Thumb, 14 bytes, Stack size 0 bytes, startup_lks32mc03x.o(.text))
<BR>[Address Reference Count : 1]<UL><LI> startup_lks32mc03x.o(RESET)
</UL>
<P><STRONG><a name="[1]"></a>NMI_Handler</STRONG> (Thumb, 2 bytes, Stack size 0 bytes, startup_lks32mc03x.o(.text))
<BR><BR>[Calls]<UL><LI><a href="#[1]">&gt;&gt;</a>&nbsp;&nbsp;&nbsp;NMI_Handler
</UL>
<BR>[Called By]<UL><LI><a href="#[1]">&gt;&gt;</a>&nbsp;&nbsp;&nbsp;NMI_Handler
</UL>
<BR>[Address Reference Count : 1]<UL><LI> startup_lks32mc03x.o(RESET)
</UL>
<P><STRONG><a name="[3]"></a>SVC_Handler</STRONG> (Thumb, 2 bytes, Stack size 0 bytes, startup_lks32mc03x.o(.text))
<BR><BR>[Calls]<UL><LI><a href="#[3]">&gt;&gt;</a>&nbsp;&nbsp;&nbsp;SVC_Handler
</UL>
<BR>[Called By]<UL><LI><a href="#[3]">&gt;&gt;</a>&nbsp;&nbsp;&nbsp;SVC_Handler
</UL>
<BR>[Address Reference Count : 1]<UL><LI> startup_lks32mc03x.o(RESET)
</UL>
<P><STRONG><a name="[4]"></a>PendSV_Handler</STRONG> (Thumb, 2 bytes, Stack size 0 bytes, startup_lks32mc03x.o(.text))
<BR><BR>[Calls]<UL><LI><a href="#[4]">&gt;&gt;</a>&nbsp;&nbsp;&nbsp;PendSV_Handler
</UL>
<BR>[Called By]<UL><LI><a href="#[4]">&gt;&gt;</a>&nbsp;&nbsp;&nbsp;PendSV_Handler
</UL>
<BR>[Address Reference Count : 1]<UL><LI> startup_lks32mc03x.o(RESET)
</UL>
<P><STRONG><a name="[5]"></a>SysTick_Handler</STRONG> (Thumb, 2 bytes, Stack size 0 bytes, startup_lks32mc03x.o(.text))
<BR><BR>[Calls]<UL><LI><a href="#[5]">&gt;&gt;</a>&nbsp;&nbsp;&nbsp;SysTick_Handler
</UL>
<BR>[Called By]<UL><LI><a href="#[5]">&gt;&gt;</a>&nbsp;&nbsp;&nbsp;SysTick_Handler
</UL>
<BR>[Address Reference Count : 1]<UL><LI> startup_lks32mc03x.o(RESET)
</UL>
<P><STRONG><a name="[11]"></a>DMA_IRQHandler</STRONG> (Thumb, 0 bytes, Stack size 0 bytes, startup_lks32mc03x.o(.text))
<BR><BR>[Calls]<UL><LI><a href="#[11]">&gt;&gt;</a>&nbsp;&nbsp;&nbsp;DMA_IRQHandler
</UL>
<BR>[Called By]<UL><LI><a href="#[11]">&gt;&gt;</a>&nbsp;&nbsp;&nbsp;DMA_IRQHandler
</UL>
<BR>[Address Reference Count : 1]<UL><LI> startup_lks32mc03x.o(RESET)
</UL>
<P><STRONG><a name="[c]"></a>GPIO_IRQHandler</STRONG> (Thumb, 0 bytes, Stack size 0 bytes, startup_lks32mc03x.o(.text))
<BR>[Address Reference Count : 1]<UL><LI> startup_lks32mc03x.o(RESET)
</UL>
<P><STRONG><a name="[d]"></a>HALL_IRQHandler</STRONG> (Thumb, 0 bytes, Stack size 0 bytes, startup_lks32mc03x.o(.text))
<BR>[Address Reference Count : 1]<UL><LI> startup_lks32mc03x.o(RESET)
</UL>
<P><STRONG><a name="[a]"></a>I2C_IRQHandler</STRONG> (Thumb, 0 bytes, Stack size 0 bytes, startup_lks32mc03x.o(.text))
<BR>[Address Reference Count : 1]<UL><LI> startup_lks32mc03x.o(RESET)
</UL>
<P><STRONG><a name="[9]"></a>MCPWM1_IRQHandler</STRONG> (Thumb, 0 bytes, Stack size 0 bytes, startup_lks32mc03x.o(.text))
<BR>[Address Reference Count : 1]<UL><LI> startup_lks32mc03x.o(RESET)
</UL>
<P><STRONG><a name="[b]"></a>SPI_IRQHandler</STRONG> (Thumb, 0 bytes, Stack size 0 bytes, startup_lks32mc03x.o(.text))
<BR>[Address Reference Count : 1]<UL><LI> startup_lks32mc03x.o(RESET)
</UL>
<P><STRONG><a name="[13]"></a>SW_IRQHandler</STRONG> (Thumb, 0 bytes, Stack size 0 bytes, startup_lks32mc03x.o(.text))
<BR>[Address Reference Count : 1]<UL><LI> startup_lks32mc03x.o(RESET)
</UL>
<P><STRONG><a name="[6]"></a>TIMER0_IRQHandler</STRONG> (Thumb, 0 bytes, Stack size 0 bytes, startup_lks32mc03x.o(.text))
<BR>[Address Reference Count : 1]<UL><LI> startup_lks32mc03x.o(RESET)
</UL>
<P><STRONG><a name="[7]"></a>TIMER1_IRQHandler</STRONG> (Thumb, 0 bytes, Stack size 0 bytes, startup_lks32mc03x.o(.text))
<BR>[Address Reference Count : 1]<UL><LI> startup_lks32mc03x.o(RESET)
</UL>
<P><STRONG><a name="[12]"></a>WAKE_IRQHandler</STRONG> (Thumb, 0 bytes, Stack size 0 bytes, startup_lks32mc03x.o(.text))
<BR>[Address Reference Count : 1]<UL><LI> startup_lks32mc03x.o(RESET)
</UL>
<P><STRONG><a name="[8b]"></a>__aeabi_uidiv</STRONG> (Thumb, 0 bytes, Stack size 12 bytes, uidiv.o(.text), UNUSED)

<P><STRONG><a name="[1c]"></a>__aeabi_uidivmod</STRONG> (Thumb, 44 bytes, Stack size 12 bytes, uidiv.o(.text))
<BR><BR>[Stack]<UL><LI>Max Depth = 12<LI>Call Chain = __aeabi_uidivmod
</UL>
<BR>[Called By]<UL><LI><a href="#[4b]">&gt;&gt;</a>&nbsp;&nbsp;&nbsp;DirectionTest_UpdateOpenloopSpeed
<LI><a href="#[1b]">&gt;&gt;</a>&nbsp;&nbsp;&nbsp;__aeabi_idivmod
</UL>

<P><STRONG><a name="[8c]"></a>__aeabi_idiv</STRONG> (Thumb, 0 bytes, Stack size 16 bytes, idiv.o(.text), UNUSED)

<P><STRONG><a name="[1b]"></a>__aeabi_idivmod</STRONG> (Thumb, 40 bytes, Stack size 16 bytes, idiv.o(.text))
<BR><BR>[Stack]<UL><LI>Max Depth = 28<LI>Call Chain = __aeabi_idivmod &rArr; __aeabi_uidivmod
</UL>
<BR>[Calls]<UL><LI><a href="#[1c]">&gt;&gt;</a>&nbsp;&nbsp;&nbsp;__aeabi_uidivmod
</UL>
<BR>[Called By]<UL><LI><a href="#[7e]">&gt;&gt;</a>&nbsp;&nbsp;&nbsp;observer_div_1000
<LI><a href="#[6d]">&gt;&gt;</a>&nbsp;&nbsp;&nbsp;Motor_WriteAlphaBetaVector
<LI><a href="#[65]">&gt;&gt;</a>&nbsp;&nbsp;&nbsp;Motor_DirectionTest_Task
<LI><a href="#[33]">&gt;&gt;</a>&nbsp;&nbsp;&nbsp;foc_observer_update
</UL>

<P><STRONG><a name="[1d]"></a>__aeabi_ldivmod</STRONG> (Thumb, 76 bytes, Stack size 24 bytes, ldiv.o(.text))
<BR><BR>[Stack]<UL><LI>Max Depth = 80<LI>Call Chain = __aeabi_ldivmod &rArr; __aeabi_uldivmod &rArr; __aeabi_llsr
</UL>
<BR>[Calls]<UL><LI><a href="#[1e]">&gt;&gt;</a>&nbsp;&nbsp;&nbsp;__aeabi_uldivmod
</UL>
<BR>[Called By]<UL><LI><a href="#[6c]">&gt;&gt;</a>&nbsp;&nbsp;&nbsp;Motor_PwmOffsetToModQ15
<LI><a href="#[77]">&gt;&gt;</a>&nbsp;&nbsp;&nbsp;UART_Init
</UL>

<P><STRONG><a name="[1f]"></a>__aeabi_lmul</STRONG> (Thumb, 122 bytes, Stack size 64 bytes, llmul.o(.text))
<BR><BR>[Stack]<UL><LI>Max Depth = 72<LI>Call Chain = __aeabi_lmul &rArr; __aeabi_llsl
</UL>
<BR>[Calls]<UL><LI><a href="#[20]">&gt;&gt;</a>&nbsp;&nbsp;&nbsp;__aeabi_llsl
</UL>
<BR>[Called By]<UL><LI><a href="#[33]">&gt;&gt;</a>&nbsp;&nbsp;&nbsp;foc_observer_update
<LI><a href="#[66]">&gt;&gt;</a>&nbsp;&nbsp;&nbsp;control_current
</UL>

<P><STRONG><a name="[8d]"></a>_ll_mul</STRONG> (Thumb, 0 bytes, Stack size 64 bytes, llmul.o(.text), UNUSED)

<P><STRONG><a name="[22]"></a>__aeabi_memset</STRONG> (Thumb, 14 bytes, Stack size 0 bytes, memseta.o(.text))
<BR><BR>[Called By]<UL><LI><a href="#[23]">&gt;&gt;</a>&nbsp;&nbsp;&nbsp;_memset$wrapper
<LI><a href="#[21]">&gt;&gt;</a>&nbsp;&nbsp;&nbsp;__aeabi_memclr
</UL>

<P><STRONG><a name="[8e]"></a>__aeabi_memset4</STRONG> (Thumb, 0 bytes, Stack size 0 bytes, memseta.o(.text), UNUSED)

<P><STRONG><a name="[8f]"></a>__aeabi_memset8</STRONG> (Thumb, 0 bytes, Stack size 0 bytes, memseta.o(.text), UNUSED)

<P><STRONG><a name="[21]"></a>__aeabi_memclr</STRONG> (Thumb, 4 bytes, Stack size 0 bytes, memseta.o(.text))
<BR><BR>[Calls]<UL><LI><a href="#[22]">&gt;&gt;</a>&nbsp;&nbsp;&nbsp;__aeabi_memset
</UL>
<BR>[Called By]<UL><LI><a href="#[61]">&gt;&gt;</a>&nbsp;&nbsp;&nbsp;MCPWM_StructInit
<LI><a href="#[44]">&gt;&gt;</a>&nbsp;&nbsp;&nbsp;DAC_StructInit
</UL>

<P><STRONG><a name="[90]"></a>__aeabi_memclr4</STRONG> (Thumb, 0 bytes, Stack size 0 bytes, memseta.o(.text), UNUSED)

<P><STRONG><a name="[91]"></a>__aeabi_memclr8</STRONG> (Thumb, 0 bytes, Stack size 0 bytes, memseta.o(.text), UNUSED)

<P><STRONG><a name="[23]"></a>_memset$wrapper</STRONG> (Thumb, 18 bytes, Stack size 8 bytes, memseta.o(.text), UNUSED)
<BR><BR>[Calls]<UL><LI><a href="#[22]">&gt;&gt;</a>&nbsp;&nbsp;&nbsp;__aeabi_memset
</UL>

<P><STRONG><a name="[1e]"></a>__aeabi_uldivmod</STRONG> (Thumb, 96 bytes, Stack size 48 bytes, uldiv.o(.text))
<BR><BR>[Stack]<UL><LI>Max Depth = 56<LI>Call Chain = __aeabi_uldivmod &rArr; __aeabi_llsr
</UL>
<BR>[Calls]<UL><LI><a href="#[24]">&gt;&gt;</a>&nbsp;&nbsp;&nbsp;__aeabi_llsr
<LI><a href="#[20]">&gt;&gt;</a>&nbsp;&nbsp;&nbsp;__aeabi_llsl
</UL>
<BR>[Called By]<UL><LI><a href="#[1d]">&gt;&gt;</a>&nbsp;&nbsp;&nbsp;__aeabi_ldivmod
</UL>

<P><STRONG><a name="[20]"></a>__aeabi_llsl</STRONG> (Thumb, 32 bytes, Stack size 8 bytes, llshl.o(.text))
<BR><BR>[Stack]<UL><LI>Max Depth = 8<LI>Call Chain = __aeabi_llsl
</UL>
<BR>[Called By]<UL><LI><a href="#[1e]">&gt;&gt;</a>&nbsp;&nbsp;&nbsp;__aeabi_uldivmod
<LI><a href="#[1f]">&gt;&gt;</a>&nbsp;&nbsp;&nbsp;__aeabi_lmul
</UL>

<P><STRONG><a name="[92]"></a>_ll_shift_l</STRONG> (Thumb, 0 bytes, Stack size 8 bytes, llshl.o(.text), UNUSED)

<P><STRONG><a name="[18]"></a>__scatterload</STRONG> (Thumb, 28 bytes, Stack size 0 bytes, init.o(.text))
<BR><BR>[Calls]<UL><LI><a href="#[25]">&gt;&gt;</a>&nbsp;&nbsp;&nbsp;__main_after_scatterload
</UL>
<BR>[Called By]<UL><LI><a href="#[17]">&gt;&gt;</a>&nbsp;&nbsp;&nbsp;_main_scatterload
</UL>

<P><STRONG><a name="[93]"></a>__scatterload_rt2</STRONG> (Thumb, 0 bytes, Stack size 0 bytes, init.o(.text), UNUSED)

<P><STRONG><a name="[24]"></a>__aeabi_llsr</STRONG> (Thumb, 34 bytes, Stack size 8 bytes, llushr.o(.text))
<BR><BR>[Stack]<UL><LI>Max Depth = 8<LI>Call Chain = __aeabi_llsr
</UL>
<BR>[Called By]<UL><LI><a href="#[1e]">&gt;&gt;</a>&nbsp;&nbsp;&nbsp;__aeabi_uldivmod
</UL>

<P><STRONG><a name="[94]"></a>_ll_ushift_r</STRONG> (Thumb, 0 bytes, Stack size 8 bytes, llushr.o(.text), UNUSED)

<P><STRONG><a name="[10]"></a>ADC_IRQHandler</STRONG> (Thumb, 116 bytes, Stack size 16 bytes, interrupt.o(i.ADC_IRQHandler))
<BR><BR>[Stack]<UL><LI>Max Depth = 288<LI>Call Chain = ADC_IRQHandler &rArr; AdcEocHandler &rArr; AdcSampleCal &rArr; Motor_CurrentLoopRun &rArr; control_current &rArr; __aeabi_lmul &rArr; __aeabi_llsl
</UL>
<BR>[Calls]<UL><LI><a href="#[29]">&gt;&gt;</a>&nbsp;&nbsp;&nbsp;Task_vTickTimerEvent
<LI><a href="#[2b]">&gt;&gt;</a>&nbsp;&nbsp;&nbsp;StopMotorImmdly
<LI><a href="#[26]">&gt;&gt;</a>&nbsp;&nbsp;&nbsp;GPIO_SetBits
<LI><a href="#[2a]">&gt;&gt;</a>&nbsp;&nbsp;&nbsp;GPIO_ResetBits
<LI><a href="#[28]">&gt;&gt;</a>&nbsp;&nbsp;&nbsp;AdcEocHandler
<LI><a href="#[27]">&gt;&gt;</a>&nbsp;&nbsp;&nbsp;FeedDogcmd
</UL>
<BR>[Address Reference Count : 1]<UL><LI> startup_lks32mc03x.o(RESET)
</UL>
<P><STRONG><a name="[28]"></a>AdcEocHandler</STRONG> (Thumb, 102 bytes, Stack size 24 bytes, mcs_foc_hw.o(i.AdcEocHandler))
<BR><BR>[Stack]<UL><LI>Max Depth = 272<LI>Call Chain = AdcEocHandler &rArr; AdcSampleCal &rArr; Motor_CurrentLoopRun &rArr; control_current &rArr; __aeabi_lmul &rArr; __aeabi_llsl
</UL>
<BR>[Calls]<UL><LI><a href="#[2e]">&gt;&gt;</a>&nbsp;&nbsp;&nbsp;__ARM_common_ll_mulss
<LI><a href="#[2d]">&gt;&gt;</a>&nbsp;&nbsp;&nbsp;PhaseCurrent_CheckFast
<LI><a href="#[2c]">&gt;&gt;</a>&nbsp;&nbsp;&nbsp;AdcSampleCal
<LI><a href="#[2f]">&gt;&gt;</a>&nbsp;&nbsp;&nbsp;FocHw_SatS16
</UL>
<BR>[Called By]<UL><LI><a href="#[10]">&gt;&gt;</a>&nbsp;&nbsp;&nbsp;ADC_IRQHandler
</UL>

<P><STRONG><a name="[2c]"></a>AdcSampleCal</STRONG> (Thumb, 454 bytes, Stack size 56 bytes, mcs_foc_hw.o(i.AdcSampleCal))
<BR><BR>[Stack]<UL><LI>Max Depth = 248<LI>Call Chain = AdcSampleCal &rArr; Motor_CurrentLoopRun &rArr; control_current &rArr; __aeabi_lmul &rArr; __aeabi_llsl
</UL>
<BR>[Calls]<UL><LI><a href="#[36]">&gt;&gt;</a>&nbsp;&nbsp;&nbsp;utils_truncate_number_abs
<LI><a href="#[37]">&gt;&gt;</a>&nbsp;&nbsp;&nbsp;utils_sqrt_u32
<LI><a href="#[35]">&gt;&gt;</a>&nbsp;&nbsp;&nbsp;utils_max_abs
<LI><a href="#[33]">&gt;&gt;</a>&nbsp;&nbsp;&nbsp;foc_observer_update
<LI><a href="#[34]">&gt;&gt;</a>&nbsp;&nbsp;&nbsp;Motor_GetSinCosQ15
<LI><a href="#[38]">&gt;&gt;</a>&nbsp;&nbsp;&nbsp;Motor_CurrentLoopRun
<LI><a href="#[2e]">&gt;&gt;</a>&nbsp;&nbsp;&nbsp;__ARM_common_ll_mulss
<LI><a href="#[2f]">&gt;&gt;</a>&nbsp;&nbsp;&nbsp;FocHw_SatS16
<LI><a href="#[32]">&gt;&gt;</a>&nbsp;&nbsp;&nbsp;FocHw_ModToVoltageMv
<LI><a href="#[31]">&gt;&gt;</a>&nbsp;&nbsp;&nbsp;FocHw_AdcToCurrentMa
<LI><a href="#[30]">&gt;&gt;</a>&nbsp;&nbsp;&nbsp;Motor_FocInit
</UL>
<BR>[Called By]<UL><LI><a href="#[28]">&gt;&gt;</a>&nbsp;&nbsp;&nbsp;AdcEocHandler
</UL>

<P><STRONG><a name="[f]"></a>CMP_IRQHandler</STRONG> (Thumb, 56 bytes, Stack size 12 bytes, interrupt.o(i.CMP_IRQHandler))
<BR><BR>[Stack]<UL><LI>Max Depth = 12<LI>Call Chain = CMP_IRQHandler
</UL>
<BR>[Address Reference Count : 1]<UL><LI> startup_lks32mc03x.o(RESET)
</UL>
<P><STRONG><a name="[39]"></a>CMP_Init</STRONG> (Thumb, 198 bytes, Stack size 8 bytes, lks32mc03x_cmp.o(i.CMP_Init))
<BR><BR>[Stack]<UL><LI>Max Depth = 8<LI>Call Chain = CMP_Init
</UL>
<BR>[Calls]<UL><LI><a href="#[3a]">&gt;&gt;</a>&nbsp;&nbsp;&nbsp;SYS_ModuleClockCmd
</UL>
<BR>[Called By]<UL><LI><a href="#[58]">&gt;&gt;</a>&nbsp;&nbsp;&nbsp;InitCmpMotor0
</UL>

<P><STRONG><a name="[5f]"></a>CMP_StructInit</STRONG> (Thumb, 62 bytes, Stack size 0 bytes, lks32mc03x_cmp.o(i.CMP_StructInit))
<BR><BR>[Called By]<UL><LI><a href="#[58]">&gt;&gt;</a>&nbsp;&nbsp;&nbsp;InitCmpMotor0
</UL>

<P><STRONG><a name="[3b]"></a>Clock_Init</STRONG> (Thumb, 58 bytes, Stack size 8 bytes, hardware_init.o(i.Clock_Init))
<BR><BR>[Stack]<UL><LI>Max Depth = 24<LI>Call Chain = Clock_Init &rArr; SYS_VolSelModule
</UL>
<BR>[Calls]<UL><LI><a href="#[3d]">&gt;&gt;</a>&nbsp;&nbsp;&nbsp;delay
<LI><a href="#[3c]">&gt;&gt;</a>&nbsp;&nbsp;&nbsp;SYS_VolSelModule
</UL>
<BR>[Called By]<UL><LI><a href="#[15]">&gt;&gt;</a>&nbsp;&nbsp;&nbsp;SystemInit
<LI><a href="#[58]">&gt;&gt;</a>&nbsp;&nbsp;&nbsp;InitCmpMotor0
</UL>

<P><STRONG><a name="[3f]"></a>ConfigAdcModeMotor0</STRONG> (Thumb, 12 bytes, Stack size 0 bytes, mcs_init.o(i.ConfigAdcModeMotor0))
<BR><BR>[Called By]<UL><LI><a href="#[3e]">&gt;&gt;</a>&nbsp;&nbsp;&nbsp;CurrentOffsetCalibration
</UL>

<P><STRONG><a name="[3e]"></a>CurrentOffsetCalibration</STRONG> (Thumb, 168 bytes, Stack size 32 bytes, mcs_init.o(i.CurrentOffsetCalibration))
<BR><BR>[Stack]<UL><LI>Max Depth = 48<LI>Call Chain = CurrentOffsetCalibration &rArr; InitAdcMotor0 &rArr; SYS_AnalogModuleClockCmd
</UL>
<BR>[Calls]<UL><LI><a href="#[30]">&gt;&gt;</a>&nbsp;&nbsp;&nbsp;Motor_FocInit
<LI><a href="#[40]">&gt;&gt;</a>&nbsp;&nbsp;&nbsp;InitAdcMotor0
<LI><a href="#[3f]">&gt;&gt;</a>&nbsp;&nbsp;&nbsp;ConfigAdcModeMotor0
</UL>
<BR>[Called By]<UL><LI><a href="#[80]">&gt;&gt;</a>&nbsp;&nbsp;&nbsp;mc_sys_init
</UL>

<P><STRONG><a name="[41]"></a>DAC_Init</STRONG> (Thumb, 114 bytes, Stack size 16 bytes, lks32mc03x_dac.o(i.DAC_Init))
<BR><BR>[Stack]<UL><LI>Max Depth = 24<LI>Call Chain = DAC_Init &rArr; SYS_AnalogModuleClockCmd
</UL>
<BR>[Calls]<UL><LI><a href="#[43]">&gt;&gt;</a>&nbsp;&nbsp;&nbsp;Read_Trim
<LI><a href="#[42]">&gt;&gt;</a>&nbsp;&nbsp;&nbsp;SYS_AnalogModuleClockCmd
</UL>
<BR>[Called By]<UL><LI><a href="#[56]">&gt;&gt;</a>&nbsp;&nbsp;&nbsp;InitDacMotor0
</UL>

<P><STRONG><a name="[60]"></a>DAC_OutputVoltage</STRONG> (Thumb, 84 bytes, Stack size 8 bytes, lks32mc03x_dac.o(i.DAC_OutputVoltage))
<BR><BR>[Stack]<UL><LI>Max Depth = 8<LI>Call Chain = DAC_OutputVoltage
</UL>
<BR>[Called By]<UL><LI><a href="#[56]">&gt;&gt;</a>&nbsp;&nbsp;&nbsp;InitDacMotor0
</UL>

<P><STRONG><a name="[44]"></a>DAC_StructInit</STRONG> (Thumb, 10 bytes, Stack size 8 bytes, lks32mc03x_dac.o(i.DAC_StructInit))
<BR><BR>[Stack]<UL><LI>Max Depth = 8<LI>Call Chain = DAC_StructInit
</UL>
<BR>[Calls]<UL><LI><a href="#[21]">&gt;&gt;</a>&nbsp;&nbsp;&nbsp;__aeabi_memclr
</UL>
<BR>[Called By]<UL><LI><a href="#[56]">&gt;&gt;</a>&nbsp;&nbsp;&nbsp;InitDacMotor0
</UL>

<P><STRONG><a name="[82]"></a>Direction_Init</STRONG> (Thumb, 38 bytes, Stack size 0 bytes, mcs_direction_test.o(i.Direction_Init))
<BR><BR>[Called By]<UL><LI><a href="#[14]">&gt;&gt;</a>&nbsp;&nbsp;&nbsp;main
</UL>

<P><STRONG><a name="[4c]"></a>FOC_SVM_Q15</STRONG> (Thumb, 350 bytes, Stack size 40 bytes, mcs_math.o(i.FOC_SVM_Q15))
<BR><BR>[Stack]<UL><LI>Max Depth = 48<LI>Call Chain = FOC_SVM_Q15 &rArr; __ARM_common_switch8
</UL>
<BR>[Calls]<UL><LI><a href="#[4d]">&gt;&gt;</a>&nbsp;&nbsp;&nbsp;__ARM_common_switch8
<LI><a href="#[4e]">&gt;&gt;</a>&nbsp;&nbsp;&nbsp;SVM_LimitInt32
</UL>
<BR>[Called By]<UL><LI><a href="#[66]">&gt;&gt;</a>&nbsp;&nbsp;&nbsp;control_current
</UL>

<P><STRONG><a name="[27]"></a>FeedDogcmd</STRONG> (Thumb, 30 bytes, Stack size 8 bytes, interrupt.o(i.FeedDogcmd))
<BR><BR>[Stack]<UL><LI>Max Depth = 8<LI>Call Chain = FeedDogcmd
</UL>
<BR>[Calls]<UL><LI><a href="#[4f]">&gt;&gt;</a>&nbsp;&nbsp;&nbsp;IWDG_Feed
</UL>
<BR>[Called By]<UL><LI><a href="#[10]">&gt;&gt;</a>&nbsp;&nbsp;&nbsp;ADC_IRQHandler
</UL>

<P><STRONG><a name="[5e]"></a>GPIO_Init</STRONG> (Thumb, 116 bytes, Stack size 16 bytes, lks32mc03x_gpio.o(i.GPIO_Init))
<BR><BR>[Stack]<UL><LI>Max Depth = 16<LI>Call Chain = GPIO_Init
</UL>
<BR>[Called By]<UL><LI><a href="#[5a]">&gt;&gt;</a>&nbsp;&nbsp;&nbsp;UART_HardWare_Init
<LI><a href="#[55]">&gt;&gt;</a>&nbsp;&nbsp;&nbsp;InitBroadGPIO
</UL>

<P><STRONG><a name="[52]"></a>GPIO_PinAFConfig</STRONG> (Thumb, 202 bytes, Stack size 20 bytes, lks32mc03x_gpio.o(i.GPIO_PinAFConfig))
<BR><BR>[Stack]<UL><LI>Max Depth = 28<LI>Call Chain = GPIO_PinAFConfig &rArr; __ARM_common_switch8
</UL>
<BR>[Calls]<UL><LI><a href="#[4d]">&gt;&gt;</a>&nbsp;&nbsp;&nbsp;__ARM_common_switch8
</UL>
<BR>[Called By]<UL><LI><a href="#[5a]">&gt;&gt;</a>&nbsp;&nbsp;&nbsp;UART_HardWare_Init
<LI><a href="#[55]">&gt;&gt;</a>&nbsp;&nbsp;&nbsp;InitBroadGPIO
</UL>

<P><STRONG><a name="[2a]"></a>GPIO_ResetBits</STRONG> (Thumb, 4 bytes, Stack size 0 bytes, lks32mc03x_gpio.o(i.GPIO_ResetBits))
<BR><BR>[Called By]<UL><LI><a href="#[10]">&gt;&gt;</a>&nbsp;&nbsp;&nbsp;ADC_IRQHandler
</UL>

<P><STRONG><a name="[26]"></a>GPIO_SetBits</STRONG> (Thumb, 4 bytes, Stack size 0 bytes, lks32mc03x_gpio.o(i.GPIO_SetBits))
<BR><BR>[Called By]<UL><LI><a href="#[10]">&gt;&gt;</a>&nbsp;&nbsp;&nbsp;ADC_IRQHandler
</UL>

<P><STRONG><a name="[5d]"></a>GPIO_StructInit</STRONG> (Thumb, 12 bytes, Stack size 0 bytes, lks32mc03x_gpio.o(i.GPIO_StructInit))
<BR><BR>[Called By]<UL><LI><a href="#[5a]">&gt;&gt;</a>&nbsp;&nbsp;&nbsp;UART_HardWare_Init
<LI><a href="#[55]">&gt;&gt;</a>&nbsp;&nbsp;&nbsp;InitBroadGPIO
</UL>

<P><STRONG><a name="[73]"></a>GetRchTrimVal</STRONG> (Thumb, 60 bytes, Stack size 0 bytes, lks32mc03x_flash.o(i.GetRchTrimVal))
<BR><BR>[Called By]<UL><LI><a href="#[3c]">&gt;&gt;</a>&nbsp;&nbsp;&nbsp;SYS_VolSelModule
</UL>

<P><STRONG><a name="[2]"></a>HardFault_Handler</STRONG> (Thumb, 26 bytes, Stack size 0 bytes, interrupt.o(i.HardFault_Handler))
<BR><BR>[Stack]<UL><LI>Max Depth = 8<LI>Call Chain = HardFault_Handler &rArr; StopMotorImmdly
</UL>
<BR>[Calls]<UL><LI><a href="#[2b]">&gt;&gt;</a>&nbsp;&nbsp;&nbsp;StopMotorImmdly
</UL>
<BR>[Address Reference Count : 1]<UL><LI> startup_lks32mc03x.o(RESET)
</UL>
<P><STRONG><a name="[53]"></a>Hardware_init</STRONG> (Thumb, 96 bytes, Stack size 8 bytes, hardware_init.o(i.Hardware_init))
<BR><BR>[Stack]<UL><LI>Max Depth = 160<LI>Call Chain = Hardware_init &rArr; UART_HardWare_Init &rArr; UART_Init &rArr; __aeabi_ldivmod &rArr; __aeabi_uldivmod &rArr; __aeabi_llsr
</UL>
<BR>[Calls]<UL><LI><a href="#[3d]">&gt;&gt;</a>&nbsp;&nbsp;&nbsp;delay
<LI><a href="#[40]">&gt;&gt;</a>&nbsp;&nbsp;&nbsp;InitAdcMotor0
<LI><a href="#[5b]">&gt;&gt;</a>&nbsp;&nbsp;&nbsp;TempSensor_Init
<LI><a href="#[5a]">&gt;&gt;</a>&nbsp;&nbsp;&nbsp;UART_HardWare_Init
<LI><a href="#[59]">&gt;&gt;</a>&nbsp;&nbsp;&nbsp;InitWatchDog
<LI><a href="#[57]">&gt;&gt;</a>&nbsp;&nbsp;&nbsp;InitPgaMotor0
<LI><a href="#[54]">&gt;&gt;</a>&nbsp;&nbsp;&nbsp;InitEpwmMotor0
<LI><a href="#[56]">&gt;&gt;</a>&nbsp;&nbsp;&nbsp;InitDacMotor0
<LI><a href="#[58]">&gt;&gt;</a>&nbsp;&nbsp;&nbsp;InitCmpMotor0
<LI><a href="#[55]">&gt;&gt;</a>&nbsp;&nbsp;&nbsp;InitBroadGPIO
<LI><a href="#[5c]">&gt;&gt;</a>&nbsp;&nbsp;&nbsp;NVIC_SetPriority
</UL>
<BR>[Called By]<UL><LI><a href="#[14]">&gt;&gt;</a>&nbsp;&nbsp;&nbsp;main
</UL>

<P><STRONG><a name="[4f]"></a>IWDG_Feed</STRONG> (Thumb, 12 bytes, Stack size 0 bytes, lks32mc03x_iwdg.o(i.IWDG_Feed))
<BR><BR>[Called By]<UL><LI><a href="#[27]">&gt;&gt;</a>&nbsp;&nbsp;&nbsp;FeedDogcmd
</UL>

<P><STRONG><a name="[72]"></a>IWDG_Init</STRONG> (Thumb, 46 bytes, Stack size 0 bytes, lks32mc03x_iwdg.o(i.IWDG_Init))
<BR><BR>[Called By]<UL><LI><a href="#[63]">&gt;&gt;</a>&nbsp;&nbsp;&nbsp;SYS_EnableWatchDog
</UL>

<P><STRONG><a name="[40]"></a>InitAdcMotor0</STRONG> (Thumb, 52 bytes, Stack size 8 bytes, hardware_init.o(i.InitAdcMotor0))
<BR><BR>[Stack]<UL><LI>Max Depth = 16<LI>Call Chain = InitAdcMotor0 &rArr; SYS_AnalogModuleClockCmd
</UL>
<BR>[Calls]<UL><LI><a href="#[42]">&gt;&gt;</a>&nbsp;&nbsp;&nbsp;SYS_AnalogModuleClockCmd
</UL>
<BR>[Called By]<UL><LI><a href="#[3e]">&gt;&gt;</a>&nbsp;&nbsp;&nbsp;CurrentOffsetCalibration
<LI><a href="#[53]">&gt;&gt;</a>&nbsp;&nbsp;&nbsp;Hardware_init
</UL>

<P><STRONG><a name="[55]"></a>InitBroadGPIO</STRONG> (Thumb, 230 bytes, Stack size 32 bytes, hardware_init.o(i.InitBroadGPIO))
<BR><BR>[Stack]<UL><LI>Max Depth = 60<LI>Call Chain = InitBroadGPIO &rArr; GPIO_PinAFConfig &rArr; __ARM_common_switch8
</UL>
<BR>[Calls]<UL><LI><a href="#[5d]">&gt;&gt;</a>&nbsp;&nbsp;&nbsp;GPIO_StructInit
<LI><a href="#[52]">&gt;&gt;</a>&nbsp;&nbsp;&nbsp;GPIO_PinAFConfig
<LI><a href="#[5e]">&gt;&gt;</a>&nbsp;&nbsp;&nbsp;GPIO_Init
</UL>
<BR>[Called By]<UL><LI><a href="#[53]">&gt;&gt;</a>&nbsp;&nbsp;&nbsp;Hardware_init
</UL>

<P><STRONG><a name="[58]"></a>InitCmpMotor0</STRONG> (Thumb, 76 bytes, Stack size 128 bytes, hardware_init.o(i.InitCmpMotor0))
<BR><BR>[Stack]<UL><LI>Max Depth = 152<LI>Call Chain = InitCmpMotor0 &rArr; Clock_Init &rArr; SYS_VolSelModule
</UL>
<BR>[Calls]<UL><LI><a href="#[42]">&gt;&gt;</a>&nbsp;&nbsp;&nbsp;SYS_AnalogModuleClockCmd
<LI><a href="#[5f]">&gt;&gt;</a>&nbsp;&nbsp;&nbsp;CMP_StructInit
<LI><a href="#[39]">&gt;&gt;</a>&nbsp;&nbsp;&nbsp;CMP_Init
<LI><a href="#[3b]">&gt;&gt;</a>&nbsp;&nbsp;&nbsp;Clock_Init
</UL>
<BR>[Called By]<UL><LI><a href="#[53]">&gt;&gt;</a>&nbsp;&nbsp;&nbsp;Hardware_init
</UL>

<P><STRONG><a name="[56]"></a>InitDacMotor0</STRONG> (Thumb, 30 bytes, Stack size 8 bytes, hardware_init.o(i.InitDacMotor0))
<BR><BR>[Stack]<UL><LI>Max Depth = 32<LI>Call Chain = InitDacMotor0 &rArr; DAC_Init &rArr; SYS_AnalogModuleClockCmd
</UL>
<BR>[Calls]<UL><LI><a href="#[44]">&gt;&gt;</a>&nbsp;&nbsp;&nbsp;DAC_StructInit
<LI><a href="#[60]">&gt;&gt;</a>&nbsp;&nbsp;&nbsp;DAC_OutputVoltage
<LI><a href="#[41]">&gt;&gt;</a>&nbsp;&nbsp;&nbsp;DAC_Init
</UL>
<BR>[Called By]<UL><LI><a href="#[53]">&gt;&gt;</a>&nbsp;&nbsp;&nbsp;Hardware_init
</UL>

<P><STRONG><a name="[54]"></a>InitEpwmMotor0</STRONG> (Thumb, 146 bytes, Stack size 128 bytes, hardware_init.o(i.InitEpwmMotor0))
<BR><BR>[Stack]<UL><LI>Max Depth = 152<LI>Call Chain = InitEpwmMotor0 &rArr; MCPWM_Init
</UL>
<BR>[Calls]<UL><LI><a href="#[61]">&gt;&gt;</a>&nbsp;&nbsp;&nbsp;MCPWM_StructInit
<LI><a href="#[62]">&gt;&gt;</a>&nbsp;&nbsp;&nbsp;MCPWM_Init
</UL>
<BR>[Called By]<UL><LI><a href="#[53]">&gt;&gt;</a>&nbsp;&nbsp;&nbsp;Hardware_init
</UL>

<P><STRONG><a name="[57]"></a>InitPgaMotor0</STRONG> (Thumb, 38 bytes, Stack size 8 bytes, hardware_init.o(i.InitPgaMotor0))
<BR><BR>[Stack]<UL><LI>Max Depth = 16<LI>Call Chain = InitPgaMotor0 &rArr; SYS_AnalogModuleClockCmd
</UL>
<BR>[Calls]<UL><LI><a href="#[42]">&gt;&gt;</a>&nbsp;&nbsp;&nbsp;SYS_AnalogModuleClockCmd
</UL>
<BR>[Called By]<UL><LI><a href="#[53]">&gt;&gt;</a>&nbsp;&nbsp;&nbsp;Hardware_init
</UL>

<P><STRONG><a name="[59]"></a>InitWatchDog</STRONG> (Thumb, 20 bytes, Stack size 8 bytes, hardware_init.o(i.InitWatchDog))
<BR><BR>[Stack]<UL><LI>Max Depth = 32<LI>Call Chain = InitWatchDog &rArr; SYS_EnableWatchDog
</UL>
<BR>[Calls]<UL><LI><a href="#[63]">&gt;&gt;</a>&nbsp;&nbsp;&nbsp;SYS_EnableWatchDog
</UL>
<BR>[Called By]<UL><LI><a href="#[53]">&gt;&gt;</a>&nbsp;&nbsp;&nbsp;Hardware_init
</UL>

<P><STRONG><a name="[8]"></a>MCPWM0_IRQHandler</STRONG> (Thumb, 18 bytes, Stack size 0 bytes, interrupt.o(i.MCPWM0_IRQHandler))
<BR>[Address Reference Count : 1]<UL><LI> startup_lks32mc03x.o(RESET)
</UL>
<P><STRONG><a name="[62]"></a>MCPWM_Init</STRONG> (Thumb, 534 bytes, Stack size 24 bytes, lks32mc03x_mcpwm.o(i.MCPWM_Init))
<BR><BR>[Stack]<UL><LI>Max Depth = 24<LI>Call Chain = MCPWM_Init
</UL>
<BR>[Calls]<UL><LI><a href="#[3a]">&gt;&gt;</a>&nbsp;&nbsp;&nbsp;SYS_ModuleClockCmd
</UL>
<BR>[Called By]<UL><LI><a href="#[54]">&gt;&gt;</a>&nbsp;&nbsp;&nbsp;InitEpwmMotor0
</UL>

<P><STRONG><a name="[61]"></a>MCPWM_StructInit</STRONG> (Thumb, 10 bytes, Stack size 8 bytes, lks32mc03x_mcpwm.o(i.MCPWM_StructInit))
<BR><BR>[Stack]<UL><LI>Max Depth = 8<LI>Call Chain = MCPWM_StructInit
</UL>
<BR>[Calls]<UL><LI><a href="#[21]">&gt;&gt;</a>&nbsp;&nbsp;&nbsp;__aeabi_memclr
</UL>
<BR>[Called By]<UL><LI><a href="#[54]">&gt;&gt;</a>&nbsp;&nbsp;&nbsp;InitEpwmMotor0
</UL>

<P><STRONG><a name="[64]"></a>Mcs_Task_Run</STRONG> (Thumb, 18 bytes, Stack size 8 bytes, mcs_task.o(i.Mcs_Task_Run))
<BR><BR>[Stack]<UL><LI>Max Depth = 192<LI>Call Chain = Mcs_Task_Run &rArr; Motor_DirectionTest_Task &rArr; Motor_DirectionTest_Stop &rArr; Motor_WriteDqVector &rArr; Motor_WriteAlphaBetaVector &rArr; Motor_PwmOffsetToModQ15 &rArr; __aeabi_ldivmod &rArr; __aeabi_uldivmod &rArr; __aeabi_llsr
</UL>
<BR>[Calls]<UL><LI><a href="#[65]">&gt;&gt;</a>&nbsp;&nbsp;&nbsp;Motor_DirectionTest_Task
</UL>
<BR>[Called By]<UL><LI><a href="#[74]">&gt;&gt;</a>&nbsp;&nbsp;&nbsp;Task_Scheduler
</UL>

<P><STRONG><a name="[38]"></a>Motor_CurrentLoopRun</STRONG> (Thumb, 12 bytes, Stack size 8 bytes, mcs_pwm_foc.o(i.Motor_CurrentLoopRun))
<BR><BR>[Stack]<UL><LI>Max Depth = 192<LI>Call Chain = Motor_CurrentLoopRun &rArr; control_current &rArr; __aeabi_lmul &rArr; __aeabi_llsl
</UL>
<BR>[Calls]<UL><LI><a href="#[66]">&gt;&gt;</a>&nbsp;&nbsp;&nbsp;control_current
</UL>
<BR>[Called By]<UL><LI><a href="#[2c]">&gt;&gt;</a>&nbsp;&nbsp;&nbsp;AdcSampleCal
</UL>

<P><STRONG><a name="[67]"></a>Motor_DirectionTest_Stop</STRONG> (Thumb, 62 bytes, Stack size 16 bytes, mcs_direction_test.o(i.Motor_DirectionTest_Stop))
<BR><BR>[Stack]<UL><LI>Max Depth = 152<LI>Call Chain = Motor_DirectionTest_Stop &rArr; Motor_WriteDqVector &rArr; Motor_WriteAlphaBetaVector &rArr; Motor_PwmOffsetToModQ15 &rArr; __aeabi_ldivmod &rArr; __aeabi_uldivmod &rArr; __aeabi_llsr
</UL>
<BR>[Calls]<UL><LI><a href="#[6a]">&gt;&gt;</a>&nbsp;&nbsp;&nbsp;Motor_WriteDqVector
<LI><a href="#[69]">&gt;&gt;</a>&nbsp;&nbsp;&nbsp;DirectionTest_ResetPi
<LI><a href="#[68]">&gt;&gt;</a>&nbsp;&nbsp;&nbsp;PwmAOutputs
</UL>
<BR>[Called By]<UL><LI><a href="#[65]">&gt;&gt;</a>&nbsp;&nbsp;&nbsp;Motor_DirectionTest_Task
</UL>

<P><STRONG><a name="[65]"></a>Motor_DirectionTest_Task</STRONG> (Thumb, 470 bytes, Stack size 32 bytes, mcs_direction_test.o(i.Motor_DirectionTest_Task))
<BR><BR>[Stack]<UL><LI>Max Depth = 184<LI>Call Chain = Motor_DirectionTest_Task &rArr; Motor_DirectionTest_Stop &rArr; Motor_WriteDqVector &rArr; Motor_WriteAlphaBetaVector &rArr; Motor_PwmOffsetToModQ15 &rArr; __aeabi_ldivmod &rArr; __aeabi_uldivmod &rArr; __aeabi_llsr
</UL>
<BR>[Calls]<UL><LI><a href="#[6a]">&gt;&gt;</a>&nbsp;&nbsp;&nbsp;Motor_WriteDqVector
<LI><a href="#[4d]">&gt;&gt;</a>&nbsp;&nbsp;&nbsp;__ARM_common_switch8
<LI><a href="#[67]">&gt;&gt;</a>&nbsp;&nbsp;&nbsp;Motor_DirectionTest_Stop
<LI><a href="#[4b]">&gt;&gt;</a>&nbsp;&nbsp;&nbsp;DirectionTest_UpdateOpenloopSpeed
<LI><a href="#[49]">&gt;&gt;</a>&nbsp;&nbsp;&nbsp;DirectionTest_UpdateObserverMonitor
<LI><a href="#[69]">&gt;&gt;</a>&nbsp;&nbsp;&nbsp;DirectionTest_ResetPi
<LI><a href="#[47]">&gt;&gt;</a>&nbsp;&nbsp;&nbsp;DirectionTest_ResetOpenloop
<LI><a href="#[45]">&gt;&gt;</a>&nbsp;&nbsp;&nbsp;DirectionTest_OpenloopCurrentExceeded
<LI><a href="#[4a]">&gt;&gt;</a>&nbsp;&nbsp;&nbsp;DirectionTest_ClampS16
<LI><a href="#[34]">&gt;&gt;</a>&nbsp;&nbsp;&nbsp;Motor_GetSinCosQ15
<LI><a href="#[68]">&gt;&gt;</a>&nbsp;&nbsp;&nbsp;PwmAOutputs
<LI><a href="#[1b]">&gt;&gt;</a>&nbsp;&nbsp;&nbsp;__aeabi_idivmod
</UL>
<BR>[Called By]<UL><LI><a href="#[64]">&gt;&gt;</a>&nbsp;&nbsp;&nbsp;Mcs_Task_Run
</UL>

<P><STRONG><a name="[30]"></a>Motor_FocInit</STRONG> (Thumb, 10 bytes, Stack size 8 bytes, mcs_pwm_foc.o(i.Motor_FocInit))
<BR><BR>[Stack]<UL><LI>Max Depth = 8<LI>Call Chain = Motor_FocInit
</UL>
<BR>[Calls]<UL><LI><a href="#[6b]">&gt;&gt;</a>&nbsp;&nbsp;&nbsp;Foc_InitMotorStruct
</UL>
<BR>[Called By]<UL><LI><a href="#[2c]">&gt;&gt;</a>&nbsp;&nbsp;&nbsp;AdcSampleCal
<LI><a href="#[3e]">&gt;&gt;</a>&nbsp;&nbsp;&nbsp;CurrentOffsetCalibration
</UL>

<P><STRONG><a name="[34]"></a>Motor_GetSinCosQ15</STRONG> (Thumb, 80 bytes, Stack size 12 bytes, mcs_motor.o(i.Motor_GetSinCosQ15))
<BR><BR>[Stack]<UL><LI>Max Depth = 12<LI>Call Chain = Motor_GetSinCosQ15
</UL>
<BR>[Called By]<UL><LI><a href="#[6a]">&gt;&gt;</a>&nbsp;&nbsp;&nbsp;Motor_WriteDqVector
<LI><a href="#[65]">&gt;&gt;</a>&nbsp;&nbsp;&nbsp;Motor_DirectionTest_Task
<LI><a href="#[2c]">&gt;&gt;</a>&nbsp;&nbsp;&nbsp;AdcSampleCal
</UL>

<P><STRONG><a name="[6a]"></a>Motor_WriteDqVector</STRONG> (Thumb, 52 bytes, Stack size 16 bytes, mcs_motor.o(i.Motor_WriteDqVector))
<BR><BR>[Stack]<UL><LI>Max Depth = 136<LI>Call Chain = Motor_WriteDqVector &rArr; Motor_WriteAlphaBetaVector &rArr; Motor_PwmOffsetToModQ15 &rArr; __aeabi_ldivmod &rArr; __aeabi_uldivmod &rArr; __aeabi_llsr
</UL>
<BR>[Calls]<UL><LI><a href="#[6d]">&gt;&gt;</a>&nbsp;&nbsp;&nbsp;Motor_WriteAlphaBetaVector
<LI><a href="#[34]">&gt;&gt;</a>&nbsp;&nbsp;&nbsp;Motor_GetSinCosQ15
</UL>
<BR>[Called By]<UL><LI><a href="#[67]">&gt;&gt;</a>&nbsp;&nbsp;&nbsp;Motor_DirectionTest_Stop
<LI><a href="#[65]">&gt;&gt;</a>&nbsp;&nbsp;&nbsp;Motor_DirectionTest_Task
</UL>

<P><STRONG><a name="[70]"></a>Motor_WritePwmCompare</STRONG> (Thumb, 24 bytes, Stack size 8 bytes, mcs_motor.o(i.Motor_WritePwmCompare))
<BR><BR>[Stack]<UL><LI>Max Depth = 8<LI>Call Chain = Motor_WritePwmCompare
</UL>
<BR>[Called By]<UL><LI><a href="#[6d]">&gt;&gt;</a>&nbsp;&nbsp;&nbsp;Motor_WriteAlphaBetaVector
</UL>

<P><STRONG><a name="[2d]"></a>PhaseCurrent_CheckFast</STRONG> (Thumb, 114 bytes, Stack size 24 bytes, mcs_foc_hw.o(i.PhaseCurrent_CheckFast))
<BR><BR>[Stack]<UL><LI>Max Depth = 24<LI>Call Chain = PhaseCurrent_CheckFast
</UL>
<BR>[Calls]<UL><LI><a href="#[2f]">&gt;&gt;</a>&nbsp;&nbsp;&nbsp;FocHw_SatS16
<LI><a href="#[71]">&gt;&gt;</a>&nbsp;&nbsp;&nbsp;FocHw_AbsS32ToU16
</UL>
<BR>[Called By]<UL><LI><a href="#[28]">&gt;&gt;</a>&nbsp;&nbsp;&nbsp;AdcEocHandler
</UL>

<P><STRONG><a name="[68]"></a>PwmAOutputs</STRONG> (Thumb, 30 bytes, Stack size 0 bytes, mcs_foc_hw.o(i.PwmAOutputs))
<BR><BR>[Called By]<UL><LI><a href="#[67]">&gt;&gt;</a>&nbsp;&nbsp;&nbsp;Motor_DirectionTest_Stop
<LI><a href="#[65]">&gt;&gt;</a>&nbsp;&nbsp;&nbsp;Motor_DirectionTest_Task
<LI><a href="#[2b]">&gt;&gt;</a>&nbsp;&nbsp;&nbsp;StopMotorImmdly
</UL>

<P><STRONG><a name="[43]"></a>Read_Trim</STRONG> (Thumb, 92 bytes, Stack size 0 bytes, lks32mc03x_nvr.o(i.Read_Trim))
<BR><BR>[Called By]<UL><LI><a href="#[5b]">&gt;&gt;</a>&nbsp;&nbsp;&nbsp;TempSensor_Init
<LI><a href="#[3c]">&gt;&gt;</a>&nbsp;&nbsp;&nbsp;SYS_VolSelModule
<LI><a href="#[41]">&gt;&gt;</a>&nbsp;&nbsp;&nbsp;DAC_Init
</UL>

<P><STRONG><a name="[42]"></a>SYS_AnalogModuleClockCmd</STRONG> (Thumb, 58 bytes, Stack size 8 bytes, lks32mc03x_sys.o(i.SYS_AnalogModuleClockCmd))
<BR><BR>[Stack]<UL><LI>Max Depth = 8<LI>Call Chain = SYS_AnalogModuleClockCmd
</UL>
<BR>[Called By]<UL><LI><a href="#[40]">&gt;&gt;</a>&nbsp;&nbsp;&nbsp;InitAdcMotor0
<LI><a href="#[41]">&gt;&gt;</a>&nbsp;&nbsp;&nbsp;DAC_Init
<LI><a href="#[57]">&gt;&gt;</a>&nbsp;&nbsp;&nbsp;InitPgaMotor0
<LI><a href="#[58]">&gt;&gt;</a>&nbsp;&nbsp;&nbsp;InitCmpMotor0
</UL>

<P><STRONG><a name="[63]"></a>SYS_EnableWatchDog</STRONG> (Thumb, 28 bytes, Stack size 24 bytes, lks32mc03x_sys.o(i.SYS_EnableWatchDog))
<BR><BR>[Stack]<UL><LI>Max Depth = 24<LI>Call Chain = SYS_EnableWatchDog
</UL>
<BR>[Calls]<UL><LI><a href="#[72]">&gt;&gt;</a>&nbsp;&nbsp;&nbsp;IWDG_Init
</UL>
<BR>[Called By]<UL><LI><a href="#[59]">&gt;&gt;</a>&nbsp;&nbsp;&nbsp;InitWatchDog
</UL>

<P><STRONG><a name="[3a]"></a>SYS_ModuleClockCmd</STRONG> (Thumb, 26 bytes, Stack size 0 bytes, lks32mc03x_sys.o(i.SYS_ModuleClockCmd))
<BR><BR>[Called By]<UL><LI><a href="#[77]">&gt;&gt;</a>&nbsp;&nbsp;&nbsp;UART_Init
<LI><a href="#[62]">&gt;&gt;</a>&nbsp;&nbsp;&nbsp;MCPWM_Init
<LI><a href="#[39]">&gt;&gt;</a>&nbsp;&nbsp;&nbsp;CMP_Init
</UL>

<P><STRONG><a name="[3c]"></a>SYS_VolSelModule</STRONG> (Thumb, 78 bytes, Stack size 16 bytes, lks32mc03x_flash.o(i.SYS_VolSelModule))
<BR><BR>[Stack]<UL><LI>Max Depth = 16<LI>Call Chain = SYS_VolSelModule
</UL>
<BR>[Calls]<UL><LI><a href="#[73]">&gt;&gt;</a>&nbsp;&nbsp;&nbsp;GetRchTrimVal
<LI><a href="#[43]">&gt;&gt;</a>&nbsp;&nbsp;&nbsp;Read_Trim
</UL>
<BR>[Called By]<UL><LI><a href="#[3b]">&gt;&gt;</a>&nbsp;&nbsp;&nbsp;Clock_Init
</UL>

<P><STRONG><a name="[2b]"></a>StopMotorImmdly</STRONG> (Thumb, 10 bytes, Stack size 8 bytes, mcs_control.o(i.StopMotorImmdly))
<BR><BR>[Stack]<UL><LI>Max Depth = 8<LI>Call Chain = StopMotorImmdly
</UL>
<BR>[Calls]<UL><LI><a href="#[68]">&gt;&gt;</a>&nbsp;&nbsp;&nbsp;PwmAOutputs
</UL>
<BR>[Called By]<UL><LI><a href="#[2]">&gt;&gt;</a>&nbsp;&nbsp;&nbsp;HardFault_Handler
<LI><a href="#[10]">&gt;&gt;</a>&nbsp;&nbsp;&nbsp;ADC_IRQHandler
</UL>

<P><STRONG><a name="[15]"></a>SystemInit</STRONG> (Thumb, 8 bytes, Stack size 8 bytes, hardware_init.o(i.SystemInit))
<BR><BR>[Stack]<UL><LI>Max Depth = 32<LI>Call Chain = SystemInit &rArr; Clock_Init &rArr; SYS_VolSelModule
</UL>
<BR>[Calls]<UL><LI><a href="#[3b]">&gt;&gt;</a>&nbsp;&nbsp;&nbsp;Clock_Init
</UL>
<BR>[Address Reference Count : 1]<UL><LI> startup_lks32mc03x.o(.text)
</UL>
<P><STRONG><a name="[74]"></a>Task_Scheduler</STRONG> (Thumb, 176 bytes, Stack size 24 bytes, main.o(i.Task_Scheduler))
<BR><BR>[Stack]<UL><LI>Max Depth = 216<LI>Call Chain = Task_Scheduler &rArr; Mcs_Task_Run &rArr; Motor_DirectionTest_Task &rArr; Motor_DirectionTest_Stop &rArr; Motor_WriteDqVector &rArr; Motor_WriteAlphaBetaVector &rArr; Motor_PwmOffsetToModQ15 &rArr; __aeabi_ldivmod &rArr; __aeabi_uldivmod &rArr; __aeabi_llsr
</UL>
<BR>[Calls]<UL><LI><a href="#[75]">&gt;&gt;</a>&nbsp;&nbsp;&nbsp;User_App_Task_Run
<LI><a href="#[64]">&gt;&gt;</a>&nbsp;&nbsp;&nbsp;Mcs_Task_Run
</UL>
<BR>[Called By]<UL><LI><a href="#[14]">&gt;&gt;</a>&nbsp;&nbsp;&nbsp;main
</UL>

<P><STRONG><a name="[29]"></a>Task_vTickTimerEvent</STRONG> (Thumb, 18 bytes, Stack size 0 bytes, manage.o(i.Task_vTickTimerEvent))
<BR><BR>[Called By]<UL><LI><a href="#[10]">&gt;&gt;</a>&nbsp;&nbsp;&nbsp;ADC_IRQHandler
</UL>

<P><STRONG><a name="[5b]"></a>TempSensor_Init</STRONG> (Thumb, 42 bytes, Stack size 8 bytes, lks32mc03x_tmp.o(i.TempSensor_Init))
<BR><BR>[Stack]<UL><LI>Max Depth = 8<LI>Call Chain = TempSensor_Init
</UL>
<BR>[Calls]<UL><LI><a href="#[43]">&gt;&gt;</a>&nbsp;&nbsp;&nbsp;Read_Trim
</UL>
<BR>[Called By]<UL><LI><a href="#[53]">&gt;&gt;</a>&nbsp;&nbsp;&nbsp;Hardware_init
</UL>

<P><STRONG><a name="[5a]"></a>UART_HardWare_Init</STRONG> (Thumb, 114 bytes, Stack size 40 bytes, hardware_init.o(i.UART_HardWare_Init))
<BR><BR>[Stack]<UL><LI>Max Depth = 152<LI>Call Chain = UART_HardWare_Init &rArr; UART_Init &rArr; __aeabi_ldivmod &rArr; __aeabi_uldivmod &rArr; __aeabi_llsr
</UL>
<BR>[Calls]<UL><LI><a href="#[76]">&gt;&gt;</a>&nbsp;&nbsp;&nbsp;UART_StructInit
<LI><a href="#[77]">&gt;&gt;</a>&nbsp;&nbsp;&nbsp;UART_Init
<LI><a href="#[5d]">&gt;&gt;</a>&nbsp;&nbsp;&nbsp;GPIO_StructInit
<LI><a href="#[52]">&gt;&gt;</a>&nbsp;&nbsp;&nbsp;GPIO_PinAFConfig
<LI><a href="#[5e]">&gt;&gt;</a>&nbsp;&nbsp;&nbsp;GPIO_Init
<LI><a href="#[5c]">&gt;&gt;</a>&nbsp;&nbsp;&nbsp;NVIC_SetPriority
</UL>
<BR>[Called By]<UL><LI><a href="#[53]">&gt;&gt;</a>&nbsp;&nbsp;&nbsp;Hardware_init
</UL>

<P><STRONG><a name="[e]"></a>UART_IRQHandler</STRONG> (Thumb, 130 bytes, Stack size 16 bytes, interrupt.o(i.UART_IRQHandler))
<BR><BR>[Stack]<UL><LI>Max Depth = 16<LI>Call Chain = UART_IRQHandler
</UL>
<BR>[Calls]<UL><LI><a href="#[78]">&gt;&gt;</a>&nbsp;&nbsp;&nbsp;UART_SendData
<LI><a href="#[79]">&gt;&gt;</a>&nbsp;&nbsp;&nbsp;UART_ReadData
</UL>
<BR>[Address Reference Count : 1]<UL><LI> startup_lks32mc03x.o(RESET)
</UL>
<P><STRONG><a name="[77]"></a>UART_Init</STRONG> (Thumb, 152 bytes, Stack size 32 bytes, lks32mc03x_uart.o(i.UART_Init))
<BR><BR>[Stack]<UL><LI>Max Depth = 112<LI>Call Chain = UART_Init &rArr; __aeabi_ldivmod &rArr; __aeabi_uldivmod &rArr; __aeabi_llsr
</UL>
<BR>[Calls]<UL><LI><a href="#[3a]">&gt;&gt;</a>&nbsp;&nbsp;&nbsp;SYS_ModuleClockCmd
<LI><a href="#[1d]">&gt;&gt;</a>&nbsp;&nbsp;&nbsp;__aeabi_ldivmod
</UL>
<BR>[Called By]<UL><LI><a href="#[5a]">&gt;&gt;</a>&nbsp;&nbsp;&nbsp;UART_HardWare_Init
</UL>

<P><STRONG><a name="[79]"></a>UART_ReadData</STRONG> (Thumb, 4 bytes, Stack size 0 bytes, lks32mc03x_uart.o(i.UART_ReadData))
<BR><BR>[Called By]<UL><LI><a href="#[e]">&gt;&gt;</a>&nbsp;&nbsp;&nbsp;UART_IRQHandler
</UL>

<P><STRONG><a name="[78]"></a>UART_SendData</STRONG> (Thumb, 4 bytes, Stack size 0 bytes, lks32mc03x_uart.o(i.UART_SendData))
<BR><BR>[Called By]<UL><LI><a href="#[e]">&gt;&gt;</a>&nbsp;&nbsp;&nbsp;UART_IRQHandler
</UL>

<P><STRONG><a name="[76]"></a>UART_StructInit</STRONG> (Thumb, 30 bytes, Stack size 0 bytes, lks32mc03x_uart.o(i.UART_StructInit))
<BR><BR>[Called By]<UL><LI><a href="#[5a]">&gt;&gt;</a>&nbsp;&nbsp;&nbsp;UART_HardWare_Init
</UL>

<P><STRONG><a name="[75]"></a>User_App_Task_Run</STRONG> (Thumb, 2 bytes, Stack size 0 bytes, user_app.o(i.User_App_Task_Run))
<BR><BR>[Called By]<UL><LI><a href="#[74]">&gt;&gt;</a>&nbsp;&nbsp;&nbsp;Task_Scheduler
</UL>

<P><STRONG><a name="[81]"></a>User_app_init</STRONG> (Thumb, 2 bytes, Stack size 0 bytes, manage.o(i.User_app_init))
<BR><BR>[Called By]<UL><LI><a href="#[14]">&gt;&gt;</a>&nbsp;&nbsp;&nbsp;main
</UL>

<P><STRONG><a name="[2e]"></a>__ARM_common_ll_mulss</STRONG> (Thumb, 48 bytes, Stack size 24 bytes, mcs_foc_hw.o(i.__ARM_common_ll_mulss))
<BR><BR>[Stack]<UL><LI>Max Depth = 24<LI>Call Chain = __ARM_common_ll_mulss
</UL>
<BR>[Called By]<UL><LI><a href="#[6c]">&gt;&gt;</a>&nbsp;&nbsp;&nbsp;Motor_PwmOffsetToModQ15
<LI><a href="#[49]">&gt;&gt;</a>&nbsp;&nbsp;&nbsp;DirectionTest_UpdateObserverMonitor
<LI><a href="#[33]">&gt;&gt;</a>&nbsp;&nbsp;&nbsp;foc_observer_update
<LI><a href="#[2c]">&gt;&gt;</a>&nbsp;&nbsp;&nbsp;AdcSampleCal
<LI><a href="#[32]">&gt;&gt;</a>&nbsp;&nbsp;&nbsp;FocHw_ModToVoltageMv
<LI><a href="#[31]">&gt;&gt;</a>&nbsp;&nbsp;&nbsp;FocHw_AdcToCurrentMa
<LI><a href="#[28]">&gt;&gt;</a>&nbsp;&nbsp;&nbsp;AdcEocHandler
<LI><a href="#[66]">&gt;&gt;</a>&nbsp;&nbsp;&nbsp;control_current
<LI><a href="#[50]">&gt;&gt;</a>&nbsp;&nbsp;&nbsp;Foc_MulQ15
</UL>

<P><STRONG><a name="[4d]"></a>__ARM_common_switch8</STRONG> (Thumb, 26 bytes, Stack size 8 bytes, mcs_direction_test.o(i.__ARM_common_switch8))
<BR><BR>[Stack]<UL><LI>Max Depth = 8<LI>Call Chain = __ARM_common_switch8
</UL>
<BR>[Called By]<UL><LI><a href="#[65]">&gt;&gt;</a>&nbsp;&nbsp;&nbsp;Motor_DirectionTest_Task
<LI><a href="#[52]">&gt;&gt;</a>&nbsp;&nbsp;&nbsp;GPIO_PinAFConfig
<LI><a href="#[4c]">&gt;&gt;</a>&nbsp;&nbsp;&nbsp;FOC_SVM_Q15
</UL>

<P><STRONG><a name="[95]"></a>__scatterload_copy</STRONG> (Thumb, 14 bytes, Stack size unknown bytes, handlers.o(i.__scatterload_copy), UNUSED)

<P><STRONG><a name="[96]"></a>__scatterload_null</STRONG> (Thumb, 2 bytes, Stack size unknown bytes, handlers.o(i.__scatterload_null), UNUSED)

<P><STRONG><a name="[97]"></a>__scatterload_zeroinit</STRONG> (Thumb, 14 bytes, Stack size unknown bytes, handlers.o(i.__scatterload_zeroinit), UNUSED)

<P><STRONG><a name="[3d]"></a>delay</STRONG> (Thumb, 16 bytes, Stack size 0 bytes, hardware_init.o(i.delay))
<BR><BR>[Called By]<UL><LI><a href="#[80]">&gt;&gt;</a>&nbsp;&nbsp;&nbsp;mc_sys_init
<LI><a href="#[53]">&gt;&gt;</a>&nbsp;&nbsp;&nbsp;Hardware_init
<LI><a href="#[3b]">&gt;&gt;</a>&nbsp;&nbsp;&nbsp;Clock_Init
</UL>

<P><STRONG><a name="[48]"></a>foc_observer_reset</STRONG> (Thumb, 12 bytes, Stack size 0 bytes, sensorless_ctrl.o(i.foc_observer_reset))
<BR><BR>[Called By]<UL><LI><a href="#[47]">&gt;&gt;</a>&nbsp;&nbsp;&nbsp;DirectionTest_ResetOpenloop
<LI><a href="#[80]">&gt;&gt;</a>&nbsp;&nbsp;&nbsp;mc_sys_init
</UL>

<P><STRONG><a name="[33]"></a>foc_observer_update</STRONG> (Thumb, 384 bytes, Stack size 48 bytes, sensorless_ctrl.o(i.foc_observer_update))
<BR><BR>[Stack]<UL><LI>Max Depth = 120<LI>Call Chain = foc_observer_update &rArr; __aeabi_lmul &rArr; __aeabi_llsl
</UL>
<BR>[Calls]<UL><LI><a href="#[7f]">&gt;&gt;</a>&nbsp;&nbsp;&nbsp;observer_truncate_abs
<LI><a href="#[7d]">&gt;&gt;</a>&nbsp;&nbsp;&nbsp;observer_sat_s32
<LI><a href="#[7e]">&gt;&gt;</a>&nbsp;&nbsp;&nbsp;observer_div_1000
<LI><a href="#[37]">&gt;&gt;</a>&nbsp;&nbsp;&nbsp;utils_sqrt_u32
<LI><a href="#[2e]">&gt;&gt;</a>&nbsp;&nbsp;&nbsp;__ARM_common_ll_mulss
<LI><a href="#[1f]">&gt;&gt;</a>&nbsp;&nbsp;&nbsp;__aeabi_lmul
<LI><a href="#[1b]">&gt;&gt;</a>&nbsp;&nbsp;&nbsp;__aeabi_idivmod
</UL>
<BR>[Called By]<UL><LI><a href="#[2c]">&gt;&gt;</a>&nbsp;&nbsp;&nbsp;AdcSampleCal
</UL>

<P><STRONG><a name="[14]"></a>main</STRONG> (Thumb, 22 bytes, Stack size 0 bytes, main.o(i.main))
<BR><BR>[Stack]<UL><LI>Max Depth = 216<LI>Call Chain = main &rArr; Task_Scheduler &rArr; Mcs_Task_Run &rArr; Motor_DirectionTest_Task &rArr; Motor_DirectionTest_Stop &rArr; Motor_WriteDqVector &rArr; Motor_WriteAlphaBetaVector &rArr; Motor_PwmOffsetToModQ15 &rArr; __aeabi_ldivmod &rArr; __aeabi_uldivmod &rArr; __aeabi_llsr
</UL>
<BR>[Calls]<UL><LI><a href="#[80]">&gt;&gt;</a>&nbsp;&nbsp;&nbsp;mc_sys_init
<LI><a href="#[81]">&gt;&gt;</a>&nbsp;&nbsp;&nbsp;User_app_init
<LI><a href="#[53]">&gt;&gt;</a>&nbsp;&nbsp;&nbsp;Hardware_init
<LI><a href="#[82]">&gt;&gt;</a>&nbsp;&nbsp;&nbsp;Direction_Init
<LI><a href="#[74]">&gt;&gt;</a>&nbsp;&nbsp;&nbsp;Task_Scheduler
</UL>
<BR>[Address Reference Count : 1]<UL><LI> entry9a.o(.ARM.Collect$$$$0000000B)
</UL>
<P><STRONG><a name="[80]"></a>mc_sys_init</STRONG> (Thumb, 40 bytes, Stack size 16 bytes, mcs_init.o(i.mc_sys_init))
<BR><BR>[Stack]<UL><LI>Max Depth = 64<LI>Call Chain = mc_sys_init &rArr; CurrentOffsetCalibration &rArr; InitAdcMotor0 &rArr; SYS_AnalogModuleClockCmd
</UL>
<BR>[Calls]<UL><LI><a href="#[48]">&gt;&gt;</a>&nbsp;&nbsp;&nbsp;foc_observer_reset
<LI><a href="#[3d]">&gt;&gt;</a>&nbsp;&nbsp;&nbsp;delay
<LI><a href="#[3e]">&gt;&gt;</a>&nbsp;&nbsp;&nbsp;CurrentOffsetCalibration
</UL>
<BR>[Called By]<UL><LI><a href="#[14]">&gt;&gt;</a>&nbsp;&nbsp;&nbsp;main
</UL>

<P><STRONG><a name="[35]"></a>utils_max_abs</STRONG> (Thumb, 30 bytes, Stack size 16 bytes, mcs_math.o(i.utils_max_abs))
<BR><BR>[Stack]<UL><LI>Max Depth = 16<LI>Call Chain = utils_max_abs
</UL>
<BR>[Calls]<UL><LI><a href="#[83]">&gt;&gt;</a>&nbsp;&nbsp;&nbsp;utils_abs_s32
</UL>
<BR>[Called By]<UL><LI><a href="#[2c]">&gt;&gt;</a>&nbsp;&nbsp;&nbsp;AdcSampleCal
</UL>

<P><STRONG><a name="[37]"></a>utils_sqrt_u32</STRONG> (Thumb, 42 bytes, Stack size 0 bytes, mcs_math.o(i.utils_sqrt_u32))
<BR><BR>[Called By]<UL><LI><a href="#[49]">&gt;&gt;</a>&nbsp;&nbsp;&nbsp;DirectionTest_UpdateObserverMonitor
<LI><a href="#[33]">&gt;&gt;</a>&nbsp;&nbsp;&nbsp;foc_observer_update
<LI><a href="#[2c]">&gt;&gt;</a>&nbsp;&nbsp;&nbsp;AdcSampleCal
<LI><a href="#[66]">&gt;&gt;</a>&nbsp;&nbsp;&nbsp;control_current
</UL>

<P><STRONG><a name="[84]"></a>utils_truncate_number</STRONG> (Thumb, 22 bytes, Stack size 0 bytes, mcs_math.o(i.utils_truncate_number))
<BR><BR>[Called By]<UL><LI><a href="#[36]">&gt;&gt;</a>&nbsp;&nbsp;&nbsp;utils_truncate_number_abs
</UL>

<P><STRONG><a name="[36]"></a>utils_truncate_number_abs</STRONG> (Thumb, 34 bytes, Stack size 4 bytes, mcs_math.o(i.utils_truncate_number_abs))
<BR><BR>[Stack]<UL><LI>Max Depth = 4<LI>Call Chain = utils_truncate_number_abs
</UL>
<BR>[Calls]<UL><LI><a href="#[84]">&gt;&gt;</a>&nbsp;&nbsp;&nbsp;utils_truncate_number
</UL>
<BR>[Called By]<UL><LI><a href="#[2c]">&gt;&gt;</a>&nbsp;&nbsp;&nbsp;AdcSampleCal
</UL>
<P>
<H3>
Local Symbols
</H3>
<P><STRONG><a name="[71]"></a>FocHw_AbsS32ToU16</STRONG> (Thumb, 18 bytes, Stack size 0 bytes, mcs_foc_hw.o(i.FocHw_AbsS32ToU16))
<BR><BR>[Called By]<UL><LI><a href="#[2d]">&gt;&gt;</a>&nbsp;&nbsp;&nbsp;PhaseCurrent_CheckFast
</UL>

<P><STRONG><a name="[31]"></a>FocHw_AdcToCurrentMa</STRONG> (Thumb, 20 bytes, Stack size 8 bytes, mcs_foc_hw.o(i.FocHw_AdcToCurrentMa))
<BR><BR>[Stack]<UL><LI>Max Depth = 32<LI>Call Chain = FocHw_AdcToCurrentMa &rArr; __ARM_common_ll_mulss
</UL>
<BR>[Calls]<UL><LI><a href="#[2e]">&gt;&gt;</a>&nbsp;&nbsp;&nbsp;__ARM_common_ll_mulss
<LI><a href="#[2f]">&gt;&gt;</a>&nbsp;&nbsp;&nbsp;FocHw_SatS16
</UL>
<BR>[Called By]<UL><LI><a href="#[2c]">&gt;&gt;</a>&nbsp;&nbsp;&nbsp;AdcSampleCal
</UL>

<P><STRONG><a name="[32]"></a>FocHw_ModToVoltageMv</STRONG> (Thumb, 40 bytes, Stack size 8 bytes, mcs_foc_hw.o(i.FocHw_ModToVoltageMv))
<BR><BR>[Stack]<UL><LI>Max Depth = 32<LI>Call Chain = FocHw_ModToVoltageMv &rArr; __ARM_common_ll_mulss
</UL>
<BR>[Calls]<UL><LI><a href="#[2e]">&gt;&gt;</a>&nbsp;&nbsp;&nbsp;__ARM_common_ll_mulss
</UL>
<BR>[Called By]<UL><LI><a href="#[2c]">&gt;&gt;</a>&nbsp;&nbsp;&nbsp;AdcSampleCal
</UL>

<P><STRONG><a name="[2f]"></a>FocHw_SatS16</STRONG> (Thumb, 20 bytes, Stack size 0 bytes, mcs_foc_hw.o(i.FocHw_SatS16))
<BR><BR>[Called By]<UL><LI><a href="#[2d]">&gt;&gt;</a>&nbsp;&nbsp;&nbsp;PhaseCurrent_CheckFast
<LI><a href="#[2c]">&gt;&gt;</a>&nbsp;&nbsp;&nbsp;AdcSampleCal
<LI><a href="#[31]">&gt;&gt;</a>&nbsp;&nbsp;&nbsp;FocHw_AdcToCurrentMa
<LI><a href="#[28]">&gt;&gt;</a>&nbsp;&nbsp;&nbsp;AdcEocHandler
</UL>

<P><STRONG><a name="[46]"></a>DirectionTest_AbsS32</STRONG> (Thumb, 8 bytes, Stack size 0 bytes, mcs_direction_test.o(i.DirectionTest_AbsS32))
<BR><BR>[Called By]<UL><LI><a href="#[49]">&gt;&gt;</a>&nbsp;&nbsp;&nbsp;DirectionTest_UpdateObserverMonitor
<LI><a href="#[45]">&gt;&gt;</a>&nbsp;&nbsp;&nbsp;DirectionTest_OpenloopCurrentExceeded
</UL>

<P><STRONG><a name="[4a]"></a>DirectionTest_ClampS16</STRONG> (Thumb, 18 bytes, Stack size 0 bytes, mcs_direction_test.o(i.DirectionTest_ClampS16))
<BR><BR>[Called By]<UL><LI><a href="#[4b]">&gt;&gt;</a>&nbsp;&nbsp;&nbsp;DirectionTest_UpdateOpenloopSpeed
<LI><a href="#[49]">&gt;&gt;</a>&nbsp;&nbsp;&nbsp;DirectionTest_UpdateObserverMonitor
<LI><a href="#[65]">&gt;&gt;</a>&nbsp;&nbsp;&nbsp;Motor_DirectionTest_Task
</UL>

<P><STRONG><a name="[45]"></a>DirectionTest_OpenloopCurrentExceeded</STRONG> (Thumb, 80 bytes, Stack size 16 bytes, mcs_direction_test.o(i.DirectionTest_OpenloopCurrentExceeded))
<BR><BR>[Stack]<UL><LI>Max Depth = 16<LI>Call Chain = DirectionTest_OpenloopCurrentExceeded
</UL>
<BR>[Calls]<UL><LI><a href="#[46]">&gt;&gt;</a>&nbsp;&nbsp;&nbsp;DirectionTest_AbsS32
</UL>
<BR>[Called By]<UL><LI><a href="#[65]">&gt;&gt;</a>&nbsp;&nbsp;&nbsp;Motor_DirectionTest_Task
</UL>

<P><STRONG><a name="[47]"></a>DirectionTest_ResetOpenloop</STRONG> (Thumb, 50 bytes, Stack size 8 bytes, mcs_direction_test.o(i.DirectionTest_ResetOpenloop))
<BR><BR>[Stack]<UL><LI>Max Depth = 8<LI>Call Chain = DirectionTest_ResetOpenloop
</UL>
<BR>[Calls]<UL><LI><a href="#[48]">&gt;&gt;</a>&nbsp;&nbsp;&nbsp;foc_observer_reset
</UL>
<BR>[Called By]<UL><LI><a href="#[65]">&gt;&gt;</a>&nbsp;&nbsp;&nbsp;Motor_DirectionTest_Task
</UL>

<P><STRONG><a name="[69]"></a>DirectionTest_ResetPi</STRONG> (Thumb, 18 bytes, Stack size 0 bytes, mcs_direction_test.o(i.DirectionTest_ResetPi))
<BR><BR>[Called By]<UL><LI><a href="#[67]">&gt;&gt;</a>&nbsp;&nbsp;&nbsp;Motor_DirectionTest_Stop
<LI><a href="#[65]">&gt;&gt;</a>&nbsp;&nbsp;&nbsp;Motor_DirectionTest_Task
</UL>

<P><STRONG><a name="[49]"></a>DirectionTest_UpdateObserverMonitor</STRONG> (Thumb, 292 bytes, Stack size 24 bytes, mcs_direction_test.o(i.DirectionTest_UpdateObserverMonitor))
<BR><BR>[Stack]<UL><LI>Max Depth = 48<LI>Call Chain = DirectionTest_UpdateObserverMonitor &rArr; __ARM_common_ll_mulss
</UL>
<BR>[Calls]<UL><LI><a href="#[4a]">&gt;&gt;</a>&nbsp;&nbsp;&nbsp;DirectionTest_ClampS16
<LI><a href="#[46]">&gt;&gt;</a>&nbsp;&nbsp;&nbsp;DirectionTest_AbsS32
<LI><a href="#[37]">&gt;&gt;</a>&nbsp;&nbsp;&nbsp;utils_sqrt_u32
<LI><a href="#[2e]">&gt;&gt;</a>&nbsp;&nbsp;&nbsp;__ARM_common_ll_mulss
</UL>
<BR>[Called By]<UL><LI><a href="#[65]">&gt;&gt;</a>&nbsp;&nbsp;&nbsp;Motor_DirectionTest_Task
</UL>

<P><STRONG><a name="[4b]"></a>DirectionTest_UpdateOpenloopSpeed</STRONG> (Thumb, 94 bytes, Stack size 16 bytes, mcs_direction_test.o(i.DirectionTest_UpdateOpenloopSpeed))
<BR><BR>[Stack]<UL><LI>Max Depth = 28<LI>Call Chain = DirectionTest_UpdateOpenloopSpeed &rArr; __aeabi_uidivmod
</UL>
<BR>[Calls]<UL><LI><a href="#[4a]">&gt;&gt;</a>&nbsp;&nbsp;&nbsp;DirectionTest_ClampS16
<LI><a href="#[1c]">&gt;&gt;</a>&nbsp;&nbsp;&nbsp;__aeabi_uidivmod
</UL>
<BR>[Called By]<UL><LI><a href="#[65]">&gt;&gt;</a>&nbsp;&nbsp;&nbsp;Motor_DirectionTest_Task
</UL>

<P><STRONG><a name="[6e]"></a>Motor_AbsS32</STRONG> (Thumb, 8 bytes, Stack size 0 bytes, mcs_motor.o(i.Motor_AbsS32))
<BR><BR>[Called By]<UL><LI><a href="#[6d]">&gt;&gt;</a>&nbsp;&nbsp;&nbsp;Motor_WriteAlphaBetaVector
</UL>

<P><STRONG><a name="[6f]"></a>Motor_ClampPwmCompare</STRONG> (Thumb, 22 bytes, Stack size 0 bytes, mcs_motor.o(i.Motor_ClampPwmCompare))
<BR><BR>[Called By]<UL><LI><a href="#[6d]">&gt;&gt;</a>&nbsp;&nbsp;&nbsp;Motor_WriteAlphaBetaVector
</UL>

<P><STRONG><a name="[6c]"></a>Motor_PwmOffsetToModQ15</STRONG> (Thumb, 50 bytes, Stack size 8 bytes, mcs_motor.o(i.Motor_PwmOffsetToModQ15))
<BR><BR>[Stack]<UL><LI>Max Depth = 88<LI>Call Chain = Motor_PwmOffsetToModQ15 &rArr; __aeabi_ldivmod &rArr; __aeabi_uldivmod &rArr; __aeabi_llsr
</UL>
<BR>[Calls]<UL><LI><a href="#[2e]">&gt;&gt;</a>&nbsp;&nbsp;&nbsp;__ARM_common_ll_mulss
<LI><a href="#[1d]">&gt;&gt;</a>&nbsp;&nbsp;&nbsp;__aeabi_ldivmod
</UL>
<BR>[Called By]<UL><LI><a href="#[6d]">&gt;&gt;</a>&nbsp;&nbsp;&nbsp;Motor_WriteAlphaBetaVector
</UL>

<P><STRONG><a name="[6d]"></a>Motor_WriteAlphaBetaVector</STRONG> (Thumb, 198 bytes, Stack size 32 bytes, mcs_motor.o(i.Motor_WriteAlphaBetaVector))
<BR><BR>[Stack]<UL><LI>Max Depth = 120<LI>Call Chain = Motor_WriteAlphaBetaVector &rArr; Motor_PwmOffsetToModQ15 &rArr; __aeabi_ldivmod &rArr; __aeabi_uldivmod &rArr; __aeabi_llsr
</UL>
<BR>[Calls]<UL><LI><a href="#[70]">&gt;&gt;</a>&nbsp;&nbsp;&nbsp;Motor_WritePwmCompare
<LI><a href="#[6c]">&gt;&gt;</a>&nbsp;&nbsp;&nbsp;Motor_PwmOffsetToModQ15
<LI><a href="#[6f]">&gt;&gt;</a>&nbsp;&nbsp;&nbsp;Motor_ClampPwmCompare
<LI><a href="#[6e]">&gt;&gt;</a>&nbsp;&nbsp;&nbsp;Motor_AbsS32
<LI><a href="#[1b]">&gt;&gt;</a>&nbsp;&nbsp;&nbsp;__aeabi_idivmod
</UL>
<BR>[Called By]<UL><LI><a href="#[6a]">&gt;&gt;</a>&nbsp;&nbsp;&nbsp;Motor_WriteDqVector
</UL>

<P><STRONG><a name="[7e]"></a>observer_div_1000</STRONG> (Thumb, 26 bytes, Stack size 8 bytes, sensorless_ctrl.o(i.observer_div_1000))
<BR><BR>[Stack]<UL><LI>Max Depth = 36<LI>Call Chain = observer_div_1000 &rArr; __aeabi_idivmod &rArr; __aeabi_uidivmod
</UL>
<BR>[Calls]<UL><LI><a href="#[1b]">&gt;&gt;</a>&nbsp;&nbsp;&nbsp;__aeabi_idivmod
</UL>
<BR>[Called By]<UL><LI><a href="#[33]">&gt;&gt;</a>&nbsp;&nbsp;&nbsp;foc_observer_update
</UL>

<P><STRONG><a name="[7d]"></a>observer_sat_s32</STRONG> (Thumb, 30 bytes, Stack size 0 bytes, sensorless_ctrl.o(i.observer_sat_s32))
<BR><BR>[Called By]<UL><LI><a href="#[33]">&gt;&gt;</a>&nbsp;&nbsp;&nbsp;foc_observer_update
</UL>

<P><STRONG><a name="[7f]"></a>observer_truncate_abs</STRONG> (Thumb, 14 bytes, Stack size 0 bytes, sensorless_ctrl.o(i.observer_truncate_abs))
<BR><BR>[Called By]<UL><LI><a href="#[33]">&gt;&gt;</a>&nbsp;&nbsp;&nbsp;foc_observer_update
</UL>

<P><STRONG><a name="[4e]"></a>SVM_LimitInt32</STRONG> (Thumb, 18 bytes, Stack size 0 bytes, mcs_math.o(i.SVM_LimitInt32))
<BR><BR>[Called By]<UL><LI><a href="#[4c]">&gt;&gt;</a>&nbsp;&nbsp;&nbsp;FOC_SVM_Q15
</UL>

<P><STRONG><a name="[83]"></a>utils_abs_s32</STRONG> (Thumb, 8 bytes, Stack size 0 bytes, mcs_math.o(i.utils_abs_s32))
<BR><BR>[Called By]<UL><LI><a href="#[35]">&gt;&gt;</a>&nbsp;&nbsp;&nbsp;utils_max_abs
</UL>

<P><STRONG><a name="[6b]"></a>Foc_InitMotorStruct</STRONG> (Thumb, 30 bytes, Stack size 0 bytes, mcs_pwm_foc.o(i.Foc_InitMotorStruct))
<BR><BR>[Called By]<UL><LI><a href="#[30]">&gt;&gt;</a>&nbsp;&nbsp;&nbsp;Motor_FocInit
<LI><a href="#[66]">&gt;&gt;</a>&nbsp;&nbsp;&nbsp;control_current
</UL>

<P><STRONG><a name="[7a]"></a>Foc_LimitS32</STRONG> (Thumb, 16 bytes, Stack size 0 bytes, mcs_pwm_foc.o(i.Foc_LimitS32))
<BR><BR>[Called By]<UL><LI><a href="#[66]">&gt;&gt;</a>&nbsp;&nbsp;&nbsp;control_current
</UL>

<P><STRONG><a name="[50]"></a>Foc_MulQ15</STRONG> (Thumb, 20 bytes, Stack size 8 bytes, mcs_pwm_foc.o(i.Foc_MulQ15))
<BR><BR>[Stack]<UL><LI>Max Depth = 32<LI>Call Chain = Foc_MulQ15 &rArr; __ARM_common_ll_mulss
</UL>
<BR>[Calls]<UL><LI><a href="#[2e]">&gt;&gt;</a>&nbsp;&nbsp;&nbsp;__ARM_common_ll_mulss
<LI><a href="#[51]">&gt;&gt;</a>&nbsp;&nbsp;&nbsp;Foc_SatS32FromS64
</UL>
<BR>[Called By]<UL><LI><a href="#[66]">&gt;&gt;</a>&nbsp;&nbsp;&nbsp;control_current
</UL>

<P><STRONG><a name="[7b]"></a>Foc_SatS16</STRONG> (Thumb, 20 bytes, Stack size 0 bytes, mcs_pwm_foc.o(i.Foc_SatS16))
<BR><BR>[Called By]<UL><LI><a href="#[66]">&gt;&gt;</a>&nbsp;&nbsp;&nbsp;control_current
</UL>

<P><STRONG><a name="[51]"></a>Foc_SatS32FromS64</STRONG> (Thumb, 30 bytes, Stack size 0 bytes, mcs_pwm_foc.o(i.Foc_SatS32FromS64))
<BR><BR>[Called By]<UL><LI><a href="#[66]">&gt;&gt;</a>&nbsp;&nbsp;&nbsp;control_current
<LI><a href="#[50]">&gt;&gt;</a>&nbsp;&nbsp;&nbsp;Foc_MulQ15
</UL>

<P><STRONG><a name="[7c]"></a>Foc_WriteSvmPwm</STRONG> (Thumb, 44 bytes, Stack size 8 bytes, mcs_pwm_foc.o(i.Foc_WriteSvmPwm))
<BR><BR>[Stack]<UL><LI>Max Depth = 8<LI>Call Chain = Foc_WriteSvmPwm
</UL>
<BR>[Called By]<UL><LI><a href="#[66]">&gt;&gt;</a>&nbsp;&nbsp;&nbsp;control_current
</UL>

<P><STRONG><a name="[66]"></a>control_current</STRONG> (Thumb, 896 bytes, Stack size 112 bytes, mcs_pwm_foc.o(i.control_current))
<BR><BR>[Stack]<UL><LI>Max Depth = 184<LI>Call Chain = control_current &rArr; __aeabi_lmul &rArr; __aeabi_llsl
</UL>
<BR>[Calls]<UL><LI><a href="#[37]">&gt;&gt;</a>&nbsp;&nbsp;&nbsp;utils_sqrt_u32
<LI><a href="#[2e]">&gt;&gt;</a>&nbsp;&nbsp;&nbsp;__ARM_common_ll_mulss
<LI><a href="#[7c]">&gt;&gt;</a>&nbsp;&nbsp;&nbsp;Foc_WriteSvmPwm
<LI><a href="#[51]">&gt;&gt;</a>&nbsp;&nbsp;&nbsp;Foc_SatS32FromS64
<LI><a href="#[7b]">&gt;&gt;</a>&nbsp;&nbsp;&nbsp;Foc_SatS16
<LI><a href="#[50]">&gt;&gt;</a>&nbsp;&nbsp;&nbsp;Foc_MulQ15
<LI><a href="#[7a]">&gt;&gt;</a>&nbsp;&nbsp;&nbsp;Foc_LimitS32
<LI><a href="#[6b]">&gt;&gt;</a>&nbsp;&nbsp;&nbsp;Foc_InitMotorStruct
<LI><a href="#[4c]">&gt;&gt;</a>&nbsp;&nbsp;&nbsp;FOC_SVM_Q15
<LI><a href="#[1f]">&gt;&gt;</a>&nbsp;&nbsp;&nbsp;__aeabi_lmul
</UL>
<BR>[Called By]<UL><LI><a href="#[38]">&gt;&gt;</a>&nbsp;&nbsp;&nbsp;Motor_CurrentLoopRun
</UL>

<P><STRONG><a name="[5c]"></a>NVIC_SetPriority</STRONG> (Thumb, 60 bytes, Stack size 0 bytes, hardware_init.o(i.NVIC_SetPriority))
<BR><BR>[Called By]<UL><LI><a href="#[53]">&gt;&gt;</a>&nbsp;&nbsp;&nbsp;Hardware_init
<LI><a href="#[5a]">&gt;&gt;</a>&nbsp;&nbsp;&nbsp;UART_HardWare_Init
</UL>
<P>
<H3>
Undefined Global Symbols
</H3>
<P><STRONG><a name="[1a]"></a>__arm_fini_</STRONG> (Unknown, 0 bytes, Stack size 0 bytes, UNDEFINED)
<BR><BR>[Called By]<UL><LI><a href="#[19]">&gt;&gt;</a>&nbsp;&nbsp;&nbsp;__rt_lib_shutdown_fini
</UL>
<HR></body></html>
