Component: ARM Compiler 5.06 update 7 (build 960) Tool: armlink [4d3601]

==============================================================================

Section Cross References

    main.o(i.main) refers to hardware_init.o(i.Hardware_init) for Hardware_init
    main.o(i.main) refers to mcs_init.o(i.mc_sys_init) for mc_sys_init
    main.o(i.main) refers to manage.o(i.User_app_init) for User_app_init
    interrupt.o(i.ADC_IRQHandler) refers to lks32mc03x_gpio.o(i.GPIO_SetBits) for GPIO_SetBits
    interrupt.o(i.ADC_IRQHandler) refers to interrupt.o(i.FeedDogcmd) for FeedDogcmd
    interrupt.o(i.ADC_IRQHandler) refers to mcs_foc_hw.o(i.AdcEocHandler) for AdcEocHandler
    interrupt.o(i.ADC_IRQHandler) refers to manage.o(i.Task_vTickTimerEvent) for Task_vTickTimerEvent
    interrupt.o(i.ADC_IRQHandler) refers to lks32mc03x_gpio.o(i.GPIO_ResetBits) for GPIO_ResetBits
    interrupt.o(i.ADC_IRQHandler) refers to mcs_control.o(i.StopMotorImmdly) for StopMotorImmdly
    interrupt.o(i.ADC_IRQHandler) refers to interrupt.o(.data) for .data
    interrupt.o(i.CMP_IRQHandler) refers to interrupt.o(.data) for .data
    interrupt.o(i.FeedDogcmd) refers to lks32mc03x_iwdg.o(i.IWDG_Feed) for IWDG_Feed
    interrupt.o(i.FeedDogcmd) refers to interrupt.o(.data) for .data
    interrupt.o(i.HardFault_Handler) refers to mcs_control.o(i.StopMotorImmdly) for StopMotorImmdly
    interrupt.o(i.UART_IRQHandler) refers to lks32mc03x_uart.o(i.UART_SendData) for UART_SendData
    interrupt.o(i.UART_IRQHandler) refers to lks32mc03x_uart.o(i.UART_ReadData) for UART_ReadData
    interrupt.o(i.UART_IRQHandler) refers to manage.o(.bss) for UART0_Message
    interrupt.o(i.UART_IRQHandler) refers to manage.o(.data) for TickRecevice
    manage.o(i.Task_vTickTimerEvent) refers to manage.o(.data) for .data
    mcs_init.o(i.CurrentOffsetCalibration) refers to mcs_init.o(i.ConfigAdcModeMotor0) for ConfigAdcModeMotor0
    mcs_init.o(i.CurrentOffsetCalibration) refers to hardware_init.o(i.InitAdcMotor0) for InitAdcMotor0
    mcs_init.o(i.CurrentOffsetCalibration) refers to mcs_pwm_foc.o(i.Motor_FocInit) for Motor_FocInit
    mcs_init.o(i.CurrentOffsetCalibration) refers to mcs_init.o(.data) for .data
    mcs_init.o(i.CurrentOffsetCalibration) refers to mcs_pwm_foc.o(.bss) for m_motor
    mcs_init.o(i.mc_sys_init) refers to hardware_init.o(i.delay) for delay
    mcs_init.o(i.mc_sys_init) refers to mcs_init.o(i.CurrentOffsetCalibration) for CurrentOffsetCalibration
    mcs_init.o(i.mc_sys_init) refers to sensorless_ctrl.o(i.foc_observer_reset) for foc_observer_reset
    mcs_init.o(i.mc_sys_init) refers to mcs_pwm_foc.o(.bss) for m_motor
    mcs_control.o(i.StopMotorImmdly) refers to mcs_foc_hw.o(i.PwmAOutputs) for PwmAOutputs
    mcs_foc_hw.o(i.AdcEocHandler) refers to mcs_foc_hw.o(i.AdcSampleCal) for AdcSampleCal
    mcs_foc_hw.o(i.AdcEocHandler) refers to mcs_foc_hw.o(i.PhaseCurrent_CheckFast) for PhaseCurrent_CheckFast
    mcs_foc_hw.o(i.AdcEocHandler) refers to mcs_foc_hw.o(i.__ARM_common_ll_mulss) for __ARM_common_ll_mulss
    mcs_foc_hw.o(i.AdcEocHandler) refers to mcs_foc_hw.o(i.FocHw_SatS16) for FocHw_SatS16
    mcs_foc_hw.o(i.AdcEocHandler) refers to mcs_foc_hw.o(.data) for .data
    mcs_foc_hw.o(i.AdcEocHandler) refers to mcs_pwm_foc.o(.bss) for m_motor
    mcs_foc_hw.o(i.AdcSampleCal) refers to mcs_pwm_foc.o(i.Motor_FocInit) for Motor_FocInit
    mcs_foc_hw.o(i.AdcSampleCal) refers to mcs_foc_hw.o(i.FocHw_SatS16) for FocHw_SatS16
    mcs_foc_hw.o(i.AdcSampleCal) refers to mcs_foc_hw.o(i.FocHw_AdcToCurrentMa) for FocHw_AdcToCurrentMa
    mcs_foc_hw.o(i.AdcSampleCal) refers to mcs_foc_hw.o(i.FocHw_ModToVoltageMv) for FocHw_ModToVoltageMv
    mcs_foc_hw.o(i.AdcSampleCal) refers to sensorless_ctrl.o(i.foc_observer_update) for foc_observer_update
    mcs_foc_hw.o(i.AdcSampleCal) refers to mcs_motor.o(i.Motor_GetSinCosQ15) for Motor_GetSinCosQ15
    mcs_foc_hw.o(i.AdcSampleCal) refers to mcs_math.o(i.utils_max_abs) for utils_max_abs
    mcs_foc_hw.o(i.AdcSampleCal) refers to mcs_math.o(i.utils_truncate_number_abs) for utils_truncate_number_abs
    mcs_foc_hw.o(i.AdcSampleCal) refers to mcs_foc_hw.o(i.__ARM_common_ll_mulss) for __ARM_common_ll_mulss
    mcs_foc_hw.o(i.AdcSampleCal) refers to mcs_math.o(i.utils_sqrt_u32) for utils_sqrt_u32
    mcs_foc_hw.o(i.AdcSampleCal) refers to mcs_pwm_foc.o(i.Motor_CurrentLoopRun) for Motor_CurrentLoopRun
    mcs_foc_hw.o(i.AdcSampleCal) refers to mcs_pwm_foc.o(.bss) for m_motor
    mcs_foc_hw.o(i.AdcSampleCal) refers to mcs_init.o(.data) for iAdcRes1
    mcs_foc_hw.o(i.AdcSampleCal) refers to mcs_init.o(.data) for iAdcRes2
    mcs_foc_hw.o(i.AdcSampleCal) refers to mcs_foc_hw.o(.data) for .data
    mcs_foc_hw.o(i.FocHw_AdcToCurrentMa) refers to mcs_foc_hw.o(i.__ARM_common_ll_mulss) for __ARM_common_ll_mulss
    mcs_foc_hw.o(i.FocHw_AdcToCurrentMa) refers to mcs_foc_hw.o(i.FocHw_SatS16) for FocHw_SatS16
    mcs_foc_hw.o(i.FocHw_ModToVoltageMv) refers to mcs_foc_hw.o(i.__ARM_common_ll_mulss) for __ARM_common_ll_mulss
    mcs_foc_hw.o(i.PhaseCurrent_CheckFast) refers to mcs_foc_hw.o(i.FocHw_SatS16) for FocHw_SatS16
    mcs_foc_hw.o(i.PhaseCurrent_CheckFast) refers to mcs_foc_hw.o(i.FocHw_AbsS32ToU16) for FocHw_AbsS32ToU16
    mcs_foc_hw.o(i.PhaseCurrent_CheckFast) refers to mcs_init.o(.data) for hPhaseAOffset
    mcs_foc_hw.o(i.PhaseCurrent_CheckFast) refers to mcs_foc_hw.o(.data) for .data
    mcs_motor.o(i.MCS_Motor_Stop) refers to mcs_foc_hw.o(i.PwmAOutputs) for PwmAOutputs
    mcs_motor.o(i.Motor_GetSinCosQ15) refers to mcs_motor.o(.constdata) for .constdata
    mcs_motor.o(i.Motor_WriteAlphaBetaVector) refers to mcs_motor.o(i.Motor_AbsS32) for Motor_AbsS32
    mcs_motor.o(i.Motor_WriteAlphaBetaVector) refers to idiv.o(.text) for __aeabi_idivmod
    mcs_motor.o(i.Motor_WriteAlphaBetaVector) refers to mcs_motor.o(i.Motor_ClampPwmCompare) for Motor_ClampPwmCompare
    mcs_motor.o(i.Motor_WriteAlphaBetaVector) refers to mcs_motor.o(i.Motor_WritePwmCompare) for Motor_WritePwmCompare
    mcs_motor.o(i.Motor_WriteDqVector) refers to mcs_motor.o(i.Motor_GetSinCosQ15) for Motor_GetSinCosQ15
    mcs_motor.o(i.Motor_WriteDqVector) refers to mcs_motor.o(i.Motor_WriteAlphaBetaVector) for Motor_WriteAlphaBetaVector
    mcs_motor.o(i.Motor_WriteNeutralPwm) refers to mcs_motor.o(i.Motor_WritePwmCompare) for Motor_WritePwmCompare
    sensorless_ctrl.o(i.foc_observer_update) refers to mcs_foc_hw.o(i.__ARM_common_ll_mulss) for __ARM_common_ll_mulss
    sensorless_ctrl.o(i.foc_observer_update) refers to sensorless_ctrl.o(i.observer_sat_s32) for observer_sat_s32
    sensorless_ctrl.o(i.foc_observer_update) refers to sensorless_ctrl.o(i.observer_div_1000) for observer_div_1000
    sensorless_ctrl.o(i.foc_observer_update) refers to llmul.o(.text) for __aeabi_lmul
    sensorless_ctrl.o(i.foc_observer_update) refers to sensorless_ctrl.o(i.observer_truncate_abs) for observer_truncate_abs
    sensorless_ctrl.o(i.foc_observer_update) refers to mcs_math.o(i.utils_sqrt_u32) for utils_sqrt_u32
    sensorless_ctrl.o(i.foc_observer_update) refers to idiv.o(.text) for __aeabi_idivmod
    sensorless_ctrl.o(i.foc_observer_update) refers to sensorless_ctrl.o(.constdata) for .constdata
    sensorless_ctrl.o(i.observer_div_1000) refers to idiv.o(.text) for __aeabi_idivmod
    mcs_math.o(i.FOC_SVM_Q15) refers to mcs_math.o(i.__ARM_common_switch8) for __ARM_common_switch8
    mcs_math.o(i.FOC_SVM_Q15) refers to mcs_math.o(i.SVM_LimitInt32) for SVM_LimitInt32
    mcs_math.o(i.utils_max_abs) refers to mcs_math.o(i.utils_abs_s32) for utils_abs_s32
    mcs_math.o(i.utils_min_abs) refers to mcs_math.o(i.utils_abs_s32) for utils_abs_s32
    mcs_math.o(i.utils_truncate_number_abs) refers to mcs_math.o(i.utils_truncate_number) for utils_truncate_number
    mcs_pwm_foc.o(i.Foc_InitMotorStruct) refers to mcs_pwm_foc.o(.data) for .data
    mcs_pwm_foc.o(i.Foc_MulQ15) refers to mcs_foc_hw.o(i.__ARM_common_ll_mulss) for __ARM_common_ll_mulss
    mcs_pwm_foc.o(i.Foc_MulQ15) refers to mcs_pwm_foc.o(i.Foc_SatS32FromS64) for Foc_SatS32FromS64
    mcs_pwm_foc.o(i.Motor_CurrentLoopRun) refers to mcs_pwm_foc.o(i.control_current) for control_current
    mcs_pwm_foc.o(i.Motor_CurrentLoopRun) refers to mcs_pwm_foc.o(.bss) for .bss
    mcs_pwm_foc.o(i.Motor_FocInit) refers to mcs_pwm_foc.o(i.Foc_InitMotorStruct) for Foc_InitMotorStruct
    mcs_pwm_foc.o(i.Motor_FocInit) refers to mcs_pwm_foc.o(.bss) for .bss
    mcs_pwm_foc.o(i.Motor_FocLoopRun) refers to mcs_pwm_foc.o(i.Foc_InitMotorStruct) for Foc_InitMotorStruct
    mcs_pwm_foc.o(i.Motor_FocLoopRun) refers to mcs_motor.o(i.Motor_GetSinCosQ15) for Motor_GetSinCosQ15
    mcs_pwm_foc.o(i.Motor_FocLoopRun) refers to mcs_pwm_foc.o(i.control_current) for control_current
    mcs_pwm_foc.o(i.Motor_FocLoopRun) refers to mcs_pwm_foc.o(.bss) for .bss
    mcs_pwm_foc.o(i.control_current) refers to mcs_pwm_foc.o(i.Foc_InitMotorStruct) for Foc_InitMotorStruct
    mcs_pwm_foc.o(i.control_current) refers to mcs_pwm_foc.o(i.Foc_LimitS32) for Foc_LimitS32
    mcs_pwm_foc.o(i.control_current) refers to mcs_pwm_foc.o(i.Foc_MulQ15) for Foc_MulQ15
    mcs_pwm_foc.o(i.control_current) refers to mcs_pwm_foc.o(i.Foc_SatS16) for Foc_SatS16
    mcs_pwm_foc.o(i.control_current) refers to mcs_foc_hw.o(i.__ARM_common_ll_mulss) for __ARM_common_ll_mulss
    mcs_pwm_foc.o(i.control_current) refers to mcs_pwm_foc.o(i.Foc_SatS32FromS64) for Foc_SatS32FromS64
    mcs_pwm_foc.o(i.control_current) refers to llmul.o(.text) for __aeabi_lmul
    mcs_pwm_foc.o(i.control_current) refers to mcs_math.o(i.utils_sqrt_u32) for utils_sqrt_u32
    mcs_pwm_foc.o(i.control_current) refers to mcs_math.o(i.FOC_SVM_Q15) for FOC_SVM_Q15
    mcs_pwm_foc.o(i.control_current) refers to mcs_pwm_foc.o(i.Foc_WriteSvmPwm) for Foc_WriteSvmPwm
    hardware_init.o(i.Clock_Init) refers to lks32mc03x_flash.o(i.SYS_VolSelModule) for SYS_VolSelModule
    hardware_init.o(i.Clock_Init) refers to hardware_init.o(i.delay) for delay
    hardware_init.o(i.Hardware_init) refers to hardware_init.o(i.InitAdcMotor0) for InitAdcMotor0
    hardware_init.o(i.Hardware_init) refers to hardware_init.o(i.InitEpwmMotor0) for InitEpwmMotor0
    hardware_init.o(i.Hardware_init) refers to hardware_init.o(i.InitBroadGPIO) for InitBroadGPIO
    hardware_init.o(i.Hardware_init) refers to hardware_init.o(i.InitDacMotor0) for InitDacMotor0
    hardware_init.o(i.Hardware_init) refers to hardware_init.o(i.InitPgaMotor0) for InitPgaMotor0
    hardware_init.o(i.Hardware_init) refers to hardware_init.o(i.InitCmpMotor0) for InitCmpMotor0
    hardware_init.o(i.Hardware_init) refers to hardware_init.o(i.InitWatchDog) for InitWatchDog
    hardware_init.o(i.Hardware_init) refers to hardware_init.o(i.UART_HardWare_Init) for UART_HardWare_Init
    hardware_init.o(i.Hardware_init) refers to lks32mc03x_tmp.o(i.TempSensor_Init) for TempSensor_Init
    hardware_init.o(i.Hardware_init) refers to hardware_init.o(i.delay) for delay
    hardware_init.o(i.Hardware_init) refers to hardware_init.o(i.NVIC_SetPriority) for NVIC_SetPriority
    hardware_init.o(i.InitAdcMotor0) refers to lks32mc03x_sys.o(i.SYS_AnalogModuleClockCmd) for SYS_AnalogModuleClockCmd
    hardware_init.o(i.InitBroadGPIO) refers to lks32mc03x_gpio.o(i.GPIO_StructInit) for GPIO_StructInit
    hardware_init.o(i.InitBroadGPIO) refers to lks32mc03x_gpio.o(i.GPIO_Init) for GPIO_Init
    hardware_init.o(i.InitBroadGPIO) refers to lks32mc03x_gpio.o(i.GPIO_PinAFConfig) for GPIO_PinAFConfig
    hardware_init.o(i.InitCmpMotor0) refers to lks32mc03x_cmp.o(i.CMP_StructInit) for CMP_StructInit
    hardware_init.o(i.InitCmpMotor0) refers to hardware_init.o(i.Clock_Init) for Clock_Init
    hardware_init.o(i.InitCmpMotor0) refers to lks32mc03x_sys.o(i.SYS_AnalogModuleClockCmd) for SYS_AnalogModuleClockCmd
    hardware_init.o(i.InitCmpMotor0) refers to lks32mc03x_cmp.o(i.CMP_Init) for CMP_Init
    hardware_init.o(i.InitDacMotor0) refers to lks32mc03x_dac.o(i.DAC_StructInit) for DAC_StructInit
    hardware_init.o(i.InitDacMotor0) refers to lks32mc03x_dac.o(i.DAC_Init) for DAC_Init
    hardware_init.o(i.InitDacMotor0) refers to lks32mc03x_dac.o(i.DAC_OutputVoltage) for DAC_OutputVoltage
    hardware_init.o(i.InitEpwmMotor0) refers to lks32mc03x_mcpwm.o(i.MCPWM_StructInit) for MCPWM_StructInit
    hardware_init.o(i.InitEpwmMotor0) refers to lks32mc03x_mcpwm.o(i.MCPWM_Init) for MCPWM_Init
    hardware_init.o(i.InitPgaMotor0) refers to lks32mc03x_sys.o(i.SYS_AnalogModuleClockCmd) for SYS_AnalogModuleClockCmd
    hardware_init.o(i.InitWatchDog) refers to lks32mc03x_sys.o(i.SYS_EnableWatchDog) for SYS_EnableWatchDog
    hardware_init.o(i.SystemInit) refers to hardware_init.o(i.Clock_Init) for Clock_Init
    hardware_init.o(i.UART_HardWare_Init) refers to lks32mc03x_gpio.o(i.GPIO_StructInit) for GPIO_StructInit
    hardware_init.o(i.UART_HardWare_Init) refers to lks32mc03x_gpio.o(i.GPIO_PinAFConfig) for GPIO_PinAFConfig
    hardware_init.o(i.UART_HardWare_Init) refers to lks32mc03x_gpio.o(i.GPIO_Init) for GPIO_Init
    hardware_init.o(i.UART_HardWare_Init) refers to lks32mc03x_uart.o(i.UART_StructInit) for UART_StructInit
    hardware_init.o(i.UART_HardWare_Init) refers to lks32mc03x_uart.o(i.UART_Init) for UART_Init
    hardware_init.o(i.UART_HardWare_Init) refers to hardware_init.o(i.NVIC_SetPriority) for NVIC_SetPriority
    lks32mc03x_adc.o(i.ADC_Init) refers to lks32mc03x_sys.o(i.SYS_AnalogModuleClockCmd) for SYS_AnalogModuleClockCmd
    lks32mc03x_cmp.o(i.CMP_Init) refers to lks32mc03x_sys.o(i.SYS_ModuleClockCmd) for SYS_ModuleClockCmd
    lks32mc03x_dac.o(i.DAC_Init) refers to lks32mc03x_sys.o(i.SYS_AnalogModuleClockCmd) for SYS_AnalogModuleClockCmd
    lks32mc03x_dac.o(i.DAC_Init) refers to lks32mc03x_nvr.o(i.Read_Trim) for Read_Trim
    lks32mc03x_dac.o(i.DAC_Init) refers to lks32mc03x_dac.o(.data) for .data
    lks32mc03x_dac.o(i.DAC_OutputValue) refers to lks32mc03x_dac.o(.data) for .data
    lks32mc03x_dac.o(i.DAC_OutputVoltage) refers to lks32mc03x_dac.o(.data) for .data
    lks32mc03x_dac.o(i.DAC_StructInit) refers to memseta.o(.text) for __aeabi_memclr
    lks32mc03x_dma.o(i.DMA_StructInit) refers to memseta.o(.text) for __aeabi_memclr4
    lks32mc03x_flash.o(i.Nvr_UserRoomErase) refers to lks32mc03x_flash.o(i.EraseSector) for EraseSector
    lks32mc03x_flash.o(i.Nvr_UserRoomErase) refers to lks32mc03x_flash.o(.data) for .data
    lks32mc03x_flash.o(i.Nvr_UserRoomWrite) refers to lks32mc03x_flash.o(i.ProgramPage) for ProgramPage
    lks32mc03x_flash.o(i.Nvr_UserRoomWrite) refers to lks32mc03x_flash.o(.data) for .data
    lks32mc03x_flash.o(i.SYS_VolSelModule) refers to lks32mc03x_nvr.o(i.Read_Trim) for Read_Trim
    lks32mc03x_flash.o(i.SYS_VolSelModule) refers to lks32mc03x_flash.o(i.GetRchTrimVal) for GetRchTrimVal
    lks32mc03x_gpio.o(i.EXTI_Trigger_Config) refers to mcs_math.o(i.__ARM_common_switch8) for __ARM_common_switch8
    lks32mc03x_gpio.o(i.GPIO_PinAFConfig) refers to mcs_math.o(i.__ARM_common_switch8) for __ARM_common_switch8
    lks32mc03x_hall.o(i.HALL_Init) refers to lks32mc03x_sys.o(i.SYS_ModuleClockCmd) for SYS_ModuleClockCmd
    lks32mc03x_i2c.o(i.I2C_Init) refers to lks32mc03x_sys.o(i.SYS_ModuleClockCmd) for SYS_ModuleClockCmd
    lks32mc03x_i2c.o(i.I2C_Init) refers to lks32mc03x_sys.o(i.SYS_SoftResetModule) for SYS_SoftResetModule
    lks32mc03x_i2c.o(i.I2C_Init) refers to uidiv.o(.text) for __aeabi_uidivmod
    lks32mc03x_i2c.o(i.I2C_Init) refers to lks32mc03x_i2c.o(i.i2c_dma_init) for i2c_dma_init
    lks32mc03x_i2c.o(i.i2c_dma_delay_over) refers to lks32mc03x_i2c.o(.data) for .data
    lks32mc03x_i2c.o(i.i2c_dma_init) refers to lks32mc03x_dma.o(i.DMA_Init) for DMA_Init
    lks32mc03x_i2c.o(i.i2c_dma_init) refers to lks32mc03x_dma.o(i.DMA_CHx_EN) for DMA_CHx_EN
    lks32mc03x_i2c.o(i.i2c_dma_rx) refers to lks32mc03x_i2c.o(i.i2c_dma_delay_over) for i2c_dma_delay_over
    lks32mc03x_i2c.o(i.i2c_dma_rx) refers to lks32mc03x_i2c.o(.data) for .data
    lks32mc03x_i2c.o(i.i2c_dma_state_over) refers to lks32mc03x_i2c.o(.data) for .data
    lks32mc03x_i2c.o(i.i2c_dma_tx) refers to lks32mc03x_i2c.o(i.i2c_dma_delay_over) for i2c_dma_delay_over
    lks32mc03x_i2c.o(i.i2c_dma_tx) refers to lks32mc03x_i2c.o(.data) for .data
    lks32mc03x_mcpwm.o(i.MCPWM_Init) refers to lks32mc03x_sys.o(i.SYS_ModuleClockCmd) for SYS_ModuleClockCmd
    lks32mc03x_mcpwm.o(i.MCPWM_StructInit) refers to memseta.o(.text) for __aeabi_memclr
    lks32mc03x_spi.o(i.SPI_Init) refers to lks32mc03x_sys.o(i.SYS_ModuleClockCmd) for SYS_ModuleClockCmd
    lks32mc03x_sys.o(i.SYS_EnableWatchDog) refers to lks32mc03x_iwdg.o(i.IWDG_Init) for IWDG_Init
    lks32mc03x_timer.o(i.TIM_TimerInit) refers to lks32mc03x_sys.o(i.SYS_ModuleClockCmd) for SYS_ModuleClockCmd
    lks32mc03x_tmp.o(i.GetCurrentTemperature) refers to idiv.o(.text) for __aeabi_idivmod
    lks32mc03x_tmp.o(i.GetCurrentTemperature) refers to lks32mc03x_tmp.o(.data) for .data
    lks32mc03x_tmp.o(i.TempSensor_Init) refers to lks32mc03x_nvr.o(i.Read_Trim) for Read_Trim
    lks32mc03x_tmp.o(i.TempSensor_Init) refers to lks32mc03x_tmp.o(.data) for .data
    lks32mc03x_uart.o(i.UART_Init) refers to lks32mc03x_sys.o(i.SYS_ModuleClockCmd) for SYS_ModuleClockCmd
    lks32mc03x_uart.o(i.UART_Init) refers to ldiv.o(.text) for __aeabi_ldivmod
    lks32mc03x_uart.o(i.UART_SendnData) refers to lks32mc03x_uart.o(.data) for .data
    lks32mc03x_uart.o(i.UART_SendnData) refers to lks32mc03x_uart.o(.bss) for .bss
    lks32mc03x_uart.o(i.UART_SendnData_1ms) refers to lks32mc03x_uart.o(.data) for .data
    lks32mc03x_uart.o(i.UART_SendnData_1ms) refers to lks32mc03x_uart.o(.bss) for .bss
    startup_lks32mc03x.o(RESET) refers to startup_lks32mc03x.o(STACK) for __initial_sp
    startup_lks32mc03x.o(RESET) refers to startup_lks32mc03x.o(.text) for Reset_Handler
    startup_lks32mc03x.o(RESET) refers to interrupt.o(i.HardFault_Handler) for HardFault_Handler
    startup_lks32mc03x.o(RESET) refers to interrupt.o(i.MCPWM0_IRQHandler) for MCPWM0_IRQHandler
    startup_lks32mc03x.o(RESET) refers to interrupt.o(i.UART_IRQHandler) for UART_IRQHandler
    startup_lks32mc03x.o(RESET) refers to interrupt.o(i.CMP_IRQHandler) for CMP_IRQHandler
    startup_lks32mc03x.o(RESET) refers to interrupt.o(i.ADC_IRQHandler) for ADC_IRQHandler
    startup_lks32mc03x.o(.text) refers to startup_lks32mc03x.o(STACK) for __initial_sp
    startup_lks32mc03x.o(.text) refers to hardware_init.o(i.SystemInit) for SystemInit
    startup_lks32mc03x.o(.text) refers to entry.o(.ARM.Collect$$$$00000000) for __main
    entry.o(.ARM.Collect$$$$00000000) refers (Special) to entry10a.o(.ARM.Collect$$$$0000000F) for __rt_final_cpp
    entry.o(.ARM.Collect$$$$00000000) refers (Special) to entry11a.o(.ARM.Collect$$$$00000011) for __rt_final_exit
    entry.o(.ARM.Collect$$$$00000000) refers (Special) to entry12b.o(.ARM.Collect$$$$0000000E) for __rt_lib_shutdown_fini
    entry.o(.ARM.Collect$$$$00000000) refers (Special) to entry7b.o(.ARM.Collect$$$$00000008) for _main_clock
    entry.o(.ARM.Collect$$$$00000000) refers (Special) to entry8b.o(.ARM.Collect$$$$0000000A) for _main_cpp_init
    entry.o(.ARM.Collect$$$$00000000) refers (Special) to entry9a.o(.ARM.Collect$$$$0000000B) for _main_init
    entry.o(.ARM.Collect$$$$00000000) refers (Special) to entry5.o(.ARM.Collect$$$$00000004) for _main_scatterload
    entry.o(.ARM.Collect$$$$00000000) refers (Special) to entry2.o(.ARM.Collect$$$$00000001) for _main_stk
    idiv.o(.text) refers to uidiv.o(.text) for __aeabi_uidivmod
    ldiv.o(.text) refers to uldiv.o(.text) for __aeabi_uldivmod
    llmul.o(.text) refers to llshl.o(.text) for __aeabi_llsl
    entry2.o(.ARM.Collect$$$$00000001) refers to entry2.o(.ARM.Collect$$$$00002712) for __lit__00000000
    entry2.o(.ARM.Collect$$$$00002712) refers to startup_lks32mc03x.o(STACK) for __initial_sp
    entry2.o(__vectab_stack_and_reset_area) refers to startup_lks32mc03x.o(STACK) for __initial_sp
    entry2.o(__vectab_stack_and_reset_area) refers to entry.o(.ARM.Collect$$$$00000000) for __main
    entry5.o(.ARM.Collect$$$$00000004) refers to init.o(.text) for __scatterload
    entry9a.o(.ARM.Collect$$$$0000000B) refers to main.o(i.main) for main
    entry9b.o(.ARM.Collect$$$$0000000C) refers to main.o(i.main) for main
    uldiv.o(.text) refers to llushr.o(.text) for __aeabi_llsr
    uldiv.o(.text) refers to llshl.o(.text) for __aeabi_llsl
    init.o(.text) refers to entry5.o(.ARM.Collect$$$$00000004) for __main_after_scatterload


==============================================================================

Removing Unused input sections from the image.

    Removing main.o(.rev16_text), (4 bytes).
    Removing main.o(.revsh_text), (4 bytes).
    Removing main.o(i.Task_Scheduler), (2 bytes).
    Removing interrupt.o(.rev16_text), (4 bytes).
    Removing interrupt.o(.revsh_text), (4 bytes).
    Removing interrupt.o(.data), (2 bytes).
    Removing manage.o(.rev16_text), (4 bytes).
    Removing manage.o(.revsh_text), (4 bytes).
    Removing manage.o(.data), (4 bytes).
    Removing manage.o(.data), (1 bytes).
    Removing manage.o(.data), (1 bytes).
    Removing manage.o(.data), (1 bytes).
    Removing manage.o(.data), (2 bytes).
    Removing user_app.o(.rev16_text), (4 bytes).
    Removing user_app.o(.revsh_text), (4 bytes).
    Removing user_app.o(i.User_App_Task_Run), (2 bytes).
    Removing app_uart_comm.o(.rev16_text), (4 bytes).
    Removing app_uart_comm.o(.revsh_text), (4 bytes).
    Removing app_control.o(.rev16_text), (4 bytes).
    Removing app_control.o(.revsh_text), (4 bytes).
    Removing app_height.o(.rev16_text), (4 bytes).
    Removing app_height.o(.revsh_text), (4 bytes).
    Removing mcs_init.o(.rev16_text), (4 bytes).
    Removing mcs_init.o(.revsh_text), (4 bytes).
    Removing mcs_init.o(i.judgement_offset), (2 bytes).
    Removing mcs_init.o(.data), (2 bytes).
    Removing mcs_error_handling.o(.rev16_text), (4 bytes).
    Removing mcs_error_handling.o(.revsh_text), (4 bytes).
    Removing mcs_control.o(.rev16_text), (4 bytes).
    Removing mcs_control.o(.revsh_text), (4 bytes).
    Removing mcs_foc_hw.o(.rev16_text), (4 bytes).
    Removing mcs_foc_hw.o(.revsh_text), (4 bytes).
    Removing mcs_foc_hw.o(i.AcqAdcSampDatPhaseU), (12 bytes).
    Removing mcs_foc_hw.o(i.AcqAdcSampDatPhaseV), (12 bytes).
    Removing mcs_foc_hw.o(i.AcqAdcSampDatUdc), (12 bytes).
    Removing mcs_foc_hw.o(.data), (4 bytes).
    Removing mcs_foc_hw.o(.data), (4 bytes).
    Removing mcs_foc_hw.o(.data), (2 bytes).
    Removing mcs_foc_hw.o(.data), (2 bytes).
    Removing mcs_foc_hw.o(.data), (2 bytes).
    Removing mcs_foc_hw.o(.data), (2 bytes).
    Removing mcs_foc_hw.o(.data), (2 bytes).
    Removing mcs_foc_hw.o(.data), (2 bytes).
    Removing mcs_foc_hw.o(.data), (1 bytes).
    Removing mcs_task.o(.rev16_text), (4 bytes).
    Removing mcs_task.o(.revsh_text), (4 bytes).
    Removing mcs_task.o(i.Mcs_Task_Run), (2 bytes).
    Removing mcs_motor.o(.rev16_text), (4 bytes).
    Removing mcs_motor.o(.revsh_text), (4 bytes).
    Removing mcs_motor.o(i.MCS_Motor_Stop), (10 bytes).
    Removing mcs_motor.o(i.Motor_AbsS32), (8 bytes).
    Removing mcs_motor.o(i.Motor_ClampPwmCompare), (28 bytes).
    Removing mcs_motor.o(i.Motor_WriteAlphaBetaVector), (160 bytes).
    Removing mcs_motor.o(i.Motor_WriteDqVector), (52 bytes).
    Removing mcs_motor.o(i.Motor_WriteNeutralPwm), (20 bytes).
    Removing mcs_motor.o(i.Motor_WritePwmCompare), (28 bytes).
    Removing mcs_hall.o(.rev16_text), (4 bytes).
    Removing mcs_hall.o(.revsh_text), (4 bytes).
    Removing sensorless_ctrl.o(.rev16_text), (4 bytes).
    Removing sensorless_ctrl.o(.revsh_text), (4 bytes).
    Removing mcs_math.o(.rev16_text), (4 bytes).
    Removing mcs_math.o(.revsh_text), (4 bytes).
    Removing mcs_math.o(i.utils_min_abs), (30 bytes).
    Removing mcs_pwm_foc.o(.rev16_text), (4 bytes).
    Removing mcs_pwm_foc.o(.revsh_text), (4 bytes).
    Removing mcs_pwm_foc.o(i.Motor_FocLoopRun), (52 bytes).
    Removing hardware_init.o(.rev16_text), (4 bytes).
    Removing hardware_init.o(.revsh_text), (4 bytes).
    Removing lks32mc03x_adc.o(.rev16_text), (4 bytes).
    Removing lks32mc03x_adc.o(.revsh_text), (4 bytes).
    Removing lks32mc03x_adc.o(i.ADC_Init), (72 bytes).
    Removing lks32mc03x_adc.o(i.ADC_StructInit), (32 bytes).
    Removing lks32mc03x_cmp.o(.rev16_text), (4 bytes).
    Removing lks32mc03x_cmp.o(.revsh_text), (4 bytes).
    Removing lks32mc03x_dac.o(.rev16_text), (4 bytes).
    Removing lks32mc03x_dac.o(.revsh_text), (4 bytes).
    Removing lks32mc03x_dac.o(i.DAC_OutputValue), (48 bytes).
    Removing lks32mc03x_dma.o(.rev16_text), (4 bytes).
    Removing lks32mc03x_dma.o(.revsh_text), (4 bytes).
    Removing lks32mc03x_dma.o(i.DMA_CHx_EN), (24 bytes).
    Removing lks32mc03x_dma.o(i.DMA_ClearIRQFlag), (12 bytes).
    Removing lks32mc03x_dma.o(i.DMA_GetIRQFlag), (28 bytes).
    Removing lks32mc03x_dma.o(i.DMA_Init), (120 bytes).
    Removing lks32mc03x_dma.o(i.DMA_StructInit), (10 bytes).
    Removing lks32mc03x_flash.o(.rev16_text), (4 bytes).
    Removing lks32mc03x_flash.o(.revsh_text), (4 bytes).
    Removing lks32mc03x_flash.o(i.EraseSector), (140 bytes).
    Removing lks32mc03x_flash.o(i.NVR_UserRoomRead), (52 bytes).
    Removing lks32mc03x_flash.o(i.Nvr_UserRoomErase), (40 bytes).
    Removing lks32mc03x_flash.o(i.Nvr_UserRoomWrite), (60 bytes).
    Removing lks32mc03x_flash.o(i.ProgramPage), (248 bytes).
    Removing lks32mc03x_flash.o(i.Read_Flash), (64 bytes).
    Removing lks32mc03x_flash.o(.data), (8 bytes).
    Removing lks32mc03x_gpio.o(.rev16_text), (4 bytes).
    Removing lks32mc03x_gpio.o(.revsh_text), (4 bytes).
    Removing lks32mc03x_gpio.o(i.EXTI_Trigger_Config), (296 bytes).
    Removing lks32mc03x_gpio.o(i.GPIO_ReadInputData), (4 bytes).
    Removing lks32mc03x_gpio.o(i.GPIO_ReadInputDataBit), (14 bytes).
    Removing lks32mc03x_gpio.o(i.GPIO_ReadOutputData), (4 bytes).
    Removing lks32mc03x_gpio.o(i.GPIO_ReadOutputDataBit), (14 bytes).
    Removing lks32mc03x_gpio.o(i.GPIO_Write), (4 bytes).
    Removing lks32mc03x_gpio.o(i.GPIO_WriteBit), (12 bytes).
    Removing lks32mc03x_hall.o(.rev16_text), (4 bytes).
    Removing lks32mc03x_hall.o(.revsh_text), (4 bytes).
    Removing lks32mc03x_hall.o(i.HALL_Clear_IRQ), (20 bytes).
    Removing lks32mc03x_hall.o(i.HALL_GetCaptureValue), (16 bytes).
    Removing lks32mc03x_hall.o(i.HALL_GetCount), (12 bytes).
    Removing lks32mc03x_hall.o(i.HALL_GetFilterValue), (16 bytes).
    Removing lks32mc03x_hall.o(i.HALL_Init), (80 bytes).
    Removing lks32mc03x_hall.o(i.HALL_IsCaptureEvent), (16 bytes).
    Removing lks32mc03x_hall.o(i.HALL_IsOverFlowEvent), (16 bytes).
    Removing lks32mc03x_hall.o(i.HALL_StructInit), (36 bytes).
    Removing lks32mc03x_i2c.o(.rev16_text), (4 bytes).
    Removing lks32mc03x_i2c.o(.revsh_text), (4 bytes).
    Removing lks32mc03x_i2c.o(i.Clear_I2c_Bus_State), (16 bytes).
    Removing lks32mc03x_i2c.o(i.I2C_Init), (144 bytes).
    Removing lks32mc03x_i2c.o(i.I2C_ReadData), (6 bytes).
    Removing lks32mc03x_i2c.o(i.I2C_SendData), (4 bytes).
    Removing lks32mc03x_i2c.o(i.I2C_StructInit), (32 bytes).
    Removing lks32mc03x_i2c.o(i.Read_I2c_Bus_State), (20 bytes).
    Removing lks32mc03x_i2c.o(i.i2c_dma_delay_over), (48 bytes).
    Removing lks32mc03x_i2c.o(i.i2c_dma_init), (64 bytes).
    Removing lks32mc03x_i2c.o(i.i2c_dma_rx), (84 bytes).
    Removing lks32mc03x_i2c.o(i.i2c_dma_state_over), (12 bytes).
    Removing lks32mc03x_i2c.o(i.i2c_dma_tx), (88 bytes).
    Removing lks32mc03x_i2c.o(.data), (1 bytes).
    Removing lks32mc03x_iwdg.o(.rev16_text), (4 bytes).
    Removing lks32mc03x_iwdg.o(.revsh_text), (4 bytes).
    Removing lks32mc03x_iwdg.o(i.IWDG_DISABLE), (12 bytes).
    Removing lks32mc03x_iwdg.o(i.IWDG_StrutInit), (18 bytes).
    Removing lks32mc03x_mcpwm.o(.rev16_text), (4 bytes).
    Removing lks32mc03x_mcpwm.o(.revsh_text), (4 bytes).
    Removing lks32mc03x_mcpwm.o(i.PWMOutputs), (44 bytes).
    Removing lks32mc03x_mcpwm.o(i.PWMOutputs_CH3), (44 bytes).
    Removing lks32mc03x_mcpwm.o(i.PWM_CH3_Outputs), (44 bytes).
    Removing lks32mc03x_spi.o(.rev16_text), (4 bytes).
    Removing lks32mc03x_spi.o(.revsh_text), (4 bytes).
    Removing lks32mc03x_spi.o(i.SPI_GetIRQFlag), (6 bytes).
    Removing lks32mc03x_spi.o(i.SPI_Init), (86 bytes).
    Removing lks32mc03x_spi.o(i.SPI_ReadData), (6 bytes).
    Removing lks32mc03x_spi.o(i.SPI_SendData), (4 bytes).
    Removing lks32mc03x_spi.o(i.SPI_StructInit), (30 bytes).
    Removing lks32mc03x_sys.o(.rev16_text), (4 bytes).
    Removing lks32mc03x_sys.o(.revsh_text), (4 bytes).
    Removing lks32mc03x_sys.o(i.SYS_ClearRst), (16 bytes).
    Removing lks32mc03x_sys.o(i.SYS_GetRstSource), (12 bytes).
    Removing lks32mc03x_sys.o(i.SYS_Init), (60 bytes).
    Removing lks32mc03x_sys.o(i.SYS_SoftResetModule), (24 bytes).
    Removing lks32mc03x_sys.o(i.SYS_StructInit), (18 bytes).
    Removing lks32mc03x_timer.o(.rev16_text), (4 bytes).
    Removing lks32mc03x_timer.o(.revsh_text), (4 bytes).
    Removing lks32mc03x_timer.o(i.TIM_TimerInit), (172 bytes).
    Removing lks32mc03x_timer.o(i.TIM_TimerStrutInit), (52 bytes).
    Removing lks32mc03x_tmp.o(.rev16_text), (4 bytes).
    Removing lks32mc03x_tmp.o(.revsh_text), (4 bytes).
    Removing lks32mc03x_tmp.o(i.GetCurrentTemperature), (48 bytes).
    Removing lks32mc03x_uart.o(.rev16_text), (4 bytes).
    Removing lks32mc03x_uart.o(.revsh_text), (4 bytes).
    Removing lks32mc03x_uart.o(i.UART_ClearIRQFlag), (4 bytes).
    Removing lks32mc03x_uart.o(i.UART_GetIRQFlag), (4 bytes).
    Removing lks32mc03x_uart.o(i.UART_SendAddr_485), (40 bytes).
    Removing lks32mc03x_uart.o(i.UART_SendData_485), (32 bytes).
    Removing lks32mc03x_uart.o(i.UART_SendnData), (36 bytes).
    Removing lks32mc03x_uart.o(i.UART_SendnData_1ms), (52 bytes).
    Removing lks32mc03x_uart.o(.bss), (40 bytes).
    Removing lks32mc03x_uart.o(.data), (2 bytes).
    Removing startup_lks32mc03x.o(HEAP), (512 bytes).

167 unused section(s) (total 4185 bytes) removed from the image.

==============================================================================

Image Symbol Table

    Local Symbols

    Symbol Name                              Value     Ov Type        Size  Object(Section)

    RESET                                    0x00000000   Section      192  startup_lks32mc03x.o(RESET)
    ../clib/microlib/division.c              0x00000000   Number         0  uidiv.o ABSOLUTE
    ../clib/microlib/division.c              0x00000000   Number         0  ldiv.o ABSOLUTE
    ../clib/microlib/division.c              0x00000000   Number         0  uldiv.o ABSOLUTE
    ../clib/microlib/division.c              0x00000000   Number         0  idiv.o ABSOLUTE
    ../clib/microlib/init/entry.s            0x00000000   Number         0  entry2.o ABSOLUTE
    ../clib/microlib/init/entry.s            0x00000000   Number         0  entry7a.o ABSOLUTE
    ../clib/microlib/init/entry.s            0x00000000   Number         0  entry9b.o ABSOLUTE
    ../clib/microlib/init/entry.s            0x00000000   Number         0  entry.o ABSOLUTE
    ../clib/microlib/init/entry.s            0x00000000   Number         0  entry12b.o ABSOLUTE
    ../clib/microlib/init/entry.s            0x00000000   Number         0  entry12a.o ABSOLUTE
    ../clib/microlib/init/entry.s            0x00000000   Number         0  entry11b.o ABSOLUTE
    ../clib/microlib/init/entry.s            0x00000000   Number         0  entry11a.o ABSOLUTE
    ../clib/microlib/init/entry.s            0x00000000   Number         0  entry10b.o ABSOLUTE
    ../clib/microlib/init/entry.s            0x00000000   Number         0  entry10a.o ABSOLUTE
    ../clib/microlib/init/entry.s            0x00000000   Number         0  entry9a.o ABSOLUTE
    ../clib/microlib/init/entry.s            0x00000000   Number         0  entry8b.o ABSOLUTE
    ../clib/microlib/init/entry.s            0x00000000   Number         0  entry8a.o ABSOLUTE
    ../clib/microlib/init/entry.s            0x00000000   Number         0  entry7b.o ABSOLUTE
    ../clib/microlib/init/entry.s            0x00000000   Number         0  entry5.o ABSOLUTE
    ../clib/microlib/longlong.c              0x00000000   Number         0  llushr.o ABSOLUTE
    ../clib/microlib/longlong.c              0x00000000   Number         0  llmul.o ABSOLUTE
    ../clib/microlib/longlong.c              0x00000000   Number         0  llshl.o ABSOLUTE
    ../clib/microlib/string/memset.c         0x00000000   Number         0  memseta.o ABSOLUTE
    dc.s                                     0x00000000   Number         0  dc.o ABSOLUTE
    handlers.s                               0x00000000   Number         0  handlers.o ABSOLUTE
    init.s                                   0x00000000   Number         0  init.o ABSOLUTE
    lks32mc03x_NVR.c                         0x00000000   Number         0  lks32mc03x_nvr.o ABSOLUTE
    src\\bsp\\hardware_init.c                0x00000000   Number         0  hardware_init.o ABSOLUTE
    src\\mcs\\mcs_control.c                  0x00000000   Number         0  mcs_control.o ABSOLUTE
    src\\mcs\\mcs_error_handling.c           0x00000000   Number         0  mcs_error_handling.o ABSOLUTE
    src\\mcs\\mcs_foc_hw.c                   0x00000000   Number         0  mcs_foc_hw.o ABSOLUTE
    src\\mcs\\mcs_hall.c                     0x00000000   Number         0  mcs_hall.o ABSOLUTE
    src\\mcs\\mcs_init.c                     0x00000000   Number         0  mcs_init.o ABSOLUTE
    src\\mcs\\mcs_math.c                     0x00000000   Number         0  mcs_math.o ABSOLUTE
    src\\mcs\\mcs_motor.c                    0x00000000   Number         0  mcs_motor.o ABSOLUTE
    src\\mcs\\mcs_pwm_foc.c                  0x00000000   Number         0  mcs_pwm_foc.o ABSOLUTE
    src\\mcs\\mcs_task.c                     0x00000000   Number         0  mcs_task.o ABSOLUTE
    src\\mcs\\sensorless_ctrl.c              0x00000000   Number         0  sensorless_ctrl.o ABSOLUTE
    src\\user\\app_control.c                 0x00000000   Number         0  app_control.o ABSOLUTE
    src\\user\\app_height.c                  0x00000000   Number         0  app_height.o ABSOLUTE
    src\\user\\app_uart_comm.c               0x00000000   Number         0  app_uart_comm.o ABSOLUTE
    src\\user\\interrupt.c                   0x00000000   Number         0  interrupt.o ABSOLUTE
    src\\user\\main.c                        0x00000000   Number         0  main.o ABSOLUTE
    src\\user\\manage.c                      0x00000000   Number         0  manage.o ABSOLUTE
    src\\user\\user_app.c                    0x00000000   Number         0  user_app.o ABSOLUTE
    src\bsp\hardware_init.c                  0x00000000   Number         0  hardware_init.o ABSOLUTE
    src\mcs\mcs_control.c                    0x00000000   Number         0  mcs_control.o ABSOLUTE
    src\mcs\mcs_error_handling.c             0x00000000   Number         0  mcs_error_handling.o ABSOLUTE
    src\mcs\mcs_foc_hw.c                     0x00000000   Number         0  mcs_foc_hw.o ABSOLUTE
    src\mcs\mcs_hall.c                       0x00000000   Number         0  mcs_hall.o ABSOLUTE
    src\mcs\mcs_init.c                       0x00000000   Number         0  mcs_init.o ABSOLUTE
    src\mcs\mcs_math.c                       0x00000000   Number         0  mcs_math.o ABSOLUTE
    src\mcs\mcs_motor.c                      0x00000000   Number         0  mcs_motor.o ABSOLUTE
    src\mcs\mcs_pwm_foc.c                    0x00000000   Number         0  mcs_pwm_foc.o ABSOLUTE
    src\mcs\mcs_task.c                       0x00000000   Number         0  mcs_task.o ABSOLUTE
    src\mcs\sensorless_ctrl.c                0x00000000   Number         0  sensorless_ctrl.o ABSOLUTE
    src\user\app_control.c                   0x00000000   Number         0  app_control.o ABSOLUTE
    src\user\app_height.c                    0x00000000   Number         0  app_height.o ABSOLUTE
    src\user\app_uart_comm.c                 0x00000000   Number         0  app_uart_comm.o ABSOLUTE
    src\user\interrupt.c                     0x00000000   Number         0  interrupt.o ABSOLUTE
    src\user\main.c                          0x00000000   Number         0  main.o ABSOLUTE
    src\user\manage.c                        0x00000000   Number         0  manage.o ABSOLUTE
    src\user\user_app.c                      0x00000000   Number         0  user_app.o ABSOLUTE
    vendor\LKS32MC03x_Periph_Driver\Source\lks32MC03x_Flash.c 0x00000000   Number         0  lks32mc03x_flash.o ABSOLUTE
    vendor\LKS32MC03x_Periph_Driver\Source\lks32mc03x_DMA.c 0x00000000   Number         0  lks32mc03x_dma.o ABSOLUTE
    vendor\LKS32MC03x_Periph_Driver\Source\lks32mc03x_IWDG.c 0x00000000   Number         0  lks32mc03x_iwdg.o ABSOLUTE
    vendor\LKS32MC03x_Periph_Driver\Source\lks32mc03x_MCPWM.c 0x00000000   Number         0  lks32mc03x_mcpwm.o ABSOLUTE
    vendor\LKS32MC03x_Periph_Driver\Source\lks32mc03x_adc.c 0x00000000   Number         0  lks32mc03x_adc.o ABSOLUTE
    vendor\LKS32MC03x_Periph_Driver\Source\lks32mc03x_cmp.c 0x00000000   Number         0  lks32mc03x_cmp.o ABSOLUTE
    vendor\LKS32MC03x_Periph_Driver\Source\lks32mc03x_dac.c 0x00000000   Number         0  lks32mc03x_dac.o ABSOLUTE
    vendor\LKS32MC03x_Periph_Driver\Source\lks32mc03x_gpio.c 0x00000000   Number         0  lks32mc03x_gpio.o ABSOLUTE
    vendor\LKS32MC03x_Periph_Driver\Source\lks32mc03x_hall.c 0x00000000   Number         0  lks32mc03x_hall.o ABSOLUTE
    vendor\LKS32MC03x_Periph_Driver\Source\lks32mc03x_i2c.c 0x00000000   Number         0  lks32mc03x_i2c.o ABSOLUTE
    vendor\LKS32MC03x_Periph_Driver\Source\lks32mc03x_spi.c 0x00000000   Number         0  lks32mc03x_spi.o ABSOLUTE
    vendor\LKS32MC03x_Periph_Driver\Source\lks32mc03x_sys.c 0x00000000   Number         0  lks32mc03x_sys.o ABSOLUTE
    vendor\LKS32MC03x_Periph_Driver\Source\lks32mc03x_timer.c 0x00000000   Number         0  lks32mc03x_timer.o ABSOLUTE
    vendor\LKS32MC03x_Periph_Driver\Source\lks32mc03x_tmp.c 0x00000000   Number         0  lks32mc03x_tmp.o ABSOLUTE
    vendor\LKS32MC03x_Periph_Driver\Source\lks32mc03x_uart.c 0x00000000   Number         0  lks32mc03x_uart.o ABSOLUTE
    vendor\LKS32MC03x_Periph_Driver\Source\startup_lks32mc03x.s 0x00000000   Number         0  startup_lks32mc03x.o ABSOLUTE
    vendor\\LKS32MC03x_Periph_Driver\\Source\\lks32MC03x_Flash.c 0x00000000   Number         0  lks32mc03x_flash.o ABSOLUTE
    vendor\\LKS32MC03x_Periph_Driver\\Source\\lks32mc03x_DMA.c 0x00000000   Number         0  lks32mc03x_dma.o ABSOLUTE
    vendor\\LKS32MC03x_Periph_Driver\\Source\\lks32mc03x_IWDG.c 0x00000000   Number         0  lks32mc03x_iwdg.o ABSOLUTE
    vendor\\LKS32MC03x_Periph_Driver\\Source\\lks32mc03x_MCPWM.c 0x00000000   Number         0  lks32mc03x_mcpwm.o ABSOLUTE
    vendor\\LKS32MC03x_Periph_Driver\\Source\\lks32mc03x_adc.c 0x00000000   Number         0  lks32mc03x_adc.o ABSOLUTE
    vendor\\LKS32MC03x_Periph_Driver\\Source\\lks32mc03x_cmp.c 0x00000000   Number         0  lks32mc03x_cmp.o ABSOLUTE
    vendor\\LKS32MC03x_Periph_Driver\\Source\\lks32mc03x_dac.c 0x00000000   Number         0  lks32mc03x_dac.o ABSOLUTE
    vendor\\LKS32MC03x_Periph_Driver\\Source\\lks32mc03x_gpio.c 0x00000000   Number         0  lks32mc03x_gpio.o ABSOLUTE
    vendor\\LKS32MC03x_Periph_Driver\\Source\\lks32mc03x_hall.c 0x00000000   Number         0  lks32mc03x_hall.o ABSOLUTE
    vendor\\LKS32MC03x_Periph_Driver\\Source\\lks32mc03x_i2c.c 0x00000000   Number         0  lks32mc03x_i2c.o ABSOLUTE
    vendor\\LKS32MC03x_Periph_Driver\\Source\\lks32mc03x_spi.c 0x00000000   Number         0  lks32mc03x_spi.o ABSOLUTE
    vendor\\LKS32MC03x_Periph_Driver\\Source\\lks32mc03x_sys.c 0x00000000   Number         0  lks32mc03x_sys.o ABSOLUTE
    vendor\\LKS32MC03x_Periph_Driver\\Source\\lks32mc03x_timer.c 0x00000000   Number         0  lks32mc03x_timer.o ABSOLUTE
    vendor\\LKS32MC03x_Periph_Driver\\Source\\lks32mc03x_tmp.c 0x00000000   Number         0  lks32mc03x_tmp.o ABSOLUTE
    vendor\\LKS32MC03x_Periph_Driver\\Source\\lks32mc03x_uart.c 0x00000000   Number         0  lks32mc03x_uart.o ABSOLUTE
    .ARM.Collect$$$$00000000                 0x000000c0   Section        0  entry.o(.ARM.Collect$$$$00000000)
    .ARM.Collect$$$$00000001                 0x000000c0   Section        4  entry2.o(.ARM.Collect$$$$00000001)
    .ARM.Collect$$$$00000004                 0x000000c4   Section        4  entry5.o(.ARM.Collect$$$$00000004)
    .ARM.Collect$$$$00000008                 0x000000c8   Section        0  entry7b.o(.ARM.Collect$$$$00000008)
    .ARM.Collect$$$$0000000A                 0x000000c8   Section        0  entry8b.o(.ARM.Collect$$$$0000000A)
    .ARM.Collect$$$$0000000B                 0x000000c8   Section        8  entry9a.o(.ARM.Collect$$$$0000000B)
    .ARM.Collect$$$$0000000E                 0x000000d0   Section        4  entry12b.o(.ARM.Collect$$$$0000000E)
    .ARM.Collect$$$$0000000F                 0x000000d4   Section        0  entry10a.o(.ARM.Collect$$$$0000000F)
    .ARM.Collect$$$$00000011                 0x000000d4   Section        0  entry11a.o(.ARM.Collect$$$$00000011)
    .ARM.Collect$$$$00002712                 0x000000d4   Section        4  entry2.o(.ARM.Collect$$$$00002712)
    __lit__00000000                          0x000000d4   Data           4  entry2.o(.ARM.Collect$$$$00002712)
    .text                                    0x000000d8   Section       40  startup_lks32mc03x.o(.text)
    .text                                    0x00000100   Section        0  uidiv.o(.text)
    .text                                    0x0000012c   Section        0  idiv.o(.text)
    .text                                    0x00000154   Section        0  ldiv.o(.text)
    .text                                    0x000001a0   Section        0  llmul.o(.text)
    .text                                    0x0000021a   Section        0  memseta.o(.text)
    .text                                    0x0000023e   Section        0  uldiv.o(.text)
    .text                                    0x0000029e   Section        0  llshl.o(.text)
    .text                                    0x000002c0   Section       36  init.o(.text)
    .text                                    0x000002e4   Section        0  llushr.o(.text)
    i.ADC_IRQHandler                         0x00000308   Section        0  interrupt.o(i.ADC_IRQHandler)
    i.AdcEocHandler                          0x00000390   Section        0  mcs_foc_hw.o(i.AdcEocHandler)
    i.AdcSampleCal                           0x00000408   Section        0  mcs_foc_hw.o(i.AdcSampleCal)
    i.CMP_IRQHandler                         0x000005ec   Section        0  interrupt.o(i.CMP_IRQHandler)
    i.CMP_Init                               0x0000062c   Section        0  lks32mc03x_cmp.o(i.CMP_Init)
    i.CMP_StructInit                         0x00000700   Section        0  lks32mc03x_cmp.o(i.CMP_StructInit)
    i.Clock_Init                             0x00000740   Section        0  hardware_init.o(i.Clock_Init)
    i.ConfigAdcModeMotor0                    0x00000790   Section        0  mcs_init.o(i.ConfigAdcModeMotor0)
    i.CurrentOffsetCalibration               0x000007a4   Section        0  mcs_init.o(i.CurrentOffsetCalibration)
    i.DAC_Init                               0x00000860   Section        0  lks32mc03x_dac.o(i.DAC_Init)
    i.DAC_OutputVoltage                      0x000008e4   Section        0  lks32mc03x_dac.o(i.DAC_OutputVoltage)
    i.DAC_StructInit                         0x0000093c   Section        0  lks32mc03x_dac.o(i.DAC_StructInit)
    i.FOC_SVM_Q15                            0x00000948   Section        0  mcs_math.o(i.FOC_SVM_Q15)
    i.FeedDogcmd                             0x00000ab0   Section        0  interrupt.o(i.FeedDogcmd)
    i.FocHw_AbsS32ToU16                      0x00000ad4   Section        0  mcs_foc_hw.o(i.FocHw_AbsS32ToU16)
    FocHw_AbsS32ToU16                        0x00000ad5   Thumb Code    18  mcs_foc_hw.o(i.FocHw_AbsS32ToU16)
    i.FocHw_AdcToCurrentMa                   0x00000aec   Section        0  mcs_foc_hw.o(i.FocHw_AdcToCurrentMa)
    FocHw_AdcToCurrentMa                     0x00000aed   Thumb Code    20  mcs_foc_hw.o(i.FocHw_AdcToCurrentMa)
    i.FocHw_ModToVoltageMv                   0x00000b04   Section        0  mcs_foc_hw.o(i.FocHw_ModToVoltageMv)
    FocHw_ModToVoltageMv                     0x00000b05   Thumb Code    40  mcs_foc_hw.o(i.FocHw_ModToVoltageMv)
    i.FocHw_SatS16                           0x00000b30   Section        0  mcs_foc_hw.o(i.FocHw_SatS16)
    FocHw_SatS16                             0x00000b31   Thumb Code    20  mcs_foc_hw.o(i.FocHw_SatS16)
    i.Foc_InitMotorStruct                    0x00000b48   Section        0  mcs_pwm_foc.o(i.Foc_InitMotorStruct)
    Foc_InitMotorStruct                      0x00000b49   Thumb Code    30  mcs_pwm_foc.o(i.Foc_InitMotorStruct)
    i.Foc_LimitS32                           0x00000b70   Section        0  mcs_pwm_foc.o(i.Foc_LimitS32)
    Foc_LimitS32                             0x00000b71   Thumb Code    16  mcs_pwm_foc.o(i.Foc_LimitS32)
    i.Foc_MulQ15                             0x00000b80   Section        0  mcs_pwm_foc.o(i.Foc_MulQ15)
    Foc_MulQ15                               0x00000b81   Thumb Code    20  mcs_pwm_foc.o(i.Foc_MulQ15)
    i.Foc_SatS16                             0x00000b94   Section        0  mcs_pwm_foc.o(i.Foc_SatS16)
    Foc_SatS16                               0x00000b95   Thumb Code    20  mcs_pwm_foc.o(i.Foc_SatS16)
    i.Foc_SatS32FromS64                      0x00000bac   Section        0  mcs_pwm_foc.o(i.Foc_SatS32FromS64)
    Foc_SatS32FromS64                        0x00000bad   Thumb Code    30  mcs_pwm_foc.o(i.Foc_SatS32FromS64)
    i.Foc_WriteSvmPwm                        0x00000bd0   Section        0  mcs_pwm_foc.o(i.Foc_WriteSvmPwm)
    Foc_WriteSvmPwm                          0x00000bd1   Thumb Code    44  mcs_pwm_foc.o(i.Foc_WriteSvmPwm)
    i.GPIO_Init                              0x00000c04   Section        0  lks32mc03x_gpio.o(i.GPIO_Init)
    i.GPIO_PinAFConfig                       0x00000c78   Section        0  lks32mc03x_gpio.o(i.GPIO_PinAFConfig)
    i.GPIO_ResetBits                         0x00000d4c   Section        0  lks32mc03x_gpio.o(i.GPIO_ResetBits)
    i.GPIO_SetBits                           0x00000d50   Section        0  lks32mc03x_gpio.o(i.GPIO_SetBits)
    i.GPIO_StructInit                        0x00000d54   Section        0  lks32mc03x_gpio.o(i.GPIO_StructInit)
    i.GetRchTrimVal                          0x00000d60   Section        0  lks32mc03x_flash.o(i.GetRchTrimVal)
    i.HardFault_Handler                      0x00000d9c   Section        0  interrupt.o(i.HardFault_Handler)
    i.Hardware_init                          0x00000dc8   Section        0  hardware_init.o(i.Hardware_init)
    i.IWDG_Feed                              0x00000e34   Section        0  lks32mc03x_iwdg.o(i.IWDG_Feed)
    i.IWDG_Init                              0x00000e4c   Section        0  lks32mc03x_iwdg.o(i.IWDG_Init)
    i.InitAdcMotor0                          0x00000e88   Section        0  hardware_init.o(i.InitAdcMotor0)
    i.InitBroadGPIO                          0x00000ec8   Section        0  hardware_init.o(i.InitBroadGPIO)
    i.InitCmpMotor0                          0x00000fb4   Section        0  hardware_init.o(i.InitCmpMotor0)
    i.InitDacMotor0                          0x00001000   Section        0  hardware_init.o(i.InitDacMotor0)
    i.InitEpwmMotor0                         0x00001020   Section        0  hardware_init.o(i.InitEpwmMotor0)
    i.InitPgaMotor0                          0x000010cc   Section        0  hardware_init.o(i.InitPgaMotor0)
    i.InitWatchDog                           0x000010fc   Section        0  hardware_init.o(i.InitWatchDog)
    i.MCPWM0_IRQHandler                      0x00001118   Section        0  interrupt.o(i.MCPWM0_IRQHandler)
    i.MCPWM_Init                             0x00001134   Section        0  lks32mc03x_mcpwm.o(i.MCPWM_Init)
    i.MCPWM_StructInit                       0x00001358   Section        0  lks32mc03x_mcpwm.o(i.MCPWM_StructInit)
    i.Motor_CurrentLoopRun                   0x00001364   Section        0  mcs_pwm_foc.o(i.Motor_CurrentLoopRun)
    i.Motor_FocInit                          0x00001374   Section        0  mcs_pwm_foc.o(i.Motor_FocInit)
    i.Motor_GetSinCosQ15                     0x00001384   Section        0  mcs_motor.o(i.Motor_GetSinCosQ15)
    i.NVIC_SetPriority                       0x000013d8   Section        0  hardware_init.o(i.NVIC_SetPriority)
    NVIC_SetPriority                         0x000013d9   Thumb Code    60  hardware_init.o(i.NVIC_SetPriority)
    i.PhaseCurrent_CheckFast                 0x0000141c   Section        0  mcs_foc_hw.o(i.PhaseCurrent_CheckFast)
    i.PwmAOutputs                            0x000014a0   Section        0  mcs_foc_hw.o(i.PwmAOutputs)
    i.Read_Trim                              0x000014d0   Section        0  lks32mc03x_nvr.o(i.Read_Trim)
    i.SVM_LimitInt32                         0x0000152c   Section        0  mcs_math.o(i.SVM_LimitInt32)
    SVM_LimitInt32                           0x0000152d   Thumb Code    18  mcs_math.o(i.SVM_LimitInt32)
    i.SYS_AnalogModuleClockCmd               0x00001540   Section        0  lks32mc03x_sys.o(i.SYS_AnalogModuleClockCmd)
    i.SYS_EnableWatchDog                     0x00001584   Section        0  lks32mc03x_sys.o(i.SYS_EnableWatchDog)
    i.SYS_ModuleClockCmd                     0x000015a0   Section        0  lks32mc03x_sys.o(i.SYS_ModuleClockCmd)
    i.SYS_VolSelModule                       0x000015c4   Section        0  lks32mc03x_flash.o(i.SYS_VolSelModule)
    i.StopMotorImmdly                        0x00001612   Section        0  mcs_control.o(i.StopMotorImmdly)
    i.SystemInit                             0x0000161c   Section        0  hardware_init.o(i.SystemInit)
    i.Task_vTickTimerEvent                   0x00001624   Section        0  manage.o(i.Task_vTickTimerEvent)
    i.TempSensor_Init                        0x00001634   Section        0  lks32mc03x_tmp.o(i.TempSensor_Init)
    i.UART_HardWare_Init                     0x0000166c   Section        0  hardware_init.o(i.UART_HardWare_Init)
    i.UART_IRQHandler                        0x000016ec   Section        0  interrupt.o(i.UART_IRQHandler)
    i.UART_Init                              0x0000177c   Section        0  lks32mc03x_uart.o(i.UART_Init)
    i.UART_ReadData                          0x00001820   Section        0  lks32mc03x_uart.o(i.UART_ReadData)
    i.UART_SendData                          0x00001824   Section        0  lks32mc03x_uart.o(i.UART_SendData)
    i.UART_StructInit                        0x00001828   Section        0  lks32mc03x_uart.o(i.UART_StructInit)
    i.User_app_init                          0x00001846   Section        0  manage.o(i.User_app_init)
    i.__ARM_common_ll_mulss                  0x00001848   Section        0  mcs_foc_hw.o(i.__ARM_common_ll_mulss)
    i.__ARM_common_switch8                   0x00001878   Section        0  mcs_math.o(i.__ARM_common_switch8)
    i.__scatterload_copy                     0x00001892   Section       14  handlers.o(i.__scatterload_copy)
    i.__scatterload_null                     0x000018a0   Section        2  handlers.o(i.__scatterload_null)
    i.__scatterload_zeroinit                 0x000018a2   Section       14  handlers.o(i.__scatterload_zeroinit)
    i.control_current                        0x000018b0   Section        0  mcs_pwm_foc.o(i.control_current)
    control_current                          0x000018b1   Thumb Code   882  mcs_pwm_foc.o(i.control_current)
    i.delay                                  0x00001c34   Section        0  hardware_init.o(i.delay)
    i.foc_observer_reset                     0x00001c44   Section        0  sensorless_ctrl.o(i.foc_observer_reset)
    i.foc_observer_update                    0x00001c50   Section        0  sensorless_ctrl.o(i.foc_observer_update)
    i.main                                   0x00001dd8   Section        0  main.o(i.main)
    i.mc_sys_init                            0x00001de8   Section        0  mcs_init.o(i.mc_sys_init)
    i.observer_div_1000                      0x00001e1c   Section        0  sensorless_ctrl.o(i.observer_div_1000)
    observer_div_1000                        0x00001e1d   Thumb Code    26  sensorless_ctrl.o(i.observer_div_1000)
    i.observer_sat_s32                       0x00001e38   Section        0  sensorless_ctrl.o(i.observer_sat_s32)
    observer_sat_s32                         0x00001e39   Thumb Code    30  sensorless_ctrl.o(i.observer_sat_s32)
    i.observer_truncate_abs                  0x00001e5c   Section        0  sensorless_ctrl.o(i.observer_truncate_abs)
    observer_truncate_abs                    0x00001e5d   Thumb Code    14  sensorless_ctrl.o(i.observer_truncate_abs)
    i.utils_abs_s32                          0x00001e6a   Section        0  mcs_math.o(i.utils_abs_s32)
    utils_abs_s32                            0x00001e6b   Thumb Code     8  mcs_math.o(i.utils_abs_s32)
    i.utils_max_abs                          0x00001e72   Section        0  mcs_math.o(i.utils_max_abs)
    i.utils_sqrt_u32                         0x00001e90   Section        0  mcs_math.o(i.utils_sqrt_u32)
    i.utils_truncate_number                  0x00001eba   Section        0  mcs_math.o(i.utils_truncate_number)
    i.utils_truncate_number_abs              0x00001ed0   Section        0  mcs_math.o(i.utils_truncate_number_abs)
    .constdata                               0x00001ef2   Section      512  mcs_motor.o(.constdata)
    s_sinCosTable                            0x00001ef2   Data         512  mcs_motor.o(.constdata)
    .constdata                               0x000020f2   Section       30  sensorless_ctrl.o(.constdata)
    observer_atan_table                      0x000020f2   Data          30  sensorless_ctrl.o(.constdata)
    .data                                    0x20000000   Section       18  interrupt.o(.data)
    FeedDog_cnt                              0x20000002   Data           2  interrupt.o(.data)
    .data                                    0x20000012   Section        2  manage.o(.data)
    .data                                    0x20000014   Section        1  manage.o(.data)
    .data                                    0x20000018   Section       12  mcs_init.o(.data)
    .data                                    0x20000024   Section        2  mcs_init.o(.data)
    .data                                    0x20000026   Section        2  mcs_init.o(.data)
    .data                                    0x20000028   Section       32  mcs_foc_hw.o(.data)
    .data                                    0x20000048   Section       60  mcs_pwm_foc.o(.data)
    m_motor_conf                             0x20000048   Data          60  mcs_pwm_foc.o(.data)
    .data                                    0x20000084   Section        6  lks32mc03x_dac.o(.data)
    .data                                    0x2000008a   Section        4  lks32mc03x_tmp.o(.data)
    .bss                                     0x20000090   Section       26  manage.o(.bss)
    .bss                                     0x200000ac   Section      184  mcs_pwm_foc.o(.bss)
    STACK                                    0x20000168   Section     1024  startup_lks32mc03x.o(STACK)

    Global Symbols

    Symbol Name                              Value     Ov Type        Size  Object(Section)

    BuildAttributes$$THM_ISAv3M$S$PE$A:L22$X:L11$S22$IEEE1$IW$USESV6$~STKCKD$USESV7$~SHL$OSPACE$EBA8$MICROLIB$REQ8$PRES8$EABIv2 0x00000000   Number         0  anon$$obj.o ABSOLUTE
    __ARM_use_no_argv                        0x00000000   Number         0  main.o ABSOLUTE
    __Vectors                                0x00000000   Data           4  startup_lks32mc03x.o(RESET)
    __arm_fini_                               - Undefined Weak Reference
    __cpp_initialize__aeabi_                  - Undefined Weak Reference
    __cxa_finalize                            - Undefined Weak Reference
    __decompress                              - Undefined Weak Reference
    _clock_init                               - Undefined Weak Reference
    _microlib_exit                            - Undefined Weak Reference
    __Vectors_End                            0x000000c0   Data           0  startup_lks32mc03x.o(RESET)
    __Vectors_Size                           0x000000c0   Number         0  startup_lks32mc03x.o ABSOLUTE
    __main                                   0x000000c1   Thumb Code     0  entry.o(.ARM.Collect$$$$00000000)
    _main_stk                                0x000000c1   Thumb Code     0  entry2.o(.ARM.Collect$$$$00000001)
    _main_scatterload                        0x000000c5   Thumb Code     0  entry5.o(.ARM.Collect$$$$00000004)
    __main_after_scatterload                 0x000000c9   Thumb Code     0  entry5.o(.ARM.Collect$$$$00000004)
    _main_clock                              0x000000c9   Thumb Code     0  entry7b.o(.ARM.Collect$$$$00000008)
    _main_cpp_init                           0x000000c9   Thumb Code     0  entry8b.o(.ARM.Collect$$$$0000000A)
    _main_init                               0x000000c9   Thumb Code     0  entry9a.o(.ARM.Collect$$$$0000000B)
    __rt_lib_shutdown_fini                   0x000000d1   Thumb Code     0  entry12b.o(.ARM.Collect$$$$0000000E)
    __rt_final_cpp                           0x000000d5   Thumb Code     0  entry10a.o(.ARM.Collect$$$$0000000F)
    __rt_final_exit                          0x000000d5   Thumb Code     0  entry11a.o(.ARM.Collect$$$$00000011)
    Reset_Handler                            0x000000d9   Thumb Code    14  startup_lks32mc03x.o(.text)
    NMI_Handler                              0x000000e7   Thumb Code     2  startup_lks32mc03x.o(.text)
    SVC_Handler                              0x000000eb   Thumb Code     2  startup_lks32mc03x.o(.text)
    PendSV_Handler                           0x000000ed   Thumb Code     2  startup_lks32mc03x.o(.text)
    SysTick_Handler                          0x000000ef   Thumb Code     2  startup_lks32mc03x.o(.text)
    DMA_IRQHandler                           0x000000f1   Thumb Code     0  startup_lks32mc03x.o(.text)
    GPIO_IRQHandler                          0x000000f1   Thumb Code     0  startup_lks32mc03x.o(.text)
    HALL_IRQHandler                          0x000000f1   Thumb Code     0  startup_lks32mc03x.o(.text)
    I2C_IRQHandler                           0x000000f1   Thumb Code     0  startup_lks32mc03x.o(.text)
    MCPWM1_IRQHandler                        0x000000f1   Thumb Code     0  startup_lks32mc03x.o(.text)
    SPI_IRQHandler                           0x000000f1   Thumb Code     0  startup_lks32mc03x.o(.text)
    SW_IRQHandler                            0x000000f1   Thumb Code     0  startup_lks32mc03x.o(.text)
    TIMER0_IRQHandler                        0x000000f1   Thumb Code     0  startup_lks32mc03x.o(.text)
    TIMER1_IRQHandler                        0x000000f1   Thumb Code     0  startup_lks32mc03x.o(.text)
    WAKE_IRQHandler                          0x000000f1   Thumb Code     0  startup_lks32mc03x.o(.text)
    __aeabi_uidiv                            0x00000101   Thumb Code     0  uidiv.o(.text)
    __aeabi_uidivmod                         0x00000101   Thumb Code    44  uidiv.o(.text)
    __aeabi_idiv                             0x0000012d   Thumb Code     0  idiv.o(.text)
    __aeabi_idivmod                          0x0000012d   Thumb Code    40  idiv.o(.text)
    __aeabi_ldivmod                          0x00000155   Thumb Code    76  ldiv.o(.text)
    __aeabi_lmul                             0x000001a1   Thumb Code   122  llmul.o(.text)
    _ll_mul                                  0x000001a1   Thumb Code     0  llmul.o(.text)
    __aeabi_memset                           0x0000021b   Thumb Code    14  memseta.o(.text)
    __aeabi_memset4                          0x0000021b   Thumb Code     0  memseta.o(.text)
    __aeabi_memset8                          0x0000021b   Thumb Code     0  memseta.o(.text)
    __aeabi_memclr                           0x00000229   Thumb Code     4  memseta.o(.text)
    __aeabi_memclr4                          0x00000229   Thumb Code     0  memseta.o(.text)
    __aeabi_memclr8                          0x00000229   Thumb Code     0  memseta.o(.text)
    _memset$wrapper                          0x0000022d   Thumb Code    18  memseta.o(.text)
    __aeabi_uldivmod                         0x0000023f   Thumb Code    96  uldiv.o(.text)
    __aeabi_llsl                             0x0000029f   Thumb Code    32  llshl.o(.text)
    _ll_shift_l                              0x0000029f   Thumb Code     0  llshl.o(.text)
    __scatterload                            0x000002c1   Thumb Code    28  init.o(.text)
    __scatterload_rt2                        0x000002c1   Thumb Code     0  init.o(.text)
    __aeabi_llsr                             0x000002e5   Thumb Code    34  llushr.o(.text)
    _ll_ushift_r                             0x000002e5   Thumb Code     0  llushr.o(.text)
    ADC_IRQHandler                           0x00000309   Thumb Code   116  interrupt.o(i.ADC_IRQHandler)
    AdcEocHandler                            0x00000391   Thumb Code   102  mcs_foc_hw.o(i.AdcEocHandler)
    AdcSampleCal                             0x00000409   Thumb Code   454  mcs_foc_hw.o(i.AdcSampleCal)
    CMP_IRQHandler                           0x000005ed   Thumb Code    56  interrupt.o(i.CMP_IRQHandler)
    CMP_Init                                 0x0000062d   Thumb Code   198  lks32mc03x_cmp.o(i.CMP_Init)
    CMP_StructInit                           0x00000701   Thumb Code    62  lks32mc03x_cmp.o(i.CMP_StructInit)
    Clock_Init                               0x00000741   Thumb Code    58  hardware_init.o(i.Clock_Init)
    ConfigAdcModeMotor0                      0x00000791   Thumb Code    12  mcs_init.o(i.ConfigAdcModeMotor0)
    CurrentOffsetCalibration                 0x000007a5   Thumb Code   168  mcs_init.o(i.CurrentOffsetCalibration)
    DAC_Init                                 0x00000861   Thumb Code   114  lks32mc03x_dac.o(i.DAC_Init)
    DAC_OutputVoltage                        0x000008e5   Thumb Code    84  lks32mc03x_dac.o(i.DAC_OutputVoltage)
    DAC_StructInit                           0x0000093d   Thumb Code    10  lks32mc03x_dac.o(i.DAC_StructInit)
    FOC_SVM_Q15                              0x00000949   Thumb Code   350  mcs_math.o(i.FOC_SVM_Q15)
    FeedDogcmd                               0x00000ab1   Thumb Code    30  interrupt.o(i.FeedDogcmd)
    GPIO_Init                                0x00000c05   Thumb Code   116  lks32mc03x_gpio.o(i.GPIO_Init)
    GPIO_PinAFConfig                         0x00000c79   Thumb Code   202  lks32mc03x_gpio.o(i.GPIO_PinAFConfig)
    GPIO_ResetBits                           0x00000d4d   Thumb Code     4  lks32mc03x_gpio.o(i.GPIO_ResetBits)
    GPIO_SetBits                             0x00000d51   Thumb Code     4  lks32mc03x_gpio.o(i.GPIO_SetBits)
    GPIO_StructInit                          0x00000d55   Thumb Code    12  lks32mc03x_gpio.o(i.GPIO_StructInit)
    GetRchTrimVal                            0x00000d61   Thumb Code    60  lks32mc03x_flash.o(i.GetRchTrimVal)
    HardFault_Handler                        0x00000d9d   Thumb Code    26  interrupt.o(i.HardFault_Handler)
    Hardware_init                            0x00000dc9   Thumb Code    96  hardware_init.o(i.Hardware_init)
    IWDG_Feed                                0x00000e35   Thumb Code    12  lks32mc03x_iwdg.o(i.IWDG_Feed)
    IWDG_Init                                0x00000e4d   Thumb Code    46  lks32mc03x_iwdg.o(i.IWDG_Init)
    InitAdcMotor0                            0x00000e89   Thumb Code    52  hardware_init.o(i.InitAdcMotor0)
    InitBroadGPIO                            0x00000ec9   Thumb Code   230  hardware_init.o(i.InitBroadGPIO)
    InitCmpMotor0                            0x00000fb5   Thumb Code    76  hardware_init.o(i.InitCmpMotor0)
    InitDacMotor0                            0x00001001   Thumb Code    30  hardware_init.o(i.InitDacMotor0)
    InitEpwmMotor0                           0x00001021   Thumb Code   146  hardware_init.o(i.InitEpwmMotor0)
    InitPgaMotor0                            0x000010cd   Thumb Code    38  hardware_init.o(i.InitPgaMotor0)
    InitWatchDog                             0x000010fd   Thumb Code    20  hardware_init.o(i.InitWatchDog)
    MCPWM0_IRQHandler                        0x00001119   Thumb Code    18  interrupt.o(i.MCPWM0_IRQHandler)
    MCPWM_Init                               0x00001135   Thumb Code   534  lks32mc03x_mcpwm.o(i.MCPWM_Init)
    MCPWM_StructInit                         0x00001359   Thumb Code    10  lks32mc03x_mcpwm.o(i.MCPWM_StructInit)
    Motor_CurrentLoopRun                     0x00001365   Thumb Code    12  mcs_pwm_foc.o(i.Motor_CurrentLoopRun)
    Motor_FocInit                            0x00001375   Thumb Code    10  mcs_pwm_foc.o(i.Motor_FocInit)
    Motor_GetSinCosQ15                       0x00001385   Thumb Code    80  mcs_motor.o(i.Motor_GetSinCosQ15)
    PhaseCurrent_CheckFast                   0x0000141d   Thumb Code   114  mcs_foc_hw.o(i.PhaseCurrent_CheckFast)
    PwmAOutputs                              0x000014a1   Thumb Code    30  mcs_foc_hw.o(i.PwmAOutputs)
    Read_Trim                                0x000014d1   Thumb Code    92  lks32mc03x_nvr.o(i.Read_Trim)
    SYS_AnalogModuleClockCmd                 0x00001541   Thumb Code    58  lks32mc03x_sys.o(i.SYS_AnalogModuleClockCmd)
    SYS_EnableWatchDog                       0x00001585   Thumb Code    28  lks32mc03x_sys.o(i.SYS_EnableWatchDog)
    SYS_ModuleClockCmd                       0x000015a1   Thumb Code    26  lks32mc03x_sys.o(i.SYS_ModuleClockCmd)
    SYS_VolSelModule                         0x000015c5   Thumb Code    78  lks32mc03x_flash.o(i.SYS_VolSelModule)
    StopMotorImmdly                          0x00001613   Thumb Code    10  mcs_control.o(i.StopMotorImmdly)
    SystemInit                               0x0000161d   Thumb Code     8  hardware_init.o(i.SystemInit)
    Task_vTickTimerEvent                     0x00001625   Thumb Code    10  manage.o(i.Task_vTickTimerEvent)
    TempSensor_Init                          0x00001635   Thumb Code    42  lks32mc03x_tmp.o(i.TempSensor_Init)
    UART_HardWare_Init                       0x0000166d   Thumb Code   114  hardware_init.o(i.UART_HardWare_Init)
    UART_IRQHandler                          0x000016ed   Thumb Code   130  interrupt.o(i.UART_IRQHandler)
    UART_Init                                0x0000177d   Thumb Code   152  lks32mc03x_uart.o(i.UART_Init)
    UART_ReadData                            0x00001821   Thumb Code     4  lks32mc03x_uart.o(i.UART_ReadData)
    UART_SendData                            0x00001825   Thumb Code     4  lks32mc03x_uart.o(i.UART_SendData)
    UART_StructInit                          0x00001829   Thumb Code    30  lks32mc03x_uart.o(i.UART_StructInit)
    User_app_init                            0x00001847   Thumb Code     2  manage.o(i.User_app_init)
    __ARM_common_ll_mulss                    0x00001849   Thumb Code    48  mcs_foc_hw.o(i.__ARM_common_ll_mulss)
    __ARM_common_switch8                     0x00001879   Thumb Code    26  mcs_math.o(i.__ARM_common_switch8)
    __scatterload_copy                       0x00001893   Thumb Code    14  handlers.o(i.__scatterload_copy)
    __scatterload_null                       0x000018a1   Thumb Code     2  handlers.o(i.__scatterload_null)
    __scatterload_zeroinit                   0x000018a3   Thumb Code    14  handlers.o(i.__scatterload_zeroinit)
    delay                                    0x00001c35   Thumb Code    16  hardware_init.o(i.delay)
    foc_observer_reset                       0x00001c45   Thumb Code    12  sensorless_ctrl.o(i.foc_observer_reset)
    foc_observer_update                      0x00001c51   Thumb Code   384  sensorless_ctrl.o(i.foc_observer_update)
    main                                     0x00001dd9   Thumb Code    14  main.o(i.main)
    mc_sys_init                              0x00001de9   Thumb Code    40  mcs_init.o(i.mc_sys_init)
    utils_max_abs                            0x00001e73   Thumb Code    30  mcs_math.o(i.utils_max_abs)
    utils_sqrt_u32                           0x00001e91   Thumb Code    42  mcs_math.o(i.utils_sqrt_u32)
    utils_truncate_number                    0x00001ebb   Thumb Code    22  mcs_math.o(i.utils_truncate_number)
    utils_truncate_number_abs                0x00001ed1   Thumb Code    34  mcs_math.o(i.utils_truncate_number_abs)
    Region$$Table$$Base                      0x00002110   Number         0  anon$$obj.o(Region$$Table)
    Region$$Table$$Limit                     0x00002130   Number         0  anon$$obj.o(Region$$Table)
    g_CMP_IF                                 0x20000000   Data           2  interrupt.o(.data)
    gMcpwmEifAtShort                         0x20000004   Data           2  interrupt.o(.data)
    gMcpwmFail012AtShort                     0x20000006   Data           2  interrupt.o(.data)
    gCmpDataAtShort                          0x20000008   Data           2  interrupt.o(.data)
    gShortFaultCount                         0x2000000a   Data           2  interrupt.o(.data)
    s16Timer1                                0x2000000c   Data           2  interrupt.o(.data)
    s16Timer2                                0x2000000e   Data           2  interrupt.o(.data)
    errTimer                                 0x20000010   Data           2  interrupt.o(.data)
    TickCounter                              0x20000012   Data           2  manage.o(.data)
    TickRecevice                             0x20000014   Data           1  manage.o(.data)
    hPhaseAOffset                            0x20000018   Data           2  mcs_init.o(.data)
    hPhaseBOffset                            0x2000001a   Data           2  mcs_init.o(.data)
    i32iAdcRes1Avg1                          0x2000001c   Data           4  mcs_init.o(.data)
    i32iAdcRes1Avg2                          0x20000020   Data           4  mcs_init.o(.data)
    iAdcRes1                                 0x20000024   Data           2  mcs_init.o(.data)
    iAdcRes2                                 0x20000026   Data           2  mcs_init.o(.data)
    gBUS_Vol_ADC                             0x20000028   Data           2  mcs_foc_hw.o(.data)
    gPhaseCurrentAAdc                        0x2000002a   Data           2  mcs_foc_hw.o(.data)
    gPhaseCurrentBAdc                        0x2000002c   Data           2  mcs_foc_hw.o(.data)
    gPhaseCurrentPeakAbsAdc                  0x2000002e   Data           2  mcs_foc_hw.o(.data)
    hal1                                     0x20000030   Data           2  mcs_foc_hw.o(.data)
    hal2                                     0x20000032   Data           2  mcs_foc_hw.o(.data)
    gBusVoltageMv                            0x20000034   Data           4  mcs_foc_hw.o(.data)
    gPhaseCurrentPeakAbsMa                   0x20000038   Data           4  mcs_foc_hw.o(.data)
    ADC_curr_raw                             0x2000003c   Data           6  mcs_foc_hw.o(.data)
    ADC_curr_norm_value                      0x20000042   Data           6  mcs_foc_hw.o(.data)
    Stru_DAC_CHECK                           0x20000084   Data           6  lks32mc03x_dac.o(.data)
    m_TempertureCof                          0x2000008a   Data           4  lks32mc03x_tmp.o(.data)
    UART0_Message                            0x20000090   Data          26  manage.o(.bss)
    m_motor                                  0x200000ac   Data         184  mcs_pwm_foc.o(.bss)
    __initial_sp                             0x20000568   Data           0  startup_lks32mc03x.o(STACK)



==============================================================================

Memory Map of the image

  Image Entry point : 0x000000c1

  Load Region LR_IROM1 (Base: 0x00000000, Size: 0x000021c0, Max: 0x00008000, ABSOLUTE)

    Execution Region ER_IROM1 (Exec base: 0x00000000, Load base: 0x00000000, Size: 0x00002130, Max: 0x00008000, ABSOLUTE)

    Exec Addr    Load Addr    Size         Type   Attr      Idx    E Section Name        Object

    0x00000000   0x00000000   0x000000c0   Data   RO         1710    RESET               startup_lks32mc03x.o
    0x000000c0   0x000000c0   0x00000000   Code   RO         1750  * .ARM.Collect$$$$00000000  mc_p.l(entry.o)
    0x000000c0   0x000000c0   0x00000004   Code   RO         1763    .ARM.Collect$$$$00000001  mc_p.l(entry2.o)
    0x000000c4   0x000000c4   0x00000004   Code   RO         1766    .ARM.Collect$$$$00000004  mc_p.l(entry5.o)
    0x000000c8   0x000000c8   0x00000000   Code   RO         1768    .ARM.Collect$$$$00000008  mc_p.l(entry7b.o)
    0x000000c8   0x000000c8   0x00000000   Code   RO         1770    .ARM.Collect$$$$0000000A  mc_p.l(entry8b.o)
    0x000000c8   0x000000c8   0x00000008   Code   RO         1771    .ARM.Collect$$$$0000000B  mc_p.l(entry9a.o)
    0x000000d0   0x000000d0   0x00000004   Code   RO         1778    .ARM.Collect$$$$0000000E  mc_p.l(entry12b.o)
    0x000000d4   0x000000d4   0x00000000   Code   RO         1773    .ARM.Collect$$$$0000000F  mc_p.l(entry10a.o)
    0x000000d4   0x000000d4   0x00000000   Code   RO         1775    .ARM.Collect$$$$00000011  mc_p.l(entry11a.o)
    0x000000d4   0x000000d4   0x00000004   Code   RO         1764    .ARM.Collect$$$$00002712  mc_p.l(entry2.o)
    0x000000d8   0x000000d8   0x00000028   Code   RO         1711    .text               startup_lks32mc03x.o
    0x00000100   0x00000100   0x0000002c   Code   RO         1753    .text               mc_p.l(uidiv.o)
    0x0000012c   0x0000012c   0x00000028   Code   RO         1755    .text               mc_p.l(idiv.o)
    0x00000154   0x00000154   0x0000004c   Code   RO         1757    .text               mc_p.l(ldiv.o)
    0x000001a0   0x000001a0   0x0000007a   Code   RO         1759    .text               mc_p.l(llmul.o)
    0x0000021a   0x0000021a   0x00000024   Code   RO         1761    .text               mc_p.l(memseta.o)
    0x0000023e   0x0000023e   0x00000060   Code   RO         1779    .text               mc_p.l(uldiv.o)
    0x0000029e   0x0000029e   0x00000020   Code   RO         1781    .text               mc_p.l(llshl.o)
    0x000002be   0x000002be   0x00000002   PAD
    0x000002c0   0x000002c0   0x00000024   Code   RO         1783    .text               mc_p.l(init.o)
    0x000002e4   0x000002e4   0x00000022   Code   RO         1785    .text               mc_p.l(llushr.o)
    0x00000306   0x00000306   0x00000002   PAD
    0x00000308   0x00000308   0x00000088   Code   RO          185    i.ADC_IRQHandler    interrupt.o
    0x00000390   0x00000390   0x00000078   Code   RO          429    i.AdcEocHandler     mcs_foc_hw.o
    0x00000408   0x00000408   0x000001e4   Code   RO          430    i.AdcSampleCal      mcs_foc_hw.o
    0x000005ec   0x000005ec   0x00000040   Code   RO          186    i.CMP_IRQHandler    interrupt.o
    0x0000062c   0x0000062c   0x000000d4   Code   RO          929    i.CMP_Init          lks32mc03x_cmp.o
    0x00000700   0x00000700   0x0000003e   Code   RO          930    i.CMP_StructInit    lks32mc03x_cmp.o
    0x0000073e   0x0000073e   0x00000002   PAD
    0x00000740   0x00000740   0x00000050   Code   RO          796    i.Clock_Init        hardware_init.o
    0x00000790   0x00000790   0x00000014   Code   RO          344    i.ConfigAdcModeMotor0  mcs_init.o
    0x000007a4   0x000007a4   0x000000bc   Code   RO          345    i.CurrentOffsetCalibration  mcs_init.o
    0x00000860   0x00000860   0x00000084   Code   RO          964    i.DAC_Init          lks32mc03x_dac.o
    0x000008e4   0x000008e4   0x00000058   Code   RO          966    i.DAC_OutputVoltage  lks32mc03x_dac.o
    0x0000093c   0x0000093c   0x0000000a   Code   RO          967    i.DAC_StructInit    lks32mc03x_dac.o
    0x00000946   0x00000946   0x00000002   PAD
    0x00000948   0x00000948   0x00000168   Code   RO          659    i.FOC_SVM_Q15       mcs_math.o
    0x00000ab0   0x00000ab0   0x00000024   Code   RO          187    i.FeedDogcmd        interrupt.o
    0x00000ad4   0x00000ad4   0x00000018   Code   RO          431    i.FocHw_AbsS32ToU16  mcs_foc_hw.o
    0x00000aec   0x00000aec   0x00000018   Code   RO          432    i.FocHw_AdcToCurrentMa  mcs_foc_hw.o
    0x00000b04   0x00000b04   0x0000002c   Code   RO          433    i.FocHw_ModToVoltageMv  mcs_foc_hw.o
    0x00000b30   0x00000b30   0x00000018   Code   RO          434    i.FocHw_SatS16      mcs_foc_hw.o
    0x00000b48   0x00000b48   0x00000028   Code   RO          721    i.Foc_InitMotorStruct  mcs_pwm_foc.o
    0x00000b70   0x00000b70   0x00000010   Code   RO          722    i.Foc_LimitS32      mcs_pwm_foc.o
    0x00000b80   0x00000b80   0x00000014   Code   RO          723    i.Foc_MulQ15        mcs_pwm_foc.o
    0x00000b94   0x00000b94   0x00000018   Code   RO          724    i.Foc_SatS16        mcs_pwm_foc.o
    0x00000bac   0x00000bac   0x00000024   Code   RO          725    i.Foc_SatS32FromS64  mcs_pwm_foc.o
    0x00000bd0   0x00000bd0   0x00000034   Code   RO          726    i.Foc_WriteSvmPwm   mcs_pwm_foc.o
    0x00000c04   0x00000c04   0x00000074   Code   RO         1139    i.GPIO_Init         lks32mc03x_gpio.o
    0x00000c78   0x00000c78   0x000000d4   Code   RO         1140    i.GPIO_PinAFConfig  lks32mc03x_gpio.o
    0x00000d4c   0x00000d4c   0x00000004   Code   RO         1145    i.GPIO_ResetBits    lks32mc03x_gpio.o
    0x00000d50   0x00000d50   0x00000004   Code   RO         1146    i.GPIO_SetBits      lks32mc03x_gpio.o
    0x00000d54   0x00000d54   0x0000000c   Code   RO         1147    i.GPIO_StructInit   lks32mc03x_gpio.o
    0x00000d60   0x00000d60   0x0000003c   Code   RO         1065    i.GetRchTrimVal     lks32mc03x_flash.o
    0x00000d9c   0x00000d9c   0x0000002c   Code   RO          188    i.HardFault_Handler  interrupt.o
    0x00000dc8   0x00000dc8   0x0000006c   Code   RO          797    i.Hardware_init     hardware_init.o
    0x00000e34   0x00000e34   0x00000018   Code   RO         1374    i.IWDG_Feed         lks32mc03x_iwdg.o
    0x00000e4c   0x00000e4c   0x0000003c   Code   RO         1375    i.IWDG_Init         lks32mc03x_iwdg.o
    0x00000e88   0x00000e88   0x00000040   Code   RO          798    i.InitAdcMotor0     hardware_init.o
    0x00000ec8   0x00000ec8   0x000000ec   Code   RO          799    i.InitBroadGPIO     hardware_init.o
    0x00000fb4   0x00000fb4   0x0000004c   Code   RO          800    i.InitCmpMotor0     hardware_init.o
    0x00001000   0x00001000   0x0000001e   Code   RO          801    i.InitDacMotor0     hardware_init.o
    0x0000101e   0x0000101e   0x00000002   PAD
    0x00001020   0x00001020   0x000000ac   Code   RO          802    i.InitEpwmMotor0    hardware_init.o
    0x000010cc   0x000010cc   0x00000030   Code   RO          803    i.InitPgaMotor0     hardware_init.o
    0x000010fc   0x000010fc   0x0000001c   Code   RO          804    i.InitWatchDog      hardware_init.o
    0x00001118   0x00001118   0x0000001c   Code   RO          189    i.MCPWM0_IRQHandler  interrupt.o
    0x00001134   0x00001134   0x00000224   Code   RO         1414    i.MCPWM_Init        lks32mc03x_mcpwm.o
    0x00001358   0x00001358   0x0000000a   Code   RO         1415    i.MCPWM_StructInit  lks32mc03x_mcpwm.o
    0x00001362   0x00001362   0x00000002   PAD
    0x00001364   0x00001364   0x00000010   Code   RO          727    i.Motor_CurrentLoopRun  mcs_pwm_foc.o
    0x00001374   0x00001374   0x00000010   Code   RO          728    i.Motor_FocInit     mcs_pwm_foc.o
    0x00001384   0x00001384   0x00000054   Code   RO          544    i.Motor_GetSinCosQ15  mcs_motor.o
    0x000013d8   0x000013d8   0x00000044   Code   RO          805    i.NVIC_SetPriority  hardware_init.o
    0x0000141c   0x0000141c   0x00000084   Code   RO          435    i.PhaseCurrent_CheckFast  mcs_foc_hw.o
    0x000014a0   0x000014a0   0x00000030   Code   RO          436    i.PwmAOutputs       mcs_foc_hw.o
    0x000014d0   0x000014d0   0x0000005c   Code   RO         1715    i.Read_Trim         lks32mc03x_nvr.lib(lks32mc03x_nvr.o)
    0x0000152c   0x0000152c   0x00000012   Code   RO          660    i.SVM_LimitInt32    mcs_math.o
    0x0000153e   0x0000153e   0x00000002   PAD
    0x00001540   0x00001540   0x00000044   Code   RO         1508    i.SYS_AnalogModuleClockCmd  lks32mc03x_sys.o
    0x00001584   0x00001584   0x0000001c   Code   RO         1510    i.SYS_EnableWatchDog  lks32mc03x_sys.o
    0x000015a0   0x000015a0   0x00000024   Code   RO         1513    i.SYS_ModuleClockCmd  lks32mc03x_sys.o
    0x000015c4   0x000015c4   0x0000004e   Code   RO         1071    i.SYS_VolSelModule  lks32mc03x_flash.o
    0x00001612   0x00001612   0x0000000a   Code   RO          406    i.StopMotorImmdly   mcs_control.o
    0x0000161c   0x0000161c   0x00000008   Code   RO          806    i.SystemInit        hardware_init.o
    0x00001624   0x00001624   0x00000010   Code   RO          242    i.Task_vTickTimerEvent  manage.o
    0x00001634   0x00001634   0x00000038   Code   RO         1600    i.TempSensor_Init   lks32mc03x_tmp.o
    0x0000166c   0x0000166c   0x00000080   Code   RO          807    i.UART_HardWare_Init  hardware_init.o
    0x000016ec   0x000016ec   0x00000090   Code   RO          190    i.UART_IRQHandler   interrupt.o
    0x0000177c   0x0000177c   0x000000a4   Code   RO         1633    i.UART_Init         lks32mc03x_uart.o
    0x00001820   0x00001820   0x00000004   Code   RO         1634    i.UART_ReadData     lks32mc03x_uart.o
    0x00001824   0x00001824   0x00000004   Code   RO         1636    i.UART_SendData     lks32mc03x_uart.o
    0x00001828   0x00001828   0x0000001e   Code   RO         1640    i.UART_StructInit   lks32mc03x_uart.o
    0x00001846   0x00001846   0x00000002   Code   RO          243    i.User_app_init     manage.o
    0x00001848   0x00001848   0x00000030   Code   RO          506    i.__ARM_common_ll_mulss  mcs_foc_hw.o
    0x00001878   0x00001878   0x0000001a   Code   RO          713    i.__ARM_common_switch8  mcs_math.o
    0x00001892   0x00001892   0x0000000e   Code   RO         1789    i.__scatterload_copy  mc_p.l(handlers.o)
    0x000018a0   0x000018a0   0x00000002   Code   RO         1790    i.__scatterload_null  mc_p.l(handlers.o)
    0x000018a2   0x000018a2   0x0000000e   Code   RO         1791    i.__scatterload_zeroinit  mc_p.l(handlers.o)
    0x000018b0   0x000018b0   0x00000384   Code   RO          730    i.control_current   mcs_pwm_foc.o
    0x00001c34   0x00001c34   0x00000010   Code   RO          808    i.delay             hardware_init.o
    0x00001c44   0x00001c44   0x0000000c   Code   RO          616    i.foc_observer_reset  sensorless_ctrl.o
    0x00001c50   0x00001c50   0x00000188   Code   RO          617    i.foc_observer_update  sensorless_ctrl.o
    0x00001dd8   0x00001dd8   0x0000000e   Code   RO            4    i.main              main.o
    0x00001de6   0x00001de6   0x00000002   PAD
    0x00001de8   0x00001de8   0x00000034   Code   RO          347    i.mc_sys_init       mcs_init.o
    0x00001e1c   0x00001e1c   0x0000001a   Code   RO          618    i.observer_div_1000  sensorless_ctrl.o
    0x00001e36   0x00001e36   0x00000002   PAD
    0x00001e38   0x00001e38   0x00000024   Code   RO          619    i.observer_sat_s32  sensorless_ctrl.o
    0x00001e5c   0x00001e5c   0x0000000e   Code   RO          620    i.observer_truncate_abs  sensorless_ctrl.o
    0x00001e6a   0x00001e6a   0x00000008   Code   RO          661    i.utils_abs_s32     mcs_math.o
    0x00001e72   0x00001e72   0x0000001e   Code   RO          662    i.utils_max_abs     mcs_math.o
    0x00001e90   0x00001e90   0x0000002a   Code   RO          664    i.utils_sqrt_u32    mcs_math.o
    0x00001eba   0x00001eba   0x00000016   Code   RO          665    i.utils_truncate_number  mcs_math.o
    0x00001ed0   0x00001ed0   0x00000022   Code   RO          666    i.utils_truncate_number_abs  mcs_math.o
    0x00001ef2   0x00001ef2   0x00000200   Data   RO          549    .constdata          mcs_motor.o
    0x000020f2   0x000020f2   0x0000001e   Data   RO          621    .constdata          sensorless_ctrl.o
    0x00002110   0x00002110   0x00000020   Data   RO         1787    Region$$Table       anon$$obj.o


    Execution Region RW_IRAM1 (Exec base: 0x20000000, Load base: 0x00002130, Size: 0x00000568, Max: 0x00001000, ABSOLUTE)

    Exec Addr    Load Addr    Size         Type   Attr      Idx    E Section Name        Object

    0x20000000   0x00002130   0x00000012   Data   RW          191    .data               interrupt.o
    0x20000012   0x00002142   0x00000002   Data   RW          245    .data               manage.o
    0x20000014   0x00002144   0x00000001   Data   RW          248    .data               manage.o
    0x20000015   0x00002145   0x00000003   PAD
    0x20000018   0x00002148   0x0000000c   Data   RW          348    .data               mcs_init.o
    0x20000024   0x00002154   0x00000002   Data   RW          350    .data               mcs_init.o
    0x20000026   0x00002156   0x00000002   Data   RW          351    .data               mcs_init.o
    0x20000028   0x00002158   0x00000020   Data   RW          437    .data               mcs_foc_hw.o
    0x20000048   0x00002178   0x0000003c   Data   RW          732    .data               mcs_pwm_foc.o
    0x20000084   0x000021b4   0x00000006   Data   RW          968    .data               lks32mc03x_dac.o
    0x2000008a   0x000021ba   0x00000004   Data   RW         1601    .data               lks32mc03x_tmp.o
    0x2000008e   0x000021be   0x00000002   PAD
    0x20000090        -       0x0000001a   Zero   RW          244    .bss                manage.o
    0x200000aa   0x000021be   0x00000002   PAD
    0x200000ac        -       0x000000b8   Zero   RW          731    .bss                mcs_pwm_foc.o
    0x20000164   0x000021be   0x00000004   PAD
    0x20000168        -       0x00000400   Zero   RW         1708    STACK               startup_lks32mc03x.o


==============================================================================

Image component sizes


      Code (inc. data)   RO Data    RW Data    ZI Data      Debug   Object Name

      1062        118          0          0          0      12267   hardware_init.o
       452         76          0         18          0       9441   interrupt.o
         0          0          0          0          0       2436   lks32mc03x_adc.o
       274         14          0          0          0       3056   lks32mc03x_cmp.o
       230         22          0          6          0       3189   lks32mc03x_dac.o
       138          0          0          0          0       1211   lks32mc03x_flash.o
       348         28          0          0          0       3765   lks32mc03x_gpio.o
        84         26          0          0          0       2028   lks32mc03x_iwdg.o
       558         14          0          0          0       6796   lks32mc03x_mcpwm.o
       132         20          0          0          0       1741   lks32mc03x_sys.o
        56         14          0          4          0       1136   lks32mc03x_tmp.o
       202         12          0          0          0       4256   lks32mc03x_uart.o
        14          0          0          0          0      36263   main.o
        18          6          0          3         26       1532   manage.o
        10          0          0          0          0        410   mcs_control.o
       948        102          0         32          0       7203   mcs_foc_hw.o
       260         40          0         16          0       2293   mcs_init.o
       540         18          0          0          0       5779   mcs_math.o
        84          4        512          0          0       1525   mcs_motor.o
      1120         56          0         60        184       6733   mcs_pwm_foc.o
       480         14         30          0          0       3975   sensorless_ctrl.o
        40         14        192          0       1024        644   startup_lks32mc03x.o

    ----------------------------------------------------------------------
      7064        598        766        144       1240     117679   Object Totals
         0          0         32          0          0          0   (incl. Generated)
        14          0          0          5          6          0   (incl. Padding)

    ----------------------------------------------------------------------

      Code (inc. data)   RO Data    RW Data    ZI Data      Debug   Library Member Name

        92          0          0          0          0        536   lks32mc03x_nvr.o
         0          0          0          0          0          0   entry.o
         0          0          0          0          0          0   entry10a.o
         0          0          0          0          0          0   entry11a.o
         4          0          0          0          0          0   entry12b.o
         8          4          0          0          0          0   entry2.o
         4          0          0          0          0          0   entry5.o
         0          0          0          0          0          0   entry7b.o
         0          0          0          0          0          0   entry8b.o
         8          4          0          0          0          0   entry9a.o
        30          0          0          0          0          0   handlers.o
        40          0          0          0          0         72   idiv.o
        36          8          0          0          0         68   init.o
        76          0          0          0          0         76   ldiv.o
       122          0          0          0          0         84   llmul.o
        32          0          0          0          0         68   llshl.o
        34          0          0          0          0         68   llushr.o
        36          0          0          0          0        100   memseta.o
        44          0          0          0          0         72   uidiv.o
        96          0          0          0          0         84   uldiv.o

    ----------------------------------------------------------------------
       666         16          0          0          0       1228   Library Totals
         4          0          0          0          0          0   (incl. Padding)

    ----------------------------------------------------------------------

      Code (inc. data)   RO Data    RW Data    ZI Data      Debug   Library Name

        92          0          0          0          0        536   lks32mc03x_nvr.lib
       570         16          0          0          0        692   mc_p.l

    ----------------------------------------------------------------------
       666         16          0          0          0       1228   Library Totals

    ----------------------------------------------------------------------

==============================================================================


      Code (inc. data)   RO Data    RW Data    ZI Data      Debug   

      7730        614        766        144       1240     115319   Grand Totals
      7730        614        766        144       1240     115319   ELF Image Totals
      7730        614        766        144          0          0   ROM Totals

==============================================================================

    Total RO  Size (Code + RO Data)                 8496 (   8.30kB)
    Total RW  Size (RW Data + ZI Data)              1384 (   1.35kB)
    Total ROM Size (Code + RO Data + RW Data)       8640 (   8.44kB)

==============================================================================

